profile_plan: 1/9 short-1
profile_plan: 2/9 short-8
profile_plan: 3/9 short-32
profile_plan: 4/9 medium-1
profile_plan: 5/9 medium-8
profile_plan: 6/9 medium-32
profile_plan: 7/9 long-1
profile_plan: 8/9 long-8
profile_plan: 9/9 long-32
load_cycle_0: cuda
profile_short-1: case 1/9
profile_short-1: warmup 1/1
profile_short-1: sample 1/3
profile_short-1: sample 2/3
profile_short-1: sample 3/3
profile_short-1: independent instrumented request
profile_short-8: case 2/9
profile_short-8: warmup 1/1
profile_short-8: sample 1/3
profile_short-8: sample 2/3
profile_short-8: sample 3/3
profile_short-8: independent instrumented request
profile_short-32: case 3/9
profile_short-32: warmup 1/1
profile_short-32: sample 1/3
profile_short-32: sample 2/3
profile_short-32: sample 3/3
profile_short-32: independent instrumented request
profile_medium-1: case 4/9
profile_medium-1: warmup 1/1
profile_medium-1: sample 1/3
profile_medium-1: sample 2/3
profile_medium-1: sample 3/3
profile_medium-1: independent instrumented request
profile_medium-8: case 5/9
profile_medium-8: warmup 1/1
profile_medium-8: sample 1/3
profile_medium-8: sample 2/3
profile_medium-8: sample 3/3
profile_medium-8: independent instrumented request
profile_medium-32: case 6/9
profile_medium-32: warmup 1/1
profile_medium-32: sample 1/3
profile_medium-32: sample 2/3
profile_medium-32: sample 3/3
profile_medium-32: independent instrumented request
profile_long-1: case 7/9
profile_long-1: warmup 1/1
profile_long-1: sample 1/3
profile_long-1: sample 2/3
profile_long-1: sample 3/3
profile_long-1: independent instrumented request
profile_long-8: case 8/9
profile_long-8: warmup 1/1
profile_long-8: sample 1/3
profile_long-8: sample 2/3
profile_long-8: sample 3/3
profile_long-8: independent instrumented request
profile_long-32: case 9/9
profile_long-32: warmup 1/1
profile_long-32: sample 1/3
profile_long-32: sample 2/3
profile_long-32: sample 3/3
profile_long-32: independent instrumented request
passed: D:\source\Sezika\.artifacts\s5-profile-20260926\cuda-matrix.json
