profile_plan: 1/9 short-1
profile_plan: 2/9 short-8
profile_plan: 3/9 short-32
profile_plan: 4/9 medium-1
profile_plan: 5/9 medium-8
profile_plan: 6/9 medium-32
profile_plan: 7/9 long-1
profile_plan: 8/9 long-8
profile_plan: 9/9 long-32
load_cycle_0: simd
profile_short-1: case 1/9
profile_short-1: sample 1/1
profile_short-1: independent instrumented request
profile_short-1: independent CPU split 1/1
profile_short-8: case 2/9
profile_short-8: sample 1/1
profile_short-8: independent instrumented request
profile_short-8: independent CPU split 1/8
profile_short-8: independent CPU split 2/8
profile_short-8: independent CPU split 3/8
profile_short-8: independent CPU split 4/8
profile_short-8: independent CPU split 5/8
profile_short-8: independent CPU split 6/8
profile_short-8: independent CPU split 7/8
profile_short-8: independent CPU split 8/8
profile_short-32: case 3/9
profile_short-32: sample 1/1
profile_short-32: independent instrumented request
profile_short-32: independent CPU split 1/32
profile_short-32: independent CPU split 2/32
profile_short-32: independent CPU split 3/32
profile_short-32: independent CPU split 4/32
profile_short-32: independent CPU split 5/32
profile_short-32: independent CPU split 6/32
profile_short-32: independent CPU split 7/32
profile_short-32: independent CPU split 8/32
profile_short-32: independent CPU split 9/32
profile_short-32: independent CPU split 10/32
profile_short-32: independent CPU split 11/32
profile_short-32: independent CPU split 12/32
profile_short-32: independent CPU split 13/32
profile_short-32: independent CPU split 14/32
profile_short-32: independent CPU split 15/32
profile_short-32: independent CPU split 16/32
profile_short-32: independent CPU split 17/32
profile_short-32: independent CPU split 18/32
profile_short-32: independent CPU split 19/32
profile_short-32: independent CPU split 20/32
profile_short-32: independent CPU split 21/32
profile_short-32: independent CPU split 22/32
profile_short-32: independent CPU split 23/32
profile_short-32: independent CPU split 24/32
profile_short-32: independent CPU split 25/32
profile_short-32: independent CPU split 26/32
profile_short-32: independent CPU split 27/32
profile_short-32: independent CPU split 28/32
profile_short-32: independent CPU split 29/32
profile_short-32: independent CPU split 30/32
profile_short-32: independent CPU split 31/32
profile_short-32: independent CPU split 32/32
profile_medium-1: case 4/9
profile_medium-1: sample 1/1
profile_medium-1: independent instrumented request
profile_medium-1: independent CPU split 1/1
profile_medium-8: case 5/9
profile_medium-8: sample 1/1
profile_medium-8: independent instrumented request
profile_medium-8: independent CPU split 1/8
profile_medium-8: independent CPU split 2/8
profile_medium-8: independent CPU split 3/8
profile_medium-8: independent CPU split 4/8
profile_medium-8: independent CPU split 5/8
profile_medium-8: independent CPU split 6/8
profile_medium-8: independent CPU split 7/8
profile_medium-8: independent CPU split 8/8
profile_medium-32: case 6/9
profile_medium-32: sample 1/1
profile_medium-32: independent instrumented request
profile_medium-32: independent CPU split 1/32
profile_medium-32: independent CPU split 2/32
profile_medium-32: independent CPU split 3/32
profile_medium-32: independent CPU split 4/32
profile_medium-32: independent CPU split 5/32
profile_medium-32: independent CPU split 6/32
profile_medium-32: independent CPU split 7/32
profile_medium-32: independent CPU split 8/32
profile_medium-32: independent CPU split 9/32
profile_medium-32: independent CPU split 10/32
profile_medium-32: independent CPU split 11/32
profile_medium-32: independent CPU split 12/32
profile_medium-32: independent CPU split 13/32
profile_medium-32: independent CPU split 14/32
profile_medium-32: independent CPU split 15/32
profile_medium-32: independent CPU split 16/32
profile_medium-32: independent CPU split 17/32
profile_medium-32: independent CPU split 18/32
profile_medium-32: independent CPU split 19/32
profile_medium-32: independent CPU split 20/32
profile_medium-32: independent CPU split 21/32
profile_medium-32: independent CPU split 22/32
profile_medium-32: independent CPU split 23/32
profile_medium-32: independent CPU split 24/32
profile_medium-32: independent CPU split 25/32
profile_medium-32: independent CPU split 26/32
profile_medium-32: independent CPU split 27/32
profile_medium-32: independent CPU split 28/32
profile_medium-32: independent CPU split 29/32
profile_medium-32: independent CPU split 30/32
profile_medium-32: independent CPU split 31/32
profile_medium-32: independent CPU split 32/32
profile_long-1: case 7/9
profile_long-1: sample 1/1
profile_long-1: independent instrumented request
profile_long-1: independent CPU split 1/1
profile_long-8: case 8/9
profile_long-8: sample 1/1
profile_long-8: independent instrumented request
profile_long-8: independent CPU split 1/8
profile_long-8: independent CPU split 2/8
profile_long-8: independent CPU split 3/8
profile_long-8: independent CPU split 4/8
profile_long-8: independent CPU split 5/8
profile_long-8: independent CPU split 6/8
profile_long-8: independent CPU split 7/8
profile_long-8: independent CPU split 8/8
profile_long-32: case 9/9
failed: D:\source\Sezika\.artifacts\s5-profile-20260926\simd-matrix.json
