Loading four bounded local JSON files; no model inference.
compare 1/46: choice-en-short
compare 2/46: choice-en-medium
compare 3/46: choice-en-long
compare 4/46: choice-zh-short
compare 5/46: choice-zh-medium
compare 6/46: choice-zh-long
compare 7/46: score-en-short
compare 8/46: score-en-medium
compare 9/46: score-en-long
compare 10/46: score-zh-short
compare 11/46: score-zh-medium
compare 12/46: score-zh-long
compare 13/46: boolean-en-short
compare 14/46: boolean-en-medium
compare 15/46: boolean-en-long
compare 16/46: boolean-zh-short
compare 17/46: boolean-zh-medium
compare 18/46: boolean-zh-long
compare 19/46: choice-order-reversed
compare 20/46: choice-label-only-and-structured
compare 21/46: state-object-unicode
compare 22/46: state-conversation-left-truncation
compare 23/46: state-string-right-truncation
compare 24/46: mask-in-state-instructions-options
compare 25/46: boolean-display-labels
compare 26/46: boolean-default-criteria
compare 27/46: sequence-255
compare 28/46: sequence-256
compare 29/46: sequence-257
compare 30/46: sequence-1023
compare 31/46: sequence-1024
compare 32/46: sequence-1025
compare 33/46: choice-one-candidate
compare 34/46: choice-two-candidates
compare 35/46: choice-32-candidates
compare 36/46: choice-33-candidates
compare 37/46: score-one-level
compare 38/46: score-two-levels
compare 39/46: score-ten-levels
compare 40/46: score-eleven-levels
compare 41/46: options-48-token-cap
compare 42/46: prefix-instruction-truncation
compare 43/46: invalid-empty-choice
compare 44/46: invalid-null-score-level
compare 45/46: invalid-boolean-criteria-key
compare 46/46: invalid-duplicate-boolean-display-label
Comparison failed: 38 answered pairs, 4 failure pairs, 16 issues; coverage=46/46; full_manifest_passed=False.
