Loading four bounded local JSON files; no model inference.
compare 1/18: choice-en-short
compare 2/18: choice-en-medium
compare 3/18: choice-en-long
compare 4/18: choice-zh-short
compare 5/18: choice-zh-medium
compare 6/18: choice-zh-long
compare 7/18: score-en-short
compare 8/18: score-en-medium
compare 9/18: score-en-long
compare 10/18: score-zh-short
compare 11/18: score-zh-medium
compare 12/18: score-zh-long
compare 13/18: boolean-en-short
compare 14/18: boolean-en-medium
compare 15/18: boolean-en-long
compare 16/18: boolean-zh-short
compare 17/18: boolean-zh-medium
compare 18/18: boolean-zh-long
Comparison passed: 18 answered pairs, 0 failure pairs, 0 issues; coverage=18/46; full_manifest_passed=False.
