Read bounded local reference inputs and frozen identities; reference numerical outputs are not deserialized.
Loading verified local model for 18 case(s), backend=scalar, length_policy=LayaCompatible.
capture 1/18: choice-en-short
capture 2/18: choice-en-medium
capture 3/18: choice-en-long
capture 4/18: choice-zh-short
capture 5/18: choice-zh-medium
capture 6/18: choice-zh-long
capture 7/18: score-en-short
capture 8/18: score-en-medium
capture 9/18: score-en-long
capture 10/18: score-zh-short
capture 11/18: score-zh-medium
capture 12/18: score-zh-long
capture 13/18: boolean-en-short
capture 14/18: boolean-en-medium
capture 15/18: boolean-en-long
capture 16/18: boolean-zh-short
capture 17/18: boolean-zh-medium
capture 18/18: boolean-zh-long
completed: 18/18 selected rows; D:\source\Sezika\.artifacts\laya-oracle-work\csharp-scalar-core-01\capture.json
