[0.0s] parse JSON properties
[15.3s] verify FP32 model parameters
Case 1/45: scale-diverse-007-001-base
Case scale-diverse-007-001-base: answered
Case 2/45: scale-diverse-007-001-counterfactual
Case scale-diverse-007-001-counterfactual: answered
Case 3/45: scale-diverse-007-004-base
Case scale-diverse-007-004-base: answered
Case 4/45: scale-diverse-007-004-counterfactual
Case scale-diverse-007-004-counterfactual: answered
Case 5/45: scale-diverse-007-005-base
Case scale-diverse-007-005-base: answered
Case 6/45: scale-diverse-007-005-counterfactual
[33.8s] decode scale-diverse-007-005-counterfactual
Case scale-diverse-007-005-counterfactual: answered
Case 7/45: scale-diverse-008-003-base
Case scale-diverse-008-003-base: answered
Case 8/45: scale-diverse-008-003-counterfactual
Case scale-diverse-008-003-counterfactual: answered
Case 9/45: scale-diverse-008-005-base
[52.0s] decode scale-diverse-008-005-base
Case scale-diverse-008-005-base: answered
Case 10/45: scale-diverse-008-005-counterfactual
Case scale-diverse-008-005-counterfactual: answered
Case 11/45: scale-diverse-009-001-base
Case scale-diverse-009-001-base: answered
Case 12/45: scale-diverse-009-001-counterfactual
Case scale-diverse-009-001-counterfactual: answered
Case 13/45: scale-diverse-009-003-base
Case scale-diverse-009-003-base: answered
Case 14/45: scale-diverse-009-003-counterfactual
[69.6s] decode scale-diverse-009-003-counterfactual
Case scale-diverse-009-003-counterfactual: answered
Case 15/45: scale-diverse-010-001-base
Case scale-diverse-010-001-base: answered
Case 16/45: scale-diverse-010-001-counterfactual
Case scale-diverse-010-001-counterfactual: answered
Case 17/45: scale-diverse-010-004-base
Case scale-diverse-010-004-base: answered
Case 18/45: scale-diverse-010-004-counterfactual
Case scale-diverse-010-004-counterfactual: answered
Case 19/45: scale-diverse-011-004-base
[85.7s] decode scale-diverse-011-004-base
Case scale-diverse-011-004-base: answered
Case 20/45: scale-diverse-011-004-counterfactual
Case scale-diverse-011-004-counterfactual: answered
Case 21/45: scale-diverse-079-001-base
Case scale-diverse-079-001-base: answered
Case 22/45: scale-diverse-079-001-counterfactual
[101.9s] decode scale-diverse-079-001-counterfactual
Case scale-diverse-079-001-counterfactual: answered
Case 23/45: scale-diverse-079-002-base
Case scale-diverse-079-002-base: answered
Case 24/45: scale-diverse-079-002-counterfactual
[118.1s] decode scale-diverse-079-002-counterfactual
Case scale-diverse-079-002-counterfactual: answered
Case 25/45: scale-diverse-079-003-base
Case scale-diverse-079-003-base: answered
Case 26/45: scale-diverse-079-003-counterfactual
Case scale-diverse-079-003-counterfactual: answered
Case 27/45: scale-diverse-080-003-base
[135.0s] decode scale-diverse-080-003-base
Case scale-diverse-080-003-base: answered
Case 28/45: scale-diverse-080-003-counterfactual
Case scale-diverse-080-003-counterfactual: answered
Case 29/45: scale-diverse-081-005-base
Case scale-diverse-081-005-base: answered
Case 30/45: scale-diverse-081-005-counterfactual
Case scale-diverse-081-005-counterfactual: answered
Case 31/45: scale-diverse-082-004-base
[152.0s] decode scale-diverse-082-004-base
Case scale-diverse-082-004-base: answered
Case 32/45: scale-diverse-082-004-counterfactual
Case scale-diverse-082-004-counterfactual: answered
Case 33/45: scale-diverse-083-004-base
Case scale-diverse-083-004-base: answered
Case 34/45: scale-diverse-083-004-counterfactual
Case scale-diverse-083-004-counterfactual: answered
Case 35/45: scale-diverse-084-002-base
[170.7s] decode scale-diverse-084-002-base
Case scale-diverse-084-002-base: answered
Case 36/45: scale-diverse-084-002-counterfactual
Case scale-diverse-084-002-counterfactual: answered
Case 37/45: scale-diverse-084-003-base
Case scale-diverse-084-003-base: answered
Case 38/45: scale-diverse-084-003-counterfactual
Case scale-diverse-084-003-counterfactual: answered
Case 39/45: scale-diverse-084-004-base
[190.4s] decode scale-diverse-084-004-base
Case scale-diverse-084-004-base: answered
Case 40/45: scale-diverse-084-004-counterfactual
Case scale-diverse-084-004-counterfactual: answered
Case 41/45: scale-diverse-097-002-base
Case scale-diverse-097-002-base: answered
Case 42/45: scale-diverse-097-002-counterfactual
Case scale-diverse-097-002-counterfactual: answered
Case 43/45: scale-diverse-097-005-base
[205.5s] decode scale-diverse-097-005-base
Case scale-diverse-097-005-base: answered
Case 44/45: scale-diverse-097-005-counterfactual
Case scale-diverse-097-005-counterfactual: answered
Case 45/45: scale-diverse-099-001-base
Case scale-diverse-099-001-base: answered
