Read bounded local reference inputs and frozen identities; reference numerical outputs are not deserialized.
Loading verified local model for 45 case(s), backend=cuda, length_policy=LayaCompatible.
capture 1/45: scale-diverse-007-001-base
capture 2/45: scale-diverse-007-001-counterfactual
capture 3/45: scale-diverse-007-004-base
capture 4/45: scale-diverse-007-004-counterfactual
capture 5/45: scale-diverse-007-005-base
capture 6/45: scale-diverse-007-005-counterfactual
capture 7/45: scale-diverse-008-003-base
capture 8/45: scale-diverse-008-003-counterfactual
capture 9/45: scale-diverse-008-005-base
capture 10/45: scale-diverse-008-005-counterfactual
capture 11/45: scale-diverse-009-001-base
capture 12/45: scale-diverse-009-001-counterfactual
capture 13/45: scale-diverse-009-003-base
capture 14/45: scale-diverse-009-003-counterfactual
capture 15/45: scale-diverse-010-001-base
capture 16/45: scale-diverse-010-001-counterfactual
capture 17/45: scale-diverse-010-004-base
capture 18/45: scale-diverse-010-004-counterfactual
capture 19/45: scale-diverse-011-004-base
capture 20/45: scale-diverse-011-004-counterfactual
capture 21/45: scale-diverse-079-001-base
capture 22/45: scale-diverse-079-001-counterfactual
capture 23/45: scale-diverse-079-002-base
capture 24/45: scale-diverse-079-002-counterfactual
capture 25/45: scale-diverse-079-003-base
capture 26/45: scale-diverse-079-003-counterfactual
capture 27/45: scale-diverse-080-003-base
capture 28/45: scale-diverse-080-003-counterfactual
capture 29/45: scale-diverse-081-005-base
capture 30/45: scale-diverse-081-005-counterfactual
capture 31/45: scale-diverse-082-004-base
capture 32/45: scale-diverse-082-004-counterfactual
capture 33/45: scale-diverse-083-004-base
capture 34/45: scale-diverse-083-004-counterfactual
capture 35/45: scale-diverse-084-002-base
capture 36/45: scale-diverse-084-002-counterfactual
capture 37/45: scale-diverse-084-003-base
capture 38/45: scale-diverse-084-003-counterfactual
capture 39/45: scale-diverse-084-004-base
capture 40/45: scale-diverse-084-004-counterfactual
capture 41/45: scale-diverse-097-002-base
capture 42/45: scale-diverse-097-002-counterfactual
capture 43/45: scale-diverse-097-005-base
capture 44/45: scale-diverse-097-005-counterfactual
capture 45/45: scale-diverse-099-001-base
completed: 45/45 selected rows; D:\source\Sezika\.artifacts\s4-quality-20260926\nimble-cuda-45\capture.json
