Loading four bounded local JSON files; no model inference.
compare 1/42: choice-en-short
compare 2/42: choice-en-medium
compare 3/42: choice-en-long
compare 4/42: choice-zh-short
compare 5/42: choice-zh-medium
compare 6/42: choice-zh-long
compare 7/42: score-en-short
compare 8/42: score-en-medium
compare 9/42: score-en-long
compare 10/42: score-zh-short
compare 11/42: score-zh-medium
compare 12/42: score-zh-long
compare 13/42: boolean-en-short
compare 14/42: boolean-en-medium
compare 15/42: boolean-en-long
compare 16/42: boolean-zh-short
compare 17/42: boolean-zh-medium
compare 18/42: boolean-zh-long
compare 19/42: choice-order-reversed
compare 20/42: choice-label-only-and-structured
compare 21/42: state-object-unicode
compare 22/42: state-conversation-left-truncation
compare 23/42: state-string-right-truncation
compare 24/42: mask-in-state-instructions-options
compare 25/42: boolean-display-labels
compare 26/42: boolean-default-criteria
compare 27/42: sequence-255
compare 28/42: sequence-256
compare 29/42: sequence-257
compare 30/42: sequence-1023
compare 31/42: sequence-1024
compare 32/42: sequence-1025
compare 33/42: choice-two-candidates
compare 34/42: choice-32-candidates
compare 35/42: score-two-levels
compare 36/42: score-ten-levels
compare 37/42: options-48-token-cap
compare 38/42: prefix-instruction-truncation
compare 39/42: invalid-empty-choice
compare 40/42: invalid-null-score-level
compare 41/42: invalid-boolean-criteria-key
compare 42/42: invalid-duplicate-boolean-display-label
Comparison passed: 38 answered pairs, 4 failure pairs, 0 issues; coverage=42/46; full_manifest_passed=False.
