Read bounded local reference inputs and frozen identities; reference numerical outputs are not deserialized.
Loading verified local model for 46 case(s), backend=cuda, length_policy=LayaCompatible.
capture 1/46: choice-en-short
capture 2/46: choice-en-medium
capture 3/46: choice-en-long
capture 4/46: choice-zh-short
capture 5/46: choice-zh-medium
capture 6/46: choice-zh-long
capture 7/46: score-en-short
capture 8/46: score-en-medium
capture 9/46: score-en-long
capture 10/46: score-zh-short
capture 11/46: score-zh-medium
capture 12/46: score-zh-long
capture 13/46: boolean-en-short
capture 14/46: boolean-en-medium
capture 15/46: boolean-en-long
capture 16/46: boolean-zh-short
capture 17/46: boolean-zh-medium
capture 18/46: boolean-zh-long
capture 19/46: choice-order-reversed
capture 20/46: choice-label-only-and-structured
capture 21/46: state-object-unicode
capture 22/46: state-conversation-left-truncation
capture 23/46: state-string-right-truncation
capture 24/46: mask-in-state-instructions-options
capture 25/46: boolean-display-labels
capture 26/46: boolean-default-criteria
capture 27/46: sequence-255
capture 28/46: sequence-256
capture 29/46: sequence-257
capture 30/46: sequence-1023
capture 31/46: sequence-1024
capture 32/46: sequence-1025
capture 33/46: choice-one-candidate
capture 34/46: choice-two-candidates
capture 35/46: choice-32-candidates
capture 36/46: choice-33-candidates
capture 37/46: score-one-level
capture 38/46: score-two-levels
capture 39/46: score-ten-levels
capture 40/46: score-eleven-levels
capture 41/46: options-48-token-cap
capture 42/46: prefix-instruction-truncation
capture 43/46: invalid-empty-choice
capture 44/46: invalid-null-score-level
capture 45/46: invalid-boolean-criteria-key
capture 46/46: invalid-duplicate-boolean-display-label
completed: 46/46 selected rows; D:\source\Sezika\.artifacts\s3-aot-20260926\win-cuda-full\capture.json
