Microsoft (R) COFF/PE Dumper Version 14.50.35729.0
Copyright (C) Microsoft Corporation.  All rights reserved.


Dump of file .artifacts\s3-aot-20260926\native-final\win-x64\Sezika.OracleCapture.exe

File Type: EXECUTABLE IMAGE

  Image has the following dependencies:

    ADVAPI32.dll
    bcrypt.dll
    KERNEL32.dll
    ole32.dll
    USER32.dll
    api-ms-win-crt-math-l1-1-0.dll
    api-ms-win-crt-heap-l1-1-0.dll
    api-ms-win-crt-string-l1-1-0.dll
    api-ms-win-crt-convert-l1-1-0.dll
    api-ms-win-crt-stdio-l1-1-0.dll
    api-ms-win-crt-runtime-l1-1-0.dll
    api-ms-win-crt-locale-l1-1-0.dll

  Summary

       53000 .data
       26000 .pdata
      18B000 .rdata
       18000 .reloc
        1000 .rsrc
      244000 .text
