    PID    PPID                  STARTED COMMAND
   1290    1289 Sat Sep 26 00:28:56 2026 /bin/bash -lc set -euo pipefail; ps -p $$ -o pid,ppid,lstart,args; file .artifacts/s3-aot-20260926/native-final/linux-x64/Sezika.OracleCapture; readelf -d .artifacts/s3-aot-20260926/native-final/linux-x64/Sezika.OracleCapture; /usr/lib/wsl/lib/nvidia-smi --query-gpu=name,driver_version --format=csv,noheader
.artifacts/s3-aot-20260926/native-final/linux-x64/Sezika.OracleCapture: ELF 64-bit LSB pie executable, x86-64, version 1 (SYSV), dynamically linked, interpreter /lib64/ld-linux-x86-64.so.2, BuildID[sha1]=55f522e083b1e7501c858ff6b6804feebf4ea414, for GNU/Linux 3.2.0, stripped

Dynamic section at offset 0x44d758 contains 31 entries:
  Tag        Type                         Name/Value
 0x0000000000000001 (NEEDED)             Shared library: [libm.so.6]
 0x0000000000000001 (NEEDED)             Shared library: [libc.so.6]
 0x0000000000000001 (NEEDED)             Shared library: [ld-linux-x86-64.so.2]
 0x000000000000000c (INIT)               0x9000
 0x000000000000000d (FINI)               0x27a57c
 0x0000000000000019 (INIT_ARRAY)         0x44dfb8
 0x000000000000001b (INIT_ARRAYSZ)       48 (bytes)
 0x000000000000001a (FINI_ARRAY)         0x44dfe8
 0x000000000000001c (FINI_ARRAYSZ)       8 (bytes)
 0x000000006ffffef5 (GNU_HASH)           0x3d8
 0x0000000000000005 (STRTAB)             0x1548
 0x0000000000000006 (SYMTAB)             0x408
 0x000000000000000a (STRSZ)              2186 (bytes)
 0x000000000000000b (SYMENT)             24 (bytes)
 0x0000000000000015 (DEBUG)              0x0
 0x0000000000000003 (PLTGOT)             0x44e988
 0x0000000000000002 (PLTRELSZ)           4200 (bytes)
 0x0000000000000014 (PLTREL)             RELA
 0x0000000000000017 (JMPREL)             0x7868
 0x0000000000000007 (RELA)               0x20c0
 0x0000000000000008 (RELASZ)             22440 (bytes)
 0x0000000000000009 (RELAENT)            24 (bytes)
 0x000000006ffffffc (VERDEF)             0x1f48
 0x000000006ffffffd (VERDEFNUM)          2
 0x000000000000001e (FLAGS)              BIND_NOW
 0x000000006ffffffb (FLAGS_1)            Flags: NOW PIE
 0x000000006ffffffe (VERNEED)            0x1f80
 0x000000006fffffff (VERNEEDNUM)         3
 0x000000006ffffff0 (VERSYM)             0x1dd2
 0x000000006ffffff9 (RELACOUNT)          929
 0x0000000000000000 (NULL)               0x0
NVIDIA GeForce RTX 4070 Laptop GPU, 596.08
