/usr/bin/curl
gcc (Ubuntu 13.3.0-6ubuntu2~24.04.1) 13.3.0
Copyright (C) 2023 Free Software Foundation, Inc.
This is free software; see the source for copying conditions.  There is NO
warranty; not even for MERCHANTABILITY or FITNESS FOR A PARTICULAR PURPOSE.

GNU ld (GNU Binutils for Ubuntu) 2.42
libc6-dev:amd64	2.39-0ubuntu8.7
libstdc++-13-dev:amd64	13.3.0-6ubuntu2~24.04.1
zlib1g-dev:amd64	1:1.3.dfsg-3.1ubuntu2.1
-r-xr-xr-x 4 root root 183752 Apr  1 09:28 /usr/lib/wsl/lib/libcuda.so.1
HTTP/1.1 200 OK
Content-Type: application/octet-stream
Content-MD5: HWonlZ4fsWneCxliY7xVwQ==
Last-Modified: Tue, 11 Aug 2026 17:02:12 GMT
ETag: 0x8DEF7CA496B56C6
x-ms-request-id: 791bec83-e01e-0027-59c3-4872a4000000
x-ms-version: 2009-09-19
x-ms-lease-status: unlocked
x-ms-blob-type: BlockBlob
Cache-Control: public, max-age=394659
Date: Fri, 25 Sep 2026 16:07:53 GMT
Connection: keep-alive
Content-Length: 240133692
Akamai-GRN: 0.13d40b17.1790352473.4274dac6

