Read bounded local reference inputs and frozen identities; reference numerical outputs are not deserialized.
Loading verified local model for 46 case(s), backend=cuda, length_policy=LayaCompatible.
capture 1/46: scale-diverse-275-002-base
capture 2/46: scale-diverse-275-002-counterfactual
capture 3/46: scale-diverse-275-003-base
capture 4/46: scale-diverse-275-003-counterfactual
capture 5/46: scale-diverse-275-004-base
capture 6/46: scale-diverse-275-004-counterfactual
capture 7/46: scale-diverse-275-005-base
capture 8/46: scale-diverse-275-005-counterfactual
capture 9/46: fast-41-diverse-007-003-base
capture 10/46: fast-41-diverse-007-003-counterfactual
capture 11/46: fast-41-diverse-007-005-base
capture 12/46: fast-41-diverse-007-005-counterfactual
capture 13/46: fast-41-diverse-007-006-base
capture 14/46: fast-41-diverse-007-006-counterfactual
capture 15/46: fast-41-diverse-007-009-base
capture 16/46: fast-41-diverse-007-009-counterfactual
capture 17/46: fast-41-diverse-007-010-base
capture 18/46: fast-41-diverse-007-010-counterfactual
capture 19/46: fast-41-diverse-008-009-base
capture 20/46: fast-41-diverse-008-009-counterfactual
capture 21/46: fast-41-diverse-008-011-base
capture 22/46: fast-41-diverse-008-011-counterfactual
capture 23/46: fast-41-diverse-009-001-base
capture 24/46: fast-41-diverse-009-001-counterfactual
capture 25/46: fast-41-diverse-009-002-base
capture 26/46: fast-41-diverse-009-002-counterfactual
capture 27/46: fast-41-diverse-009-003-base
capture 28/46: fast-41-diverse-009-003-counterfactual
capture 29/46: fast-41-diverse-009-004-base
capture 30/46: fast-41-diverse-009-004-counterfactual
capture 31/46: fast-41-diverse-009-005-base
capture 32/46: fast-41-diverse-009-005-counterfactual
capture 33/46: fast-41-diverse-009-007-base
capture 34/46: fast-41-diverse-009-007-counterfactual
capture 35/46: fast-41-diverse-009-008-base
capture 36/46: fast-41-diverse-009-008-counterfactual
capture 37/46: fast-41-diverse-010-004-base
capture 38/46: fast-41-diverse-010-004-counterfactual
capture 39/46: fast-41-diverse-079-003-base
capture 40/46: fast-41-diverse-079-003-counterfactual
capture 41/46: fast-41-diverse-079-011-base
capture 42/46: fast-41-diverse-079-011-counterfactual
capture 43/46: fast-41-diverse-079-012-base
capture 44/46: fast-41-diverse-079-012-counterfactual
capture 45/46: fast-41-diverse-079-015-base
capture 46/46: fast-41-diverse-079-015-counterfactual
completed: 46/46 selected rows; D:\source\Sezika\.artifacts\s346-20260926\nimble-final\batch-003\actual\capture.json
