Read bounded local reference inputs and frozen identities; reference numerical outputs are not deserialized.
Loading verified local model for 46 case(s), backend=cuda, length_policy=LayaCompatible.
capture 1/46: scale-diverse-007-001-base
capture 2/46: scale-diverse-007-001-counterfactual
capture 3/46: scale-diverse-007-004-base
capture 4/46: scale-diverse-007-004-counterfactual
capture 5/46: scale-diverse-007-005-base
capture 6/46: scale-diverse-007-005-counterfactual
capture 7/46: scale-diverse-008-003-base
capture 8/46: scale-diverse-008-003-counterfactual
capture 9/46: scale-diverse-008-005-base
capture 10/46: scale-diverse-008-005-counterfactual
capture 11/46: scale-diverse-009-001-base
capture 12/46: scale-diverse-009-001-counterfactual
capture 13/46: scale-diverse-009-003-base
capture 14/46: scale-diverse-009-003-counterfactual
capture 15/46: scale-diverse-010-001-base
capture 16/46: scale-diverse-010-001-counterfactual
capture 17/46: scale-diverse-010-004-base
capture 18/46: scale-diverse-010-004-counterfactual
capture 19/46: scale-diverse-011-004-base
capture 20/46: scale-diverse-011-004-counterfactual
capture 21/46: scale-diverse-079-001-base
capture 22/46: scale-diverse-079-001-counterfactual
capture 23/46: scale-diverse-079-002-base
capture 24/46: scale-diverse-079-002-counterfactual
capture 25/46: scale-diverse-079-003-base
capture 26/46: scale-diverse-079-003-counterfactual
capture 27/46: scale-diverse-080-003-base
capture 28/46: scale-diverse-080-003-counterfactual
capture 29/46: scale-diverse-081-005-base
capture 30/46: scale-diverse-081-005-counterfactual
capture 31/46: scale-diverse-082-004-base
capture 32/46: scale-diverse-082-004-counterfactual
capture 33/46: scale-diverse-083-004-base
capture 34/46: scale-diverse-083-004-counterfactual
capture 35/46: scale-diverse-084-002-base
capture 36/46: scale-diverse-084-002-counterfactual
capture 37/46: scale-diverse-084-003-base
capture 38/46: scale-diverse-084-003-counterfactual
capture 39/46: scale-diverse-084-004-base
capture 40/46: scale-diverse-084-004-counterfactual
capture 41/46: scale-diverse-097-002-base
capture 42/46: scale-diverse-097-002-counterfactual
capture 43/46: scale-diverse-097-005-base
capture 44/46: scale-diverse-097-005-counterfactual
capture 45/46: scale-diverse-099-001-base
capture 46/46: scale-diverse-099-001-counterfactual
completed: 46/46 selected rows; D:\source\Sezika\.artifacts\s346-20260926\nimble-final\batch-001\actual\capture.json
