Loading four bounded local JSON files; no model inference.
compare 1/46: scale-diverse-275-002-base
compare 2/46: scale-diverse-275-002-counterfactual
compare 3/46: scale-diverse-275-003-base
compare 4/46: scale-diverse-275-003-counterfactual
compare 5/46: scale-diverse-275-004-base
compare 6/46: scale-diverse-275-004-counterfactual
compare 7/46: scale-diverse-275-005-base
compare 8/46: scale-diverse-275-005-counterfactual
compare 9/46: fast-41-diverse-007-003-base
compare 10/46: fast-41-diverse-007-003-counterfactual
compare 11/46: fast-41-diverse-007-005-base
compare 12/46: fast-41-diverse-007-005-counterfactual
compare 13/46: fast-41-diverse-007-006-base
compare 14/46: fast-41-diverse-007-006-counterfactual
compare 15/46: fast-41-diverse-007-009-base
compare 16/46: fast-41-diverse-007-009-counterfactual
compare 17/46: fast-41-diverse-007-010-base
compare 18/46: fast-41-diverse-007-010-counterfactual
compare 19/46: fast-41-diverse-008-009-base
compare 20/46: fast-41-diverse-008-009-counterfactual
compare 21/46: fast-41-diverse-008-011-base
compare 22/46: fast-41-diverse-008-011-counterfactual
compare 23/46: fast-41-diverse-009-001-base
compare 24/46: fast-41-diverse-009-001-counterfactual
compare 25/46: fast-41-diverse-009-002-base
compare 26/46: fast-41-diverse-009-002-counterfactual
compare 27/46: fast-41-diverse-009-003-base
compare 28/46: fast-41-diverse-009-003-counterfactual
compare 29/46: fast-41-diverse-009-004-base
compare 30/46: fast-41-diverse-009-004-counterfactual
compare 31/46: fast-41-diverse-009-005-base
compare 32/46: fast-41-diverse-009-005-counterfactual
compare 33/46: fast-41-diverse-009-007-base
compare 34/46: fast-41-diverse-009-007-counterfactual
compare 35/46: fast-41-diverse-009-008-base
compare 36/46: fast-41-diverse-009-008-counterfactual
compare 37/46: fast-41-diverse-010-004-base
compare 38/46: fast-41-diverse-010-004-counterfactual
compare 39/46: fast-41-diverse-079-003-base
compare 40/46: fast-41-diverse-079-003-counterfactual
compare 41/46: fast-41-diverse-079-011-base
compare 42/46: fast-41-diverse-079-011-counterfactual
compare 43/46: fast-41-diverse-079-012-base
compare 44/46: fast-41-diverse-079-012-counterfactual
compare 45/46: fast-41-diverse-079-015-base
compare 46/46: fast-41-diverse-079-015-counterfactual
Comparison passed: 46 answered pairs, 0 failure pairs, 0 issues; coverage=46/46; full_manifest_passed=True.
