  正在确定要还原的项目…
  已还原 D:\source\Sezika\tests\Sezika.Tests\Sezika.Tests.csproj (用时 177 毫秒)。
  已还原 D:\source\Sezika\tests\Sezika.Resources.Tests\Sezika.Resources.Tests.csproj (用时 177 毫秒)。
  已还原 D:\source\Sezika\tools\Sezika.ModelTool\Sezika.ModelTool.csproj (用时 144 毫秒)。
  已还原 D:\source\Sezika\samples\Sezika.RealModel.Smoke\Sezika.RealModel.Smoke.csproj (用时 177 毫秒)。
  已还原 D:\source\Sezika\tests\Sezika.Cuda.Diagnostics.Tests\Sezika.Cuda.Diagnostics.Tests.csproj (用时 177 毫秒)。
  已还原 D:\source\Sezika\tools\Sezika.DatasetTool\Sezika.DatasetTool.csproj (用时 257 毫秒)。
  已还原 D:\source\Sezika\src\Sezika.Kernels\Sezika.Kernels.csproj (用时 257 毫秒)。
  已还原 D:\source\Sezika\tools\Sezika.OracleCompare\Sezika.OracleCompare.csproj (用时 258 毫秒)。
  已还原 D:\source\Sezika\src\Sezika\Sezika.csproj (用时 258 毫秒)。
  已还原 D:\source\Sezika\src\Sezika.Cuda\Sezika.Cuda.csproj (用时 259 毫秒)。
  已还原 D:\source\Sezika\tools\Sezika.KernelCompiler\Sezika.KernelCompiler.csproj (用时 259 毫秒)。
  已还原 D:\source\Sezika\tools\Sezika.Coverage\Sezika.Coverage.csproj (用时 260 毫秒)。
  已还原 D:\source\Sezika\tools\Sezika.Benchmarks\Sezika.Benchmarks.csproj (用时 261 毫秒)。
  已还原 D:\source\Sezika\tools\Sezika.OracleCapture\Sezika.OracleCapture.csproj (用时 261 毫秒)。
  已还原 D:\source\Sezika\tools\Sezika.Evaluation\Sezika.Evaluation.csproj (用时 261 毫秒)。
  已还原 D:\source\Sezika\tools\Sezika.NumericParity\Sezika.NumericParity.csproj (用时 261 毫秒)。
  已还原 D:\source\Sezika\src\Sezika.Cli\Sezika.Cli.csproj (用时 261 毫秒)。
  已还原 D:\source\Sezika\samples\Sezika.Cuda.Smoke\Sezika.Cuda.Smoke.csproj (用时 261 毫秒)。
  已还原 D:\source\Sezika\samples\Sezika.Cpu.Smoke\Sezika.Cpu.Smoke.csproj (用时 261 毫秒)。
  Sezika -> D:\source\Sezika\.artifacts\build\s346-tokenizer-final-20260926\bin\Sezika\release\Sezika.dll
  Sezika.Cpu.Smoke -> D:\source\Sezika\.artifacts\build\s346-tokenizer-final-20260926\bin\Sezika.Cpu.Smoke\release\Sezika.Cpu.Smoke.dll
  Sezika.Cuda -> D:\source\Sezika\.artifacts\build\s346-tokenizer-final-20260926\bin\Sezika.Cuda\release\Sezika.Cuda.dll
  Sezika.Cuda.Smoke -> D:\source\Sezika\.artifacts\build\s346-tokenizer-final-20260926\bin\Sezika.Cuda.Smoke\release\Sezika.Cuda.Smoke.dll
  Sezika.RealModel.Smoke -> D:\source\Sezika\.artifacts\build\s346-tokenizer-final-20260926\bin\Sezika.RealModel.Smoke\release\Sezika.RealModel.Smoke.dll
  Sezika.Cli -> D:\source\Sezika\.artifacts\build\s346-tokenizer-final-20260926\bin\Sezika.Cli\release\Sezika.Cli.dll
  Sezika.Kernels -> D:\source\Sezika\.artifacts\build\s346-tokenizer-final-20260926\bin\Sezika.Kernels\release\Sezika.Kernels.dll
  Sezika.Cuda.Diagnostics.Tests -> D:\source\Sezika\.artifacts\build\s346-tokenizer-final-20260926\bin\Sezika.Cuda.Diagnostics.Tests\release\Sezika.Cuda.Diagnostics.Tests.dll
  Sezika.Resources.Tests -> D:\source\Sezika\.artifacts\build\s346-tokenizer-final-20260926\bin\Sezika.Resources.Tests\release\Sezika.Resources.Tests.dll
  Sezika.Tests -> D:\source\Sezika\.artifacts\build\s346-tokenizer-final-20260926\bin\Sezika.Tests\release\Sezika.Tests.dll
  Sezika.Benchmarks -> D:\source\Sezika\.artifacts\build\s346-tokenizer-final-20260926\bin\Sezika.Benchmarks\release\Sezika.Benchmarks.dll
  Sezika.Coverage -> D:\source\Sezika\.artifacts\build\s346-tokenizer-final-20260926\bin\Sezika.Coverage\release\Sezika.Coverage.dll
  Sezika.DatasetTool -> D:\source\Sezika\.artifacts\build\s346-tokenizer-final-20260926\bin\Sezika.DatasetTool\release\Sezika.DatasetTool.dll
  Sezika.Evaluation -> D:\source\Sezika\.artifacts\build\s346-tokenizer-final-20260926\bin\Sezika.Evaluation\release\Sezika.Evaluation.dll
  Sezika.KernelCompiler -> D:\source\Sezika\.artifacts\build\s346-tokenizer-final-20260926\bin\Sezika.KernelCompiler\release\Sezika.KernelCompiler.dll
  Sezika.ModelTool -> D:\source\Sezika\.artifacts\build\s346-tokenizer-final-20260926\bin\Sezika.ModelTool\release\Sezika.ModelTool.dll
  Sezika.NumericParity -> D:\source\Sezika\.artifacts\build\s346-tokenizer-final-20260926\bin\Sezika.NumericParity\release\Sezika.NumericParity.dll
  Sezika.OracleCapture -> D:\source\Sezika\.artifacts\build\s346-tokenizer-final-20260926\bin\Sezika.OracleCapture\release\Sezika.OracleCapture.dll
  Sezika.OracleCompare -> D:\source\Sezika\.artifacts\build\s346-tokenizer-final-20260926\bin\Sezika.OracleCompare\release\Sezika.OracleCompare.dll

已成功生成。
    0 个警告
    0 个错误

已用时间 00:00:47.47
