Oracle batch 1/8, source offset 0, rows 46
Started PID 74484, timeout 620s: D:\source\Sezika\.artifacts\laya-oracle-work\venv\Scripts\python.exe -B D:\source\Sezika\tools\Sezika.LayaOracle\export_oracle.py --upstream D:\source\Sezika\.artifacts\laya-oracle-work\upstream --model D:\source\Sezika\.artifacts\models\laya-mmbert --output D:\source\Sezika\.artifacts\s346-20260926\nimble-full\batch-001\reference --cases D:\source\Sezika\.artifacts\s346-20260926\nimble-plan\cases-001.json --contract D:\source\Sezika\tests\fixtures\laya-oracle\contract.v1.json --max-cases 46 --timeout-seconds 600
PID 74484 running: 41s
PID 74484 running: 79s
PID 74484 running: 120s
PID 74484 running: 160s
PID 74484 running: 197s

[0.0s] parse JSON properties
[18.6s] verify FP32 model parameters
Case 1/46: scale-diverse-007-001-base
Case scale-diverse-007-001-base: answered
Case 2/46: scale-diverse-007-001-counterfactual
Case scale-diverse-007-001-counterfactual: answered
Case 3/46: scale-diverse-007-004-base
Case scale-diverse-007-004-base: answered
Case 4/46: scale-diverse-007-004-counterfactual
[35.2s] decode scale-diverse-007-004-counterfactual
Case scale-diverse-007-004-counterfactual: answered
Case 5/46: scale-diverse-007-005-base
Case scale-diverse-007-005-base: answered
Case 6/46: scale-diverse-007-005-counterfactual
Case scale-diverse-007-005-counterfactual: answered
Case 7/46: scale-diverse-008-003-base
Case scale-diverse-008-003-base: answered
Case 8/46: scale-diverse-008-003-counterfactual
[53.6s] decode scale-diverse-008-003-counterfactual
Case scale-diverse-008-003-counterfactual: answered
Case 9/46: scale-diverse-008-005-base
Case scale-diverse-008-005-base: answered
Case 10/46: scale-diverse-008-005-counterfactual
Case scale-diverse-008-005-counterfactual: answered
Case 11/46: scale-diverse-009-001-base
Case scale-diverse-009-001-base: answered
Case 12/46: scale-diverse-009-001-counterfactual
[68.9s] decode scale-diverse-009-001-counterfactual
Case scale-diverse-009-001-counterfactual: answered
Case 13/46: scale-diverse-009-003-base
Case scale-diverse-009-003-base: answered
Case 14/46: scale-diverse-009-003-counterfactual
Case scale-diverse-009-003-counterfactual: answered
Case 15/46: scale-diverse-010-001-base
Case scale-diverse-010-001-base: answered
Case 16/46: scale-diverse-010-001-counterfactual
Case scale-diverse-010-001-counterfactual: answered
Case 17/46: scale-diverse-010-004-base
Case scale-diverse-010-004-base: answered
Case 18/46: scale-diverse-010-004-counterfactual
[84.2s] decode scale-diverse-010-004-counterfactual
Case scale-diverse-010-004-counterfactual: answered
Case 19/46: scale-diverse-011-004-base
Case scale-diverse-011-004-base: answered
Case 20/46: scale-diverse-011-004-counterfactual
Case scale-diverse-011-004-counterfactual: answered
Case 21/46: scale-diverse-079-001-base
Case scale-diverse-079-001-base: answered
Case 22/46: scale-diverse-079-001-counterfactual
[103.9s] decode scale-diverse-079-001-counterfactual
Case scale-diverse-079-001-counterfactual: answered
Case 23/46: scale-diverse-079-002-base
Case scale-diverse-079-002-base: answered
Case 24/46: scale-diverse-079-002-counterfactual
Case scale-diverse-079-002-counterfactual: answered
Case 25/46: scale-diverse-079-003-base
[123.6s] decode scale-diverse-079-003-base
Case scale-diverse-079-003-base: answered
Case 26/46: scale-diverse-079-003-counterfactual
Case scale-diverse-079-003-counterfactual: answered
Case 27/46: scale-diverse-080-003-base
Case scale-diverse-080-003-base: answered
Case 28/46: scale-diverse-080-003-counterfactual
[139.4s] decode scale-diverse-080-003-counterfactual
Case scale-diverse-080-003-counterfactual: answered
Case 29/46: scale-diverse-081-005-base
Case scale-diverse-081-005-base: answered
Case 30/46: scale-diverse-081-005-counterfactual
Case scale-diverse-081-005-counterfactual: answered
Case 31/46: scale-diverse-082-004-base
Case scale-diverse-082-004-base: answered
Case 32/46: scale-diverse-082-004-counterfactual
Case scale-diverse-082-004-counterfactual: answered
Case 33/46: scale-diverse-083-004-base
[158.0s] decode scale-diverse-083-004-base
Case scale-diverse-083-004-base: answered
Case 34/46: scale-diverse-083-004-counterfactual
Case scale-diverse-083-004-counterfactual: answered
Case 35/46: scale-diverse-084-002-base
Case scale-diverse-084-002-base: answered
Case 36/46: scale-diverse-084-002-counterfactual
Case scale-diverse-084-002-counterfactual: answered
Case 37/46: scale-diverse-084-003-base
[175.1s] decode scale-diverse-084-003-base
Case scale-diverse-084-003-base: answered
Case 38/46: scale-diverse-084-003-counterfactual
Case scale-diverse-084-003-counterfactual: answered
Case 39/46: scale-diverse-084-004-base
Case scale-diverse-084-004-base: answered
Case 40/46: scale-diverse-084-004-counterfactual
Case scale-diverse-084-004-counterfactual: answered
Case 41/46: scale-diverse-097-002-base
[194.5s] decode scale-diverse-097-002-base
Case scale-diverse-097-002-base: answered
Case 42/46: scale-diverse-097-002-counterfactual
Case scale-diverse-097-002-counterfactual: answered
Case 43/46: scale-diverse-097-005-base
Case scale-diverse-097-005-base: answered
Case 44/46: scale-diverse-097-005-counterfactual
[212.5s] decode scale-diverse-097-005-counterfactual
Case scale-diverse-097-005-counterfactual: answered
Case 45/46: scale-diverse-099-001-base
Case scale-diverse-099-001-base: answered
Case 46/46: scale-diverse-099-001-counterfactual
Case scale-diverse-099-001-counterfactual: answered

Completed PID 74484, status Succeeded, exit 0, elapsed 223.186s; result: D:\source\Sezika\.artifacts\s346-20260926\nimble-full\processes\20260926-025012-772-reference-0.result.json
Started PID 37620, timeout 620s: C:\Program Files\dotnet\dotnet.exe D:\source\Sezika\.artifacts\build\s346-final-20260926\bin\Sezika.OracleCapture\release\Sezika.OracleCapture.dll --reference D:\source\Sezika\.artifacts\s346-20260926\nimble-full\batch-001\reference\capture.json --model D:\source\Sezika\.artifacts\models\laya-mmbert --cases D:\source\Sezika\.artifacts\s346-20260926\nimble-plan\cases-001.json --contract D:\source\Sezika\tests\fixtures\laya-oracle\contract.v1.json --output D:\source\Sezika\.artifacts\s346-20260926\nimble-full\batch-001\actual --backend cuda --length-policy laya_compatible --max-cases 46 --timeout-seconds 600
PID 37620 running: 40s

Read bounded local reference inputs and frozen identities; reference numerical outputs are not deserialized.
Loading verified local model for 46 case(s), backend=cuda, length_policy=LayaCompatible.
capture 1/46: scale-diverse-007-001-base
capture 2/46: scale-diverse-007-001-counterfactual
capture 3/46: scale-diverse-007-004-base
capture 4/46: scale-diverse-007-004-counterfactual
capture 5/46: scale-diverse-007-005-base
capture 6/46: scale-diverse-007-005-counterfactual
capture 7/46: scale-diverse-008-003-base
capture 8/46: scale-diverse-008-003-counterfactual
capture 9/46: scale-diverse-008-005-base
capture 10/46: scale-diverse-008-005-counterfactual
capture 11/46: scale-diverse-009-001-base
capture 12/46: scale-diverse-009-001-counterfactual
capture 13/46: scale-diverse-009-003-base
capture 14/46: scale-diverse-009-003-counterfactual
capture 15/46: scale-diverse-010-001-base
capture 16/46: scale-diverse-010-001-counterfactual
capture 17/46: scale-diverse-010-004-base
capture 18/46: scale-diverse-010-004-counterfactual
capture 19/46: scale-diverse-011-004-base
capture 20/46: scale-diverse-011-004-counterfactual
capture 21/46: scale-diverse-079-001-base
capture 22/46: scale-diverse-079-001-counterfactual
capture 23/46: scale-diverse-079-002-base
capture 24/46: scale-diverse-079-002-counterfactual
capture 25/46: scale-diverse-079-003-base
capture 26/46: scale-diverse-079-003-counterfactual
capture 27/46: scale-diverse-080-003-base
capture 28/46: scale-diverse-080-003-counterfactual
capture 29/46: scale-diverse-081-005-base
capture 30/46: scale-diverse-081-005-counterfactual
capture 31/46: scale-diverse-082-004-base
capture 32/46: scale-diverse-082-004-counterfactual
capture 33/46: scale-diverse-083-004-base
capture 34/46: scale-diverse-083-004-counterfactual
capture 35/46: scale-diverse-084-002-base
capture 36/46: scale-diverse-084-002-counterfactual
capture 37/46: scale-diverse-084-003-base
capture 38/46: scale-diverse-084-003-counterfactual
capture 39/46: scale-diverse-084-004-base
capture 40/46: scale-diverse-084-004-counterfactual
capture 41/46: scale-diverse-097-002-base
capture 42/46: scale-diverse-097-002-counterfactual
capture 43/46: scale-diverse-097-005-base
capture 44/46: scale-diverse-097-005-counterfactual
capture 45/46: scale-diverse-099-001-base
capture 46/46: scale-diverse-099-001-counterfactual
completed: 46/46 selected rows; D:\source\Sezika\.artifacts\s346-20260926\nimble-full\batch-001\actual\capture.json

Completed PID 37620, status Succeeded, exit 0, elapsed 54.927s; result: D:\source\Sezika\.artifacts\s346-20260926\nimble-full\processes\20260926-025355-991-capture-0.result.json
Started PID 78196, timeout 45s: C:\Program Files\dotnet\dotnet.exe D:\source\Sezika\.artifacts\build\s346-final-20260926\bin\Sezika.OracleCompare\release\Sezika.OracleCompare.dll D:\source\Sezika\.artifacts\s346-20260926\nimble-full\batch-001\reference\capture.json D:\source\Sezika\.artifacts\s346-20260926\nimble-full\batch-001\actual\capture.json D:\source\Sezika\tests\fixtures\laya-oracle\contract.v1.json D:\source\Sezika\.artifacts\s346-20260926\nimble-plan\cases-001.json D:\source\Sezika\.artifacts\s346-20260926\nimble-full\batch-001\comparison.json 30

Loading four bounded local JSON files; no model inference.
compare 1/46: scale-diverse-007-001-base
compare 2/46: scale-diverse-007-001-counterfactual
compare 3/46: scale-diverse-007-004-base
compare 4/46: scale-diverse-007-004-counterfactual
compare 5/46: scale-diverse-007-005-base
compare 6/46: scale-diverse-007-005-counterfactual
compare 7/46: scale-diverse-008-003-base
compare 8/46: scale-diverse-008-003-counterfactual
compare 9/46: scale-diverse-008-005-base
compare 10/46: scale-diverse-008-005-counterfactual
compare 11/46: scale-diverse-009-001-base
compare 12/46: scale-diverse-009-001-counterfactual
compare 13/46: scale-diverse-009-003-base
compare 14/46: scale-diverse-009-003-counterfactual
compare 15/46: scale-diverse-010-001-base
compare 16/46: scale-diverse-010-001-counterfactual
compare 17/46: scale-diverse-010-004-base
compare 18/46: scale-diverse-010-004-counterfactual
compare 19/46: scale-diverse-011-004-base
compare 20/46: scale-diverse-011-004-counterfactual
compare 21/46: scale-diverse-079-001-base
compare 22/46: scale-diverse-079-001-counterfactual
compare 23/46: scale-diverse-079-002-base
compare 24/46: scale-diverse-079-002-counterfactual
compare 25/46: scale-diverse-079-003-base
compare 26/46: scale-diverse-079-003-counterfactual
compare 27/46: scale-diverse-080-003-base
compare 28/46: scale-diverse-080-003-counterfactual
compare 29/46: scale-diverse-081-005-base
compare 30/46: scale-diverse-081-005-counterfactual
compare 31/46: scale-diverse-082-004-base
compare 32/46: scale-diverse-082-004-counterfactual
compare 33/46: scale-diverse-083-004-base
compare 34/46: scale-diverse-083-004-counterfactual
compare 35/46: scale-diverse-084-002-base
compare 36/46: scale-diverse-084-002-counterfactual
compare 37/46: scale-diverse-084-003-base
compare 38/46: scale-diverse-084-003-counterfactual
compare 39/46: scale-diverse-084-004-base
compare 40/46: scale-diverse-084-004-counterfactual
compare 41/46: scale-diverse-097-002-base
compare 42/46: scale-diverse-097-002-counterfactual
compare 43/46: scale-diverse-097-005-base
compare 44/46: scale-diverse-097-005-counterfactual
compare 45/46: scale-diverse-099-001-base
compare 46/46: scale-diverse-099-001-counterfactual
Comparison passed: 46 answered pairs, 0 failure pairs, 0 issues; coverage=46/46; full_manifest_passed=True.

Completed PID 78196, status Succeeded, exit 0, elapsed 1.871s; result: D:\source\Sezika\.artifacts\s346-20260926\nimble-full\processes\20260926-025450-938-compare-0.result.json
Oracle batch 2/8, source offset 46, rows 46
Started PID 38644, timeout 620s: D:\source\Sezika\.artifacts\laya-oracle-work\venv\Scripts\python.exe -B D:\source\Sezika\tools\Sezika.LayaOracle\export_oracle.py --upstream D:\source\Sezika\.artifacts\laya-oracle-work\upstream --model D:\source\Sezika\.artifacts\models\laya-mmbert --output D:\source\Sezika\.artifacts\s346-20260926\nimble-full\batch-002\reference --cases D:\source\Sezika\.artifacts\s346-20260926\nimble-plan\cases-002.json --contract D:\source\Sezika\tests\fixtures\laya-oracle\contract.v1.json --max-cases 46 --timeout-seconds 600
PID 38644 running: 38s
PID 38644 running: 78s
PID 38644 running: 115s
PID 38644 running: 155s
PID 38644 running: 196s

[0.0s] parse JSON properties
[19.0s] verify FP32 model parameters
Case 1/46: scale-diverse-099-002-base
Case scale-diverse-099-002-base: answered
Case 2/46: scale-diverse-099-002-counterfactual
Case scale-diverse-099-002-counterfactual: answered
Case 3/46: scale-diverse-099-003-base
Case scale-diverse-099-003-base: answered
Case 4/46: scale-diverse-099-003-counterfactual
Case scale-diverse-099-003-counterfactual: answered
Case 5/46: scale-diverse-169-001-base
[39.8s] decode scale-diverse-169-001-base
Case scale-diverse-169-001-base: answered
Case 6/46: scale-diverse-169-001-counterfactual
Case scale-diverse-169-001-counterfactual: answered
Case 7/46: scale-diverse-169-002-base
[55.8s] decode scale-diverse-169-002-base
Case scale-diverse-169-002-base: answered
Case 8/46: scale-diverse-169-002-counterfactual
Case scale-diverse-169-002-counterfactual: answered
Case 9/46: scale-diverse-169-004-base
Case scale-diverse-169-004-base: answered
Case 10/46: scale-diverse-169-004-counterfactual
Case scale-diverse-169-004-counterfactual: answered
Case 11/46: scale-diverse-171-001-base
[71.5s] decode scale-diverse-171-001-base
Case scale-diverse-171-001-base: answered
Case 12/46: scale-diverse-171-001-counterfactual
Case scale-diverse-171-001-counterfactual: answered
Case 13/46: scale-diverse-171-002-base
Case scale-diverse-171-002-base: answered
Case 14/46: scale-diverse-171-002-counterfactual
Case scale-diverse-171-002-counterfactual: answered
Case 15/46: scale-diverse-173-001-base
Case scale-diverse-173-001-base: answered
Case 16/46: scale-diverse-173-001-counterfactual
[88.1s] decode scale-diverse-173-001-counterfactual
Case scale-diverse-173-001-counterfactual: answered
Case 17/46: scale-diverse-173-002-base
Case scale-diverse-173-002-base: answered
Case 18/46: scale-diverse-173-002-counterfactual
Case scale-diverse-173-002-counterfactual: answered
Case 19/46: scale-diverse-173-004-base
[104.6s] decode scale-diverse-173-004-base
Case scale-diverse-173-004-base: answered
Case 20/46: scale-diverse-173-004-counterfactual
Case scale-diverse-173-004-counterfactual: answered
Case 21/46: scale-diverse-174-003-base
Case scale-diverse-174-003-base: answered
Case 22/46: scale-diverse-174-003-counterfactual
[119.7s] decode scale-diverse-174-003-counterfactual
Case scale-diverse-174-003-counterfactual: answered
Case 23/46: scale-diverse-174-004-base
Case scale-diverse-174-004-base: answered
Case 24/46: scale-diverse-174-004-counterfactual
Case scale-diverse-174-004-counterfactual: answered
Case 25/46: scale-diverse-211-004-base
Case scale-diverse-211-004-base: answered
Case 26/46: scale-diverse-211-004-counterfactual
[138.0s] decode scale-diverse-211-004-counterfactual
Case scale-diverse-211-004-counterfactual: answered
Case 27/46: scale-diverse-211-006-base
Case scale-diverse-211-006-base: answered
Case 28/46: scale-diverse-211-006-counterfactual
Case scale-diverse-211-006-counterfactual: answered
Case 29/46: scale-diverse-213-001-base
Case scale-diverse-213-001-base: answered
Case 30/46: scale-diverse-213-001-counterfactual
[153.5s] decode scale-diverse-213-001-counterfactual
Case scale-diverse-213-001-counterfactual: answered
Case 31/46: scale-diverse-213-003-base
Case scale-diverse-213-003-base: answered
Case 32/46: scale-diverse-213-003-counterfactual
Case scale-diverse-213-003-counterfactual: answered
Case 33/46: scale-diverse-214-003-base
Case scale-diverse-214-003-base: answered
Case 34/46: scale-diverse-214-003-counterfactual
Case scale-diverse-214-003-counterfactual: answered
Case 35/46: scale-diverse-215-003-base
[171.6s] decode scale-diverse-215-003-base
Case scale-diverse-215-003-base: answered
Case 36/46: scale-diverse-215-003-counterfactual
Case scale-diverse-215-003-counterfactual: answered
Case 37/46: scale-diverse-215-004-base
Case scale-diverse-215-004-base: answered
Case 38/46: scale-diverse-215-004-counterfactual
Case scale-diverse-215-004-counterfactual: answered
Case 39/46: scale-diverse-216-005-base
[191.0s] decode scale-diverse-216-005-base
Case scale-diverse-216-005-base: answered
Case 40/46: scale-diverse-216-005-counterfactual
Case scale-diverse-216-005-counterfactual: answered
Case 41/46: scale-diverse-273-001-base
Case scale-diverse-273-001-base: answered
Case 42/46: scale-diverse-273-001-counterfactual
Case scale-diverse-273-001-counterfactual: answered
Case 43/46: scale-diverse-273-003-base
[210.5s] decode scale-diverse-273-003-base
Case scale-diverse-273-003-base: answered
Case 44/46: scale-diverse-273-003-counterfactual
Case scale-diverse-273-003-counterfactual: answered
Case 45/46: scale-diverse-274-004-base
Case scale-diverse-274-004-base: answered
Case 46/46: scale-diverse-274-004-counterfactual
Case scale-diverse-274-004-counterfactual: answered

Completed PID 38644, status Succeeded, exit 0, elapsed 225.45s; result: D:\source\Sezika\.artifacts\s346-20260926\nimble-full\processes\20260926-025452-830-reference-1.result.json
Started PID 61688, timeout 620s: C:\Program Files\dotnet\dotnet.exe D:\source\Sezika\.artifacts\build\s346-final-20260926\bin\Sezika.OracleCapture\release\Sezika.OracleCapture.dll --reference D:\source\Sezika\.artifacts\s346-20260926\nimble-full\batch-002\reference\capture.json --model D:\source\Sezika\.artifacts\models\laya-mmbert --cases D:\source\Sezika\.artifacts\s346-20260926\nimble-plan\cases-002.json --contract D:\source\Sezika\tests\fixtures\laya-oracle\contract.v1.json --output D:\source\Sezika\.artifacts\s346-20260926\nimble-full\batch-002\actual --backend cuda --length-policy laya_compatible --max-cases 46 --timeout-seconds 600
PID 61688 running: 39s

Read bounded local reference inputs and frozen identities; reference numerical outputs are not deserialized.
Loading verified local model for 46 case(s), backend=cuda, length_policy=LayaCompatible.
capture 1/46: scale-diverse-099-002-base
capture 2/46: scale-diverse-099-002-counterfactual
capture 3/46: scale-diverse-099-003-base
capture 4/46: scale-diverse-099-003-counterfactual
capture 5/46: scale-diverse-169-001-base
capture 6/46: scale-diverse-169-001-counterfactual
capture 7/46: scale-diverse-169-002-base
capture 8/46: scale-diverse-169-002-counterfactual
capture 9/46: scale-diverse-169-004-base
capture 10/46: scale-diverse-169-004-counterfactual
capture 11/46: scale-diverse-171-001-base
capture 12/46: scale-diverse-171-001-counterfactual
capture 13/46: scale-diverse-171-002-base
capture 14/46: scale-diverse-171-002-counterfactual
capture 15/46: scale-diverse-173-001-base
capture 16/46: scale-diverse-173-001-counterfactual
capture 17/46: scale-diverse-173-002-base
capture 18/46: scale-diverse-173-002-counterfactual
capture 19/46: scale-diverse-173-004-base
capture 20/46: scale-diverse-173-004-counterfactual
capture 21/46: scale-diverse-174-003-base
capture 22/46: scale-diverse-174-003-counterfactual
capture 23/46: scale-diverse-174-004-base
capture 24/46: scale-diverse-174-004-counterfactual
capture 25/46: scale-diverse-211-004-base
capture 26/46: scale-diverse-211-004-counterfactual
capture 27/46: scale-diverse-211-006-base
capture 28/46: scale-diverse-211-006-counterfactual
capture 29/46: scale-diverse-213-001-base
capture 30/46: scale-diverse-213-001-counterfactual
capture 31/46: scale-diverse-213-003-base
capture 32/46: scale-diverse-213-003-counterfactual
capture 33/46: scale-diverse-214-003-base
capture 34/46: scale-diverse-214-003-counterfactual
capture 35/46: scale-diverse-215-003-base
capture 36/46: scale-diverse-215-003-counterfactual
capture 37/46: scale-diverse-215-004-base
capture 38/46: scale-diverse-215-004-counterfactual
capture 39/46: scale-diverse-216-005-base
capture 40/46: scale-diverse-216-005-counterfactual
capture 41/46: scale-diverse-273-001-base
capture 42/46: scale-diverse-273-001-counterfactual
capture 43/46: scale-diverse-273-003-base
capture 44/46: scale-diverse-273-003-counterfactual
capture 45/46: scale-diverse-274-004-base
capture 46/46: scale-diverse-274-004-counterfactual
completed: 46/46 selected rows; D:\source\Sezika\.artifacts\s346-20260926\nimble-full\batch-002\actual\capture.json

Completed PID 61688, status Succeeded, exit 0, elapsed 54.341s; result: D:\source\Sezika\.artifacts\s346-20260926\nimble-full\processes\20260926-025838-295-capture-1.result.json
Started PID 8624, timeout 45s: C:\Program Files\dotnet\dotnet.exe D:\source\Sezika\.artifacts\build\s346-final-20260926\bin\Sezika.OracleCompare\release\Sezika.OracleCompare.dll D:\source\Sezika\.artifacts\s346-20260926\nimble-full\batch-002\reference\capture.json D:\source\Sezika\.artifacts\s346-20260926\nimble-full\batch-002\actual\capture.json D:\source\Sezika\tests\fixtures\laya-oracle\contract.v1.json D:\source\Sezika\.artifacts\s346-20260926\nimble-plan\cases-002.json D:\source\Sezika\.artifacts\s346-20260926\nimble-full\batch-002\comparison.json 30

Loading four bounded local JSON files; no model inference.
compare 1/46: scale-diverse-099-002-base
compare 2/46: scale-diverse-099-002-counterfactual
compare 3/46: scale-diverse-099-003-base
compare 4/46: scale-diverse-099-003-counterfactual
compare 5/46: scale-diverse-169-001-base
compare 6/46: scale-diverse-169-001-counterfactual
compare 7/46: scale-diverse-169-002-base
compare 8/46: scale-diverse-169-002-counterfactual
compare 9/46: scale-diverse-169-004-base
compare 10/46: scale-diverse-169-004-counterfactual
compare 11/46: scale-diverse-171-001-base
compare 12/46: scale-diverse-171-001-counterfactual
compare 13/46: scale-diverse-171-002-base
compare 14/46: scale-diverse-171-002-counterfactual
compare 15/46: scale-diverse-173-001-base
compare 16/46: scale-diverse-173-001-counterfactual
compare 17/46: scale-diverse-173-002-base
compare 18/46: scale-diverse-173-002-counterfactual
compare 19/46: scale-diverse-173-004-base
compare 20/46: scale-diverse-173-004-counterfactual
compare 21/46: scale-diverse-174-003-base
compare 22/46: scale-diverse-174-003-counterfactual
compare 23/46: scale-diverse-174-004-base
compare 24/46: scale-diverse-174-004-counterfactual
compare 25/46: scale-diverse-211-004-base
compare 26/46: scale-diverse-211-004-counterfactual
compare 27/46: scale-diverse-211-006-base
compare 28/46: scale-diverse-211-006-counterfactual
compare 29/46: scale-diverse-213-001-base
compare 30/46: scale-diverse-213-001-counterfactual
compare 31/46: scale-diverse-213-003-base
compare 32/46: scale-diverse-213-003-counterfactual
compare 33/46: scale-diverse-214-003-base
compare 34/46: scale-diverse-214-003-counterfactual
compare 35/46: scale-diverse-215-003-base
compare 36/46: scale-diverse-215-003-counterfactual
compare 37/46: scale-diverse-215-004-base
compare 38/46: scale-diverse-215-004-counterfactual
compare 39/46: scale-diverse-216-005-base
compare 40/46: scale-diverse-216-005-counterfactual
compare 41/46: scale-diverse-273-001-base
compare 42/46: scale-diverse-273-001-counterfactual
compare 43/46: scale-diverse-273-003-base
compare 44/46: scale-diverse-273-003-counterfactual
compare 45/46: scale-diverse-274-004-base
compare 46/46: scale-diverse-274-004-counterfactual
Comparison failed: 46 answered pairs, 0 failure pairs, 28 issues; coverage=46/46; full_manifest_passed=False.

Completed PID 8624, status Failed, exit 1, elapsed 2.426s; result: D:\source\Sezika\.artifacts\s346-20260926\nimble-full\processes\20260926-025932-652-compare-1.result.json
compare-1 recorded a numerical difference; retain the capture and continue the frozen plan.
Oracle batch 3/8, source offset 92, rows 46
Started PID 78040, timeout 620s: D:\source\Sezika\.artifacts\laya-oracle-work\venv\Scripts\python.exe -B D:\source\Sezika\tools\Sezika.LayaOracle\export_oracle.py --upstream D:\source\Sezika\.artifacts\laya-oracle-work\upstream --model D:\source\Sezika\.artifacts\models\laya-mmbert --output D:\source\Sezika\.artifacts\s346-20260926\nimble-full\batch-003\reference --cases D:\source\Sezika\.artifacts\s346-20260926\nimble-plan\cases-003.json --contract D:\source\Sezika\tests\fixtures\laya-oracle\contract.v1.json --max-cases 46 --timeout-seconds 600
PID 78040 running: 39s
PID 78040 running: 77s
PID 78040 running: 115s
PID 78040 running: 152s
PID 78040 running: 190s

[0.0s] parse JSON properties
[18.3s] verify FP32 model parameters
Case 1/46: scale-diverse-275-002-base
Case scale-diverse-275-002-base: answered
Case 2/46: scale-diverse-275-002-counterfactual
Case scale-diverse-275-002-counterfactual: answered
Case 3/46: scale-diverse-275-003-base
Case scale-diverse-275-003-base: answered
Case 4/46: scale-diverse-275-003-counterfactual
[36.2s] decode scale-diverse-275-003-counterfactual
Case scale-diverse-275-003-counterfactual: answered
Case 5/46: scale-diverse-275-004-base
Case scale-diverse-275-004-base: answered
Case 6/46: scale-diverse-275-004-counterfactual
Case scale-diverse-275-004-counterfactual: answered
Case 7/46: scale-diverse-275-005-base
[52.1s] decode scale-diverse-275-005-base
Case scale-diverse-275-005-base: answered
Case 8/46: scale-diverse-275-005-counterfactual
Case scale-diverse-275-005-counterfactual: answered
Case 9/46: fast-41-diverse-007-003-base
Case fast-41-diverse-007-003-base: answered
Case 10/46: fast-41-diverse-007-003-counterfactual
Case fast-41-diverse-007-003-counterfactual: answered
Case 11/46: fast-41-diverse-007-005-base
[71.0s] decode fast-41-diverse-007-005-base
Case fast-41-diverse-007-005-base: answered
Case 12/46: fast-41-diverse-007-005-counterfactual
Case fast-41-diverse-007-005-counterfactual: answered
Case 13/46: fast-41-diverse-007-006-base
Case fast-41-diverse-007-006-base: answered
Case 14/46: fast-41-diverse-007-006-counterfactual
Case fast-41-diverse-007-006-counterfactual: answered
Case 15/46: fast-41-diverse-007-009-base
[86.2s] decode fast-41-diverse-007-009-base
Case fast-41-diverse-007-009-base: answered
Case 16/46: fast-41-diverse-007-009-counterfactual
Case fast-41-diverse-007-009-counterfactual: answered
Case 17/46: fast-41-diverse-007-010-base
Case fast-41-diverse-007-010-base: answered
Case 18/46: fast-41-diverse-007-010-counterfactual
Case fast-41-diverse-007-010-counterfactual: answered
Case 19/46: fast-41-diverse-008-009-base
[102.1s] decode fast-41-diverse-008-009-base
Case fast-41-diverse-008-009-base: answered
Case 20/46: fast-41-diverse-008-009-counterfactual
Case fast-41-diverse-008-009-counterfactual: answered
Case 21/46: fast-41-diverse-008-011-base
Case fast-41-diverse-008-011-base: answered
Case 22/46: fast-41-diverse-008-011-counterfactual
Case fast-41-diverse-008-011-counterfactual: answered
Case 23/46: fast-41-diverse-009-001-base
[117.7s] decode fast-41-diverse-009-001-base
Case fast-41-diverse-009-001-base: answered
Case 24/46: fast-41-diverse-009-001-counterfactual
Case fast-41-diverse-009-001-counterfactual: answered
Case 25/46: fast-41-diverse-009-002-base
Case fast-41-diverse-009-002-base: answered
Case 26/46: fast-41-diverse-009-002-counterfactual
Case fast-41-diverse-009-002-counterfactual: answered
Case 27/46: fast-41-diverse-009-003-base
Case fast-41-diverse-009-003-base: answered
Case 28/46: fast-41-diverse-009-003-counterfactual
Case fast-41-diverse-009-003-counterfactual: answered
Case 29/46: fast-41-diverse-009-004-base
Case fast-41-diverse-009-004-base: answered
Case 30/46: fast-41-diverse-009-004-counterfactual
[133.9s] decode fast-41-diverse-009-004-counterfactual
Case fast-41-diverse-009-004-counterfactual: answered
Case 31/46: fast-41-diverse-009-005-base
Case fast-41-diverse-009-005-base: answered
Case 32/46: fast-41-diverse-009-005-counterfactual
Case fast-41-diverse-009-005-counterfactual: answered
Case 33/46: fast-41-diverse-009-007-base
Case fast-41-diverse-009-007-base: answered
Case 34/46: fast-41-diverse-009-007-counterfactual
Case fast-41-diverse-009-007-counterfactual: answered
Case 35/46: fast-41-diverse-009-008-base
Case fast-41-diverse-009-008-base: answered
Case 36/46: fast-41-diverse-009-008-counterfactual
Case fast-41-diverse-009-008-counterfactual: answered
Case 37/46: fast-41-diverse-010-004-base
[149.9s] decode fast-41-diverse-010-004-base
Case fast-41-diverse-010-004-base: answered
Case 38/46: fast-41-diverse-010-004-counterfactual
Case fast-41-diverse-010-004-counterfactual: answered
Case 39/46: fast-41-diverse-079-003-base
Case fast-41-diverse-079-003-base: answered
Case 40/46: fast-41-diverse-079-003-counterfactual
Case fast-41-diverse-079-003-counterfactual: answered
Case 41/46: fast-41-diverse-079-011-base
[167.4s] decode fast-41-diverse-079-011-base
Case fast-41-diverse-079-011-base: answered
Case 42/46: fast-41-diverse-079-011-counterfactual
Case fast-41-diverse-079-011-counterfactual: answered
Case 43/46: fast-41-diverse-079-012-base
Case fast-41-diverse-079-012-base: answered
Case 44/46: fast-41-diverse-079-012-counterfactual
Case fast-41-diverse-079-012-counterfactual: answered
Case 45/46: fast-41-diverse-079-015-base
[186.7s] decode fast-41-diverse-079-015-base
Case fast-41-diverse-079-015-base: answered
Case 46/46: fast-41-diverse-079-015-counterfactual
Case fast-41-diverse-079-015-counterfactual: answered

Completed PID 78040, status Succeeded, exit 0, elapsed 194.469s; result: D:\source\Sezika\.artifacts\s346-20260926\nimble-full\processes\20260926-025935-127-reference-2.result.json
Started PID 67824, timeout 620s: C:\Program Files\dotnet\dotnet.exe D:\source\Sezika\.artifacts\build\s346-final-20260926\bin\Sezika.OracleCapture\release\Sezika.OracleCapture.dll --reference D:\source\Sezika\.artifacts\s346-20260926\nimble-full\batch-003\reference\capture.json --model D:\source\Sezika\.artifacts\models\laya-mmbert --cases D:\source\Sezika\.artifacts\s346-20260926\nimble-plan\cases-003.json --contract D:\source\Sezika\tests\fixtures\laya-oracle\contract.v1.json --output D:\source\Sezika\.artifacts\s346-20260926\nimble-full\batch-003\actual --backend cuda --length-policy laya_compatible --max-cases 46 --timeout-seconds 600
PID 67824 running: 41s

Read bounded local reference inputs and frozen identities; reference numerical outputs are not deserialized.
Loading verified local model for 46 case(s), backend=cuda, length_policy=LayaCompatible.
capture 1/46: scale-diverse-275-002-base
capture 2/46: scale-diverse-275-002-counterfactual
capture 3/46: scale-diverse-275-003-base
capture 4/46: scale-diverse-275-003-counterfactual
capture 5/46: scale-diverse-275-004-base
capture 6/46: scale-diverse-275-004-counterfactual
capture 7/46: scale-diverse-275-005-base
capture 8/46: scale-diverse-275-005-counterfactual
capture 9/46: fast-41-diverse-007-003-base
capture 10/46: fast-41-diverse-007-003-counterfactual
capture 11/46: fast-41-diverse-007-005-base
capture 12/46: fast-41-diverse-007-005-counterfactual
capture 13/46: fast-41-diverse-007-006-base
capture 14/46: fast-41-diverse-007-006-counterfactual
capture 15/46: fast-41-diverse-007-009-base
capture 16/46: fast-41-diverse-007-009-counterfactual
capture 17/46: fast-41-diverse-007-010-base
capture 18/46: fast-41-diverse-007-010-counterfactual
capture 19/46: fast-41-diverse-008-009-base
capture 20/46: fast-41-diverse-008-009-counterfactual
capture 21/46: fast-41-diverse-008-011-base
capture 22/46: fast-41-diverse-008-011-counterfactual
capture 23/46: fast-41-diverse-009-001-base
capture 24/46: fast-41-diverse-009-001-counterfactual
capture 25/46: fast-41-diverse-009-002-base
capture 26/46: fast-41-diverse-009-002-counterfactual
capture 27/46: fast-41-diverse-009-003-base
capture 28/46: fast-41-diverse-009-003-counterfactual
capture 29/46: fast-41-diverse-009-004-base
capture 30/46: fast-41-diverse-009-004-counterfactual
capture 31/46: fast-41-diverse-009-005-base
capture 32/46: fast-41-diverse-009-005-counterfactual
capture 33/46: fast-41-diverse-009-007-base
capture 34/46: fast-41-diverse-009-007-counterfactual
capture 35/46: fast-41-diverse-009-008-base
capture 36/46: fast-41-diverse-009-008-counterfactual
capture 37/46: fast-41-diverse-010-004-base
capture 38/46: fast-41-diverse-010-004-counterfactual
capture 39/46: fast-41-diverse-079-003-base
capture 40/46: fast-41-diverse-079-003-counterfactual
capture 41/46: fast-41-diverse-079-011-base
capture 42/46: fast-41-diverse-079-011-counterfactual
capture 43/46: fast-41-diverse-079-012-base
capture 44/46: fast-41-diverse-079-012-counterfactual
capture 45/46: fast-41-diverse-079-015-base
capture 46/46: fast-41-diverse-079-015-counterfactual
completed: 46/46 selected rows; D:\source\Sezika\.artifacts\s346-20260926\nimble-full\batch-003\actual\capture.json

Completed PID 67824, status Succeeded, exit 0, elapsed 48.803s; result: D:\source\Sezika\.artifacts\s346-20260926\nimble-full\processes\20260926-030249-616-capture-2.result.json
Started PID 63268, timeout 45s: C:\Program Files\dotnet\dotnet.exe D:\source\Sezika\.artifacts\build\s346-final-20260926\bin\Sezika.OracleCompare\release\Sezika.OracleCompare.dll D:\source\Sezika\.artifacts\s346-20260926\nimble-full\batch-003\reference\capture.json D:\source\Sezika\.artifacts\s346-20260926\nimble-full\batch-003\actual\capture.json D:\source\Sezika\tests\fixtures\laya-oracle\contract.v1.json D:\source\Sezika\.artifacts\s346-20260926\nimble-plan\cases-003.json D:\source\Sezika\.artifacts\s346-20260926\nimble-full\batch-003\comparison.json 30

Loading four bounded local JSON files; no model inference.
compare 1/46: scale-diverse-275-002-base
compare 2/46: scale-diverse-275-002-counterfactual
compare 3/46: scale-diverse-275-003-base
compare 4/46: scale-diverse-275-003-counterfactual
compare 5/46: scale-diverse-275-004-base
compare 6/46: scale-diverse-275-004-counterfactual
compare 7/46: scale-diverse-275-005-base
compare 8/46: scale-diverse-275-005-counterfactual
compare 9/46: fast-41-diverse-007-003-base
compare 10/46: fast-41-diverse-007-003-counterfactual
compare 11/46: fast-41-diverse-007-005-base
compare 12/46: fast-41-diverse-007-005-counterfactual
compare 13/46: fast-41-diverse-007-006-base
compare 14/46: fast-41-diverse-007-006-counterfactual
compare 15/46: fast-41-diverse-007-009-base
compare 16/46: fast-41-diverse-007-009-counterfactual
compare 17/46: fast-41-diverse-007-010-base
compare 18/46: fast-41-diverse-007-010-counterfactual
compare 19/46: fast-41-diverse-008-009-base
compare 20/46: fast-41-diverse-008-009-counterfactual
compare 21/46: fast-41-diverse-008-011-base
compare 22/46: fast-41-diverse-008-011-counterfactual
compare 23/46: fast-41-diverse-009-001-base
compare 24/46: fast-41-diverse-009-001-counterfactual
compare 25/46: fast-41-diverse-009-002-base
compare 26/46: fast-41-diverse-009-002-counterfactual
compare 27/46: fast-41-diverse-009-003-base
compare 28/46: fast-41-diverse-009-003-counterfactual
compare 29/46: fast-41-diverse-009-004-base
compare 30/46: fast-41-diverse-009-004-counterfactual
compare 31/46: fast-41-diverse-009-005-base
compare 32/46: fast-41-diverse-009-005-counterfactual
compare 33/46: fast-41-diverse-009-007-base
compare 34/46: fast-41-diverse-009-007-counterfactual
compare 35/46: fast-41-diverse-009-008-base
compare 36/46: fast-41-diverse-009-008-counterfactual
compare 37/46: fast-41-diverse-010-004-base
compare 38/46: fast-41-diverse-010-004-counterfactual
compare 39/46: fast-41-diverse-079-003-base
compare 40/46: fast-41-diverse-079-003-counterfactual
compare 41/46: fast-41-diverse-079-011-base
compare 42/46: fast-41-diverse-079-011-counterfactual
compare 43/46: fast-41-diverse-079-012-base
compare 44/46: fast-41-diverse-079-012-counterfactual
compare 45/46: fast-41-diverse-079-015-base
compare 46/46: fast-41-diverse-079-015-counterfactual
Comparison passed: 46 answered pairs, 0 failure pairs, 0 issues; coverage=46/46; full_manifest_passed=True.

Completed PID 63268, status Succeeded, exit 0, elapsed 2.143s; result: D:\source\Sezika\.artifacts\s346-20260926\nimble-full\processes\20260926-030338-435-compare-2.result.json
Oracle batch 4/8, source offset 138, rows 46
Started PID 55480, timeout 620s: D:\source\Sezika\.artifacts\laya-oracle-work\venv\Scripts\python.exe -B D:\source\Sezika\tools\Sezika.LayaOracle\export_oracle.py --upstream D:\source\Sezika\.artifacts\laya-oracle-work\upstream --model D:\source\Sezika\.artifacts\models\laya-mmbert --output D:\source\Sezika\.artifacts\s346-20260926\nimble-full\batch-004\reference --cases D:\source\Sezika\.artifacts\s346-20260926\nimble-plan\cases-004.json --contract D:\source\Sezika\tests\fixtures\laya-oracle\contract.v1.json --max-cases 46 --timeout-seconds 600
PID 55480 running: 41s
PID 55480 running: 81s
PID 55480 running: 125s
PID 55480 running: 166s

[0.0s] parse JSON properties
[19.1s] verify FP32 model parameters
Case 1/46: fast-41-diverse-082-006-base
Case fast-41-diverse-082-006-base: answered
Case 2/46: fast-41-diverse-082-006-counterfactual
Case fast-41-diverse-082-006-counterfactual: answered
Case 3/46: fast-41-diverse-084-006-base
Case fast-41-diverse-084-006-base: answered
Case 4/46: fast-41-diverse-084-006-counterfactual
[35.7s] decode fast-41-diverse-084-006-counterfactual
Case fast-41-diverse-084-006-counterfactual: answered
Case 5/46: fast-41-diverse-099-001-base
Case fast-41-diverse-099-001-base: answered
Case 6/46: fast-41-diverse-099-001-counterfactual
Case fast-41-diverse-099-001-counterfactual: answered
Case 7/46: fast-41-diverse-099-003-base
Case fast-41-diverse-099-003-base: answered
Case 8/46: fast-41-diverse-099-003-counterfactual
Case fast-41-diverse-099-003-counterfactual: answered
Case 9/46: fast-41-diverse-099-008-base
[51.3s] decode fast-41-diverse-099-008-base
Case fast-41-diverse-099-008-base: answered
Case 10/46: fast-41-diverse-099-008-counterfactual
Case fast-41-diverse-099-008-counterfactual: answered
Case 11/46: fast-41-diverse-171-001-base
Case fast-41-diverse-171-001-base: answered
Case 12/46: fast-41-diverse-171-001-counterfactual
Case fast-41-diverse-171-001-counterfactual: answered
Case 13/46: fast-41-diverse-171-003-base
Case fast-41-diverse-171-003-base: answered
Case 14/46: fast-41-diverse-171-003-counterfactual
Case fast-41-diverse-171-003-counterfactual: answered
Case 15/46: fast-41-diverse-171-004-base
[66.7s] decode fast-41-diverse-171-004-base
Case fast-41-diverse-171-004-base: answered
Case 16/46: fast-41-diverse-171-004-counterfactual
Case fast-41-diverse-171-004-counterfactual: answered
Case 17/46: fast-41-diverse-171-006-base
Case fast-41-diverse-171-006-base: answered
Case 18/46: fast-41-diverse-171-006-counterfactual
Case fast-41-diverse-171-006-counterfactual: answered
Case 19/46: fast-41-diverse-171-007-base
Case fast-41-diverse-171-007-base: answered
Case 20/46: fast-41-diverse-171-007-counterfactual
Case fast-41-diverse-171-007-counterfactual: answered
Case 21/46: fast-41-diverse-171-008-base
Case fast-41-diverse-171-008-base: answered
Case 22/46: fast-41-diverse-171-008-counterfactual
[82.9s] decode fast-41-diverse-171-008-counterfactual
Case fast-41-diverse-171-008-counterfactual: answered
Case 23/46: fast-41-diverse-174-001-base
Case fast-41-diverse-174-001-base: answered
Case 24/46: fast-41-diverse-174-001-counterfactual
Case fast-41-diverse-174-001-counterfactual: answered
Case 25/46: fast-41-diverse-174-005-base
Case fast-41-diverse-174-005-base: answered
Case 26/46: fast-41-diverse-174-005-counterfactual
Case fast-41-diverse-174-005-counterfactual: answered
Case 27/46: fast-41-diverse-174-007-base
[101.1s] decode fast-41-diverse-174-007-base
Case fast-41-diverse-174-007-base: answered
Case 28/46: fast-41-diverse-174-007-counterfactual
Case fast-41-diverse-174-007-counterfactual: answered
Case 29/46: fast-41-diverse-211-018-base
Case fast-41-diverse-211-018-base: answered
Case 30/46: fast-41-diverse-211-018-counterfactual
Case fast-41-diverse-211-018-counterfactual: answered
Case 31/46: fast-41-diverse-211-020-base
[120.2s] decode fast-41-diverse-211-020-base
Case fast-41-diverse-211-020-base: answered
Case 32/46: fast-41-diverse-211-020-counterfactual
Case fast-41-diverse-211-020-counterfactual: answered
Case 33/46: fast-41-diverse-212-023-base
Case fast-41-diverse-212-023-base: answered
Case 34/46: fast-41-diverse-212-023-counterfactual
Case fast-41-diverse-212-023-counterfactual: answered
Case 35/46: fast-41-diverse-212-028-base
[135.5s] decode fast-41-diverse-212-028-base
Case fast-41-diverse-212-028-base: answered
Case 36/46: fast-41-diverse-212-028-counterfactual
Case fast-41-diverse-212-028-counterfactual: answered
Case 37/46: fast-41-diverse-212-032-base
Case fast-41-diverse-212-032-base: answered
Case 38/46: fast-41-diverse-212-032-counterfactual
Case fast-41-diverse-212-032-counterfactual: answered
Case 39/46: fast-41-diverse-212-034-base
Case fast-41-diverse-212-034-base: answered
Case 40/46: fast-41-diverse-212-034-counterfactual
[152.0s] decode fast-41-diverse-212-034-counterfactual
Case fast-41-diverse-212-034-counterfactual: answered
Case 41/46: fast-41-diverse-212-037-base
Case fast-41-diverse-212-037-base: answered
Case 42/46: fast-41-diverse-212-037-counterfactual
Case fast-41-diverse-212-037-counterfactual: answered
Case 43/46: fast-41-diverse-212-042-base
Case fast-41-diverse-212-042-base: answered
Case 44/46: fast-41-diverse-212-042-counterfactual
[167.2s] decode fast-41-diverse-212-042-counterfactual
Case fast-41-diverse-212-042-counterfactual: answered
Case 45/46: fast-41-diverse-212-045-base
Case fast-41-diverse-212-045-base: answered
Case 46/46: fast-41-diverse-212-045-counterfactual
Case fast-41-diverse-212-045-counterfactual: answered

Completed PID 55480, status Succeeded, exit 0, elapsed 179.187s; result: D:\source\Sezika\.artifacts\s346-20260926\nimble-full\processes\20260926-030340-593-reference-3.result.json
Started PID 56236, timeout 620s: C:\Program Files\dotnet\dotnet.exe D:\source\Sezika\.artifacts\build\s346-final-20260926\bin\Sezika.OracleCapture\release\Sezika.OracleCapture.dll --reference D:\source\Sezika\.artifacts\s346-20260926\nimble-full\batch-004\reference\capture.json --model D:\source\Sezika\.artifacts\models\laya-mmbert --cases D:\source\Sezika\.artifacts\s346-20260926\nimble-plan\cases-004.json --contract D:\source\Sezika\tests\fixtures\laya-oracle\contract.v1.json --output D:\source\Sezika\.artifacts\s346-20260926\nimble-full\batch-004\actual --backend cuda --length-policy laya_compatible --max-cases 46 --timeout-seconds 600
PID 56236 running: 39s

Read bounded local reference inputs and frozen identities; reference numerical outputs are not deserialized.
Loading verified local model for 46 case(s), backend=cuda, length_policy=LayaCompatible.
capture 1/46: fast-41-diverse-082-006-base
capture 2/46: fast-41-diverse-082-006-counterfactual
capture 3/46: fast-41-diverse-084-006-base
capture 4/46: fast-41-diverse-084-006-counterfactual
capture 5/46: fast-41-diverse-099-001-base
capture 6/46: fast-41-diverse-099-001-counterfactual
capture 7/46: fast-41-diverse-099-003-base
capture 8/46: fast-41-diverse-099-003-counterfactual
capture 9/46: fast-41-diverse-099-008-base
capture 10/46: fast-41-diverse-099-008-counterfactual
capture 11/46: fast-41-diverse-171-001-base
capture 12/46: fast-41-diverse-171-001-counterfactual
capture 13/46: fast-41-diverse-171-003-base
capture 14/46: fast-41-diverse-171-003-counterfactual
capture 15/46: fast-41-diverse-171-004-base
capture 16/46: fast-41-diverse-171-004-counterfactual
capture 17/46: fast-41-diverse-171-006-base
capture 18/46: fast-41-diverse-171-006-counterfactual
capture 19/46: fast-41-diverse-171-007-base
capture 20/46: fast-41-diverse-171-007-counterfactual
capture 21/46: fast-41-diverse-171-008-base
capture 22/46: fast-41-diverse-171-008-counterfactual
capture 23/46: fast-41-diverse-174-001-base
capture 24/46: fast-41-diverse-174-001-counterfactual
capture 25/46: fast-41-diverse-174-005-base
capture 26/46: fast-41-diverse-174-005-counterfactual
capture 27/46: fast-41-diverse-174-007-base
capture 28/46: fast-41-diverse-174-007-counterfactual
capture 29/46: fast-41-diverse-211-018-base
capture 30/46: fast-41-diverse-211-018-counterfactual
capture 31/46: fast-41-diverse-211-020-base
capture 32/46: fast-41-diverse-211-020-counterfactual
capture 33/46: fast-41-diverse-212-023-base
capture 34/46: fast-41-diverse-212-023-counterfactual
capture 35/46: fast-41-diverse-212-028-base
capture 36/46: fast-41-diverse-212-028-counterfactual
capture 37/46: fast-41-diverse-212-032-base
capture 38/46: fast-41-diverse-212-032-counterfactual
capture 39/46: fast-41-diverse-212-034-base
capture 40/46: fast-41-diverse-212-034-counterfactual
capture 41/46: fast-41-diverse-212-037-base
capture 42/46: fast-41-diverse-212-037-counterfactual
capture 43/46: fast-41-diverse-212-042-base
capture 44/46: fast-41-diverse-212-042-counterfactual
capture 45/46: fast-41-diverse-212-045-base
capture 46/46: fast-41-diverse-212-045-counterfactual
completed: 46/46 selected rows; D:\source\Sezika\.artifacts\s346-20260926\nimble-full\batch-004\actual\capture.json

Completed PID 56236, status Succeeded, exit 0, elapsed 44.436s; result: D:\source\Sezika\.artifacts\s346-20260926\nimble-full\processes\20260926-030639-797-capture-3.result.json
Started PID 35736, timeout 45s: C:\Program Files\dotnet\dotnet.exe D:\source\Sezika\.artifacts\build\s346-final-20260926\bin\Sezika.OracleCompare\release\Sezika.OracleCompare.dll D:\source\Sezika\.artifacts\s346-20260926\nimble-full\batch-004\reference\capture.json D:\source\Sezika\.artifacts\s346-20260926\nimble-full\batch-004\actual\capture.json D:\source\Sezika\tests\fixtures\laya-oracle\contract.v1.json D:\source\Sezika\.artifacts\s346-20260926\nimble-plan\cases-004.json D:\source\Sezika\.artifacts\s346-20260926\nimble-full\batch-004\comparison.json 30

Loading four bounded local JSON files; no model inference.
compare 1/46: fast-41-diverse-082-006-base
compare 2/46: fast-41-diverse-082-006-counterfactual
compare 3/46: fast-41-diverse-084-006-base
compare 4/46: fast-41-diverse-084-006-counterfactual
compare 5/46: fast-41-diverse-099-001-base
compare 6/46: fast-41-diverse-099-001-counterfactual
compare 7/46: fast-41-diverse-099-003-base
compare 8/46: fast-41-diverse-099-003-counterfactual
compare 9/46: fast-41-diverse-099-008-base
compare 10/46: fast-41-diverse-099-008-counterfactual
compare 11/46: fast-41-diverse-171-001-base
compare 12/46: fast-41-diverse-171-001-counterfactual
compare 13/46: fast-41-diverse-171-003-base
compare 14/46: fast-41-diverse-171-003-counterfactual
compare 15/46: fast-41-diverse-171-004-base
compare 16/46: fast-41-diverse-171-004-counterfactual
compare 17/46: fast-41-diverse-171-006-base
compare 18/46: fast-41-diverse-171-006-counterfactual
compare 19/46: fast-41-diverse-171-007-base
compare 20/46: fast-41-diverse-171-007-counterfactual
compare 21/46: fast-41-diverse-171-008-base
compare 22/46: fast-41-diverse-171-008-counterfactual
compare 23/46: fast-41-diverse-174-001-base
compare 24/46: fast-41-diverse-174-001-counterfactual
compare 25/46: fast-41-diverse-174-005-base
compare 26/46: fast-41-diverse-174-005-counterfactual
compare 27/46: fast-41-diverse-174-007-base
compare 28/46: fast-41-diverse-174-007-counterfactual
compare 29/46: fast-41-diverse-211-018-base
compare 30/46: fast-41-diverse-211-018-counterfactual
compare 31/46: fast-41-diverse-211-020-base
compare 32/46: fast-41-diverse-211-020-counterfactual
compare 33/46: fast-41-diverse-212-023-base
compare 34/46: fast-41-diverse-212-023-counterfactual
compare 35/46: fast-41-diverse-212-028-base
compare 36/46: fast-41-diverse-212-028-counterfactual
compare 37/46: fast-41-diverse-212-032-base
compare 38/46: fast-41-diverse-212-032-counterfactual
compare 39/46: fast-41-diverse-212-034-base
compare 40/46: fast-41-diverse-212-034-counterfactual
compare 41/46: fast-41-diverse-212-037-base
compare 42/46: fast-41-diverse-212-037-counterfactual
compare 43/46: fast-41-diverse-212-042-base
compare 44/46: fast-41-diverse-212-042-counterfactual
compare 45/46: fast-41-diverse-212-045-base
compare 46/46: fast-41-diverse-212-045-counterfactual
Comparison passed: 46 answered pairs, 0 failure pairs, 0 issues; coverage=46/46; full_manifest_passed=True.

Completed PID 35736, status Succeeded, exit 0, elapsed 2.432s; result: D:\source\Sezika\.artifacts\s346-20260926\nimble-full\processes\20260926-030724-249-compare-3.result.json
Oracle batch 5/8, source offset 184, rows 46
Started PID 48412, timeout 620s: D:\source\Sezika\.artifacts\laya-oracle-work\venv\Scripts\python.exe -B D:\source\Sezika\tools\Sezika.LayaOracle\export_oracle.py --upstream D:\source\Sezika\.artifacts\laya-oracle-work\upstream --model D:\source\Sezika\.artifacts\models\laya-mmbert --output D:\source\Sezika\.artifacts\s346-20260926\nimble-full\batch-005\reference --cases D:\source\Sezika\.artifacts\s346-20260926\nimble-plan\cases-005.json --contract D:\source\Sezika\tests\fixtures\laya-oracle\contract.v1.json --max-cases 46 --timeout-seconds 600
PID 48412 running: 41s
PID 48412 running: 84s
PID 48412 running: 128s
PID 48412 running: 167s
PID 48412 running: 206s

[0.0s] parse JSON properties
[19.8s] verify FP32 model parameters
Case 1/46: fast-41-diverse-212-059-base
Case fast-41-diverse-212-059-base: answered
Case 2/46: fast-41-diverse-212-059-counterfactual
Case fast-41-diverse-212-059-counterfactual: answered
Case 3/46: fast-41-diverse-213-001-base
Case fast-41-diverse-213-001-base: answered
Case 4/46: fast-41-diverse-213-001-counterfactual
Case fast-41-diverse-213-001-counterfactual: answered
Case 5/46: fast-41-diverse-213-016-base
[35.1s] decode fast-41-diverse-213-016-base
Case fast-41-diverse-213-016-base: answered
Case 6/46: fast-41-diverse-213-016-counterfactual
Case fast-41-diverse-213-016-counterfactual: answered
Case 7/46: fast-41-diverse-216-009-base
Case fast-41-diverse-216-009-base: answered
Case 8/46: fast-41-diverse-216-009-counterfactual
[52.0s] decode fast-41-diverse-216-009-counterfactual
Case fast-41-diverse-216-009-counterfactual: answered
Case 9/46: fast-41-diverse-273-007-base
Case fast-41-diverse-273-007-base: answered
Case 10/46: fast-41-diverse-273-007-counterfactual
Case fast-41-diverse-273-007-counterfactual: answered
Case 11/46: fast-41-diverse-273-008-base
Case fast-41-diverse-273-008-base: answered
Case 12/46: fast-41-diverse-273-008-counterfactual
Case fast-41-diverse-273-008-counterfactual: answered
Case 13/46: fast-41-diverse-274-002-base
[69.8s] decode fast-41-diverse-274-002-base
Case fast-41-diverse-274-002-base: answered
Case 14/46: fast-41-diverse-274-002-counterfactual
Case fast-41-diverse-274-002-counterfactual: answered
Case 15/46: fast-41-diverse-274-004-base
Case fast-41-diverse-274-004-base: answered
Case 16/46: fast-41-diverse-274-004-counterfactual
Case fast-41-diverse-274-004-counterfactual: answered
Case 17/46: fast-41-diverse-275-013-base
[85.1s] decode fast-41-diverse-275-013-base
Case fast-41-diverse-275-013-base: answered
Case 18/46: fast-41-diverse-275-013-counterfactual
Case fast-41-diverse-275-013-counterfactual: answered
Case 19/46: fast-43-diverse-007-002-base
Case fast-43-diverse-007-002-base: answered
Case 20/46: fast-43-diverse-007-002-counterfactual
Case fast-43-diverse-007-002-counterfactual: answered
Case 21/46: fast-43-diverse-007-012-base
[101.3s] decode fast-43-diverse-007-012-base
Case fast-43-diverse-007-012-base: answered
Case 22/46: fast-43-diverse-007-012-counterfactual
Case fast-43-diverse-007-012-counterfactual: answered
Case 23/46: fast-43-diverse-008-010-base
Case fast-43-diverse-008-010-base: answered
Case 24/46: fast-43-diverse-008-010-counterfactual
Case fast-43-diverse-008-010-counterfactual: answered
Case 25/46: fast-43-diverse-010-001-base
[117.3s] decode fast-43-diverse-010-001-base
Case fast-43-diverse-010-001-base: answered
Case 26/46: fast-43-diverse-010-001-counterfactual
Case fast-43-diverse-010-001-counterfactual: answered
Case 27/46: fast-43-diverse-079-003-base
Case fast-43-diverse-079-003-base: answered
Case 28/46: fast-43-diverse-079-003-counterfactual
Case fast-43-diverse-079-003-counterfactual: answered
Case 29/46: fast-43-diverse-079-015-base
[136.8s] decode fast-43-diverse-079-015-base
Case fast-43-diverse-079-015-base: answered
Case 30/46: fast-43-diverse-079-015-counterfactual
Case fast-43-diverse-079-015-counterfactual: answered
Case 31/46: fast-43-diverse-079-019-base
Case fast-43-diverse-079-019-base: answered
Case 32/46: fast-43-diverse-079-019-counterfactual
[152.8s] decode fast-43-diverse-079-019-counterfactual
Case fast-43-diverse-079-019-counterfactual: answered
Case 33/46: fast-43-diverse-079-022-base
Case fast-43-diverse-079-022-base: answered
Case 34/46: fast-43-diverse-079-022-counterfactual
Case fast-43-diverse-079-022-counterfactual: answered
Case 35/46: fast-43-diverse-079-023-base
Case fast-43-diverse-079-023-base: answered
Case 36/46: fast-43-diverse-079-023-counterfactual
[172.0s] decode fast-43-diverse-079-023-counterfactual
Case fast-43-diverse-079-023-counterfactual: answered
Case 37/46: fast-43-diverse-079-037-base
Case fast-43-diverse-079-037-base: answered
Case 38/46: fast-43-diverse-079-037-counterfactual
Case fast-43-diverse-079-037-counterfactual: answered
Case 39/46: fast-43-diverse-079-045-base
[187.2s] decode fast-43-diverse-079-045-base
Case fast-43-diverse-079-045-base: answered
Case 40/46: fast-43-diverse-079-045-counterfactual
Case fast-43-diverse-079-045-counterfactual: answered
Case 41/46: fast-43-diverse-079-046-base
Case fast-43-diverse-079-046-base: answered
Case 42/46: fast-43-diverse-079-046-counterfactual
Case fast-43-diverse-079-046-counterfactual: answered
Case 43/46: fast-43-diverse-079-054-base
[205.9s] decode fast-43-diverse-079-054-base
Case fast-43-diverse-079-054-base: answered
Case 44/46: fast-43-diverse-079-054-counterfactual
Case fast-43-diverse-079-054-counterfactual: answered
Case 45/46: fast-43-diverse-079-055-base
Case fast-43-diverse-079-055-base: answered
Case 46/46: fast-43-diverse-079-055-counterfactual
[220.9s] decode fast-43-diverse-079-055-counterfactual
Case fast-43-diverse-079-055-counterfactual: answered

Completed PID 48412, status Succeeded, exit 0, elapsed 224.612s; result: D:\source\Sezika\.artifacts\s346-20260926\nimble-full\processes\20260926-030726-809-reference-4.result.json
Started PID 50040, timeout 456s: C:\Program Files\dotnet\dotnet.exe D:\source\Sezika\.artifacts\build\s346-final-20260926\bin\Sezika.OracleCapture\release\Sezika.OracleCapture.dll --reference D:\source\Sezika\.artifacts\s346-20260926\nimble-full\batch-005\reference\capture.json --model D:\source\Sezika\.artifacts\models\laya-mmbert --cases D:\source\Sezika\.artifacts\s346-20260926\nimble-plan\cases-005.json --contract D:\source\Sezika\tests\fixtures\laya-oracle\contract.v1.json --output D:\source\Sezika\.artifacts\s346-20260926\nimble-full\batch-005\actual --backend cuda --length-policy laya_compatible --max-cases 46 --timeout-seconds 600
PID 50040 running: 38s

Read bounded local reference inputs and frozen identities; reference numerical outputs are not deserialized.
Loading verified local model for 46 case(s), backend=cuda, length_policy=LayaCompatible.
capture 1/46: fast-41-diverse-212-059-base
capture 2/46: fast-41-diverse-212-059-counterfactual
capture 3/46: fast-41-diverse-213-001-base
capture 4/46: fast-41-diverse-213-001-counterfactual
capture 5/46: fast-41-diverse-213-016-base
capture 6/46: fast-41-diverse-213-016-counterfactual
capture 7/46: fast-41-diverse-216-009-base
capture 8/46: fast-41-diverse-216-009-counterfactual
capture 9/46: fast-41-diverse-273-007-base
capture 10/46: fast-41-diverse-273-007-counterfactual
capture 11/46: fast-41-diverse-273-008-base
capture 12/46: fast-41-diverse-273-008-counterfactual
capture 13/46: fast-41-diverse-274-002-base
capture 14/46: fast-41-diverse-274-002-counterfactual
capture 15/46: fast-41-diverse-274-004-base
capture 16/46: fast-41-diverse-274-004-counterfactual
capture 17/46: fast-41-diverse-275-013-base
capture 18/46: fast-41-diverse-275-013-counterfactual
capture 19/46: fast-43-diverse-007-002-base
capture 20/46: fast-43-diverse-007-002-counterfactual
capture 21/46: fast-43-diverse-007-012-base
capture 22/46: fast-43-diverse-007-012-counterfactual
capture 23/46: fast-43-diverse-008-010-base
capture 24/46: fast-43-diverse-008-010-counterfactual
capture 25/46: fast-43-diverse-010-001-base
capture 26/46: fast-43-diverse-010-001-counterfactual
capture 27/46: fast-43-diverse-079-003-base
capture 28/46: fast-43-diverse-079-003-counterfactual
capture 29/46: fast-43-diverse-079-015-base
capture 30/46: fast-43-diverse-079-015-counterfactual
capture 31/46: fast-43-diverse-079-019-base
capture 32/46: fast-43-diverse-079-019-counterfactual
capture 33/46: fast-43-diverse-079-022-base
capture 34/46: fast-43-diverse-079-022-counterfactual
capture 35/46: fast-43-diverse-079-023-base
capture 36/46: fast-43-diverse-079-023-counterfactual
capture 37/46: fast-43-diverse-079-037-base
capture 38/46: fast-43-diverse-079-037-counterfactual
capture 39/46: fast-43-diverse-079-045-base
capture 40/46: fast-43-diverse-079-045-counterfactual
capture 41/46: fast-43-diverse-079-046-base
capture 42/46: fast-43-diverse-079-046-counterfactual
capture 43/46: fast-43-diverse-079-054-base
capture 44/46: fast-43-diverse-079-054-counterfactual
capture 45/46: fast-43-diverse-079-055-base
capture 46/46: fast-43-diverse-079-055-counterfactual
completed: 46/46 selected rows; D:\source\Sezika\.artifacts\s346-20260926\nimble-full\batch-005\actual\capture.json

Completed PID 50040, status Succeeded, exit 0, elapsed 53.905s; result: D:\source\Sezika\.artifacts\s346-20260926\nimble-full\processes\20260926-031111-445-capture-4.result.json
Started PID 7628, timeout 45s: C:\Program Files\dotnet\dotnet.exe D:\source\Sezika\.artifacts\build\s346-final-20260926\bin\Sezika.OracleCompare\release\Sezika.OracleCompare.dll D:\source\Sezika\.artifacts\s346-20260926\nimble-full\batch-005\reference\capture.json D:\source\Sezika\.artifacts\s346-20260926\nimble-full\batch-005\actual\capture.json D:\source\Sezika\tests\fixtures\laya-oracle\contract.v1.json D:\source\Sezika\.artifacts\s346-20260926\nimble-plan\cases-005.json D:\source\Sezika\.artifacts\s346-20260926\nimble-full\batch-005\comparison.json 30

Loading four bounded local JSON files; no model inference.
compare 1/46: fast-41-diverse-212-059-base
compare 2/46: fast-41-diverse-212-059-counterfactual
compare 3/46: fast-41-diverse-213-001-base
compare 4/46: fast-41-diverse-213-001-counterfactual
compare 5/46: fast-41-diverse-213-016-base
compare 6/46: fast-41-diverse-213-016-counterfactual
compare 7/46: fast-41-diverse-216-009-base
compare 8/46: fast-41-diverse-216-009-counterfactual
compare 9/46: fast-41-diverse-273-007-base
compare 10/46: fast-41-diverse-273-007-counterfactual
compare 11/46: fast-41-diverse-273-008-base
compare 12/46: fast-41-diverse-273-008-counterfactual
compare 13/46: fast-41-diverse-274-002-base
compare 14/46: fast-41-diverse-274-002-counterfactual
compare 15/46: fast-41-diverse-274-004-base
compare 16/46: fast-41-diverse-274-004-counterfactual
compare 17/46: fast-41-diverse-275-013-base
compare 18/46: fast-41-diverse-275-013-counterfactual
compare 19/46: fast-43-diverse-007-002-base
compare 20/46: fast-43-diverse-007-002-counterfactual
compare 21/46: fast-43-diverse-007-012-base
compare 22/46: fast-43-diverse-007-012-counterfactual
compare 23/46: fast-43-diverse-008-010-base
compare 24/46: fast-43-diverse-008-010-counterfactual
compare 25/46: fast-43-diverse-010-001-base
compare 26/46: fast-43-diverse-010-001-counterfactual
compare 27/46: fast-43-diverse-079-003-base
compare 28/46: fast-43-diverse-079-003-counterfactual
compare 29/46: fast-43-diverse-079-015-base
compare 30/46: fast-43-diverse-079-015-counterfactual
compare 31/46: fast-43-diverse-079-019-base
compare 32/46: fast-43-diverse-079-019-counterfactual
compare 33/46: fast-43-diverse-079-022-base
compare 34/46: fast-43-diverse-079-022-counterfactual
compare 35/46: fast-43-diverse-079-023-base
compare 36/46: fast-43-diverse-079-023-counterfactual
compare 37/46: fast-43-diverse-079-037-base
compare 38/46: fast-43-diverse-079-037-counterfactual
compare 39/46: fast-43-diverse-079-045-base
compare 40/46: fast-43-diverse-079-045-counterfactual
compare 41/46: fast-43-diverse-079-046-base
compare 42/46: fast-43-diverse-079-046-counterfactual
compare 43/46: fast-43-diverse-079-054-base
compare 44/46: fast-43-diverse-079-054-counterfactual
compare 45/46: fast-43-diverse-079-055-base
compare 46/46: fast-43-diverse-079-055-counterfactual
Comparison failed: 46 answered pairs, 0 failure pairs, 24 issues; coverage=46/46; full_manifest_passed=False.

Completed PID 7628, status Failed, exit 1, elapsed 1.931s; result: D:\source\Sezika\.artifacts\s346-20260926\nimble-full\processes\20260926-031205-368-compare-4.result.json
compare-4 recorded a numerical difference; retain the capture and continue the frozen plan.
Oracle batch 6/8, source offset 230, rows 46
Started PID 77512, timeout 400s: D:\source\Sezika\.artifacts\laya-oracle-work\venv\Scripts\python.exe -B D:\source\Sezika\tools\Sezika.LayaOracle\export_oracle.py --upstream D:\source\Sezika\.artifacts\laya-oracle-work\upstream --model D:\source\Sezika\.artifacts\models\laya-mmbert --output D:\source\Sezika\.artifacts\s346-20260926\nimble-full\batch-006\reference --cases D:\source\Sezika\.artifacts\s346-20260926\nimble-plan\cases-006.json --contract D:\source\Sezika\tests\fixtures\laya-oracle\contract.v1.json --max-cases 46 --timeout-seconds 600
PID 77512 running: 40s
PID 77512 running: 79s
PID 77512 running: 118s
PID 77512 running: 155s
PID 77512 running: 194s

[0.0s] parse JSON properties
[19.2s] verify FP32 model parameters
Case 1/46: fast-43-diverse-079-056-base
Case fast-43-diverse-079-056-base: answered
Case 2/46: fast-43-diverse-079-056-counterfactual
Case fast-43-diverse-079-056-counterfactual: answered
Case 3/46: fast-43-diverse-079-057-base
[36.4s] decode fast-43-diverse-079-057-base
Case fast-43-diverse-079-057-base: answered
Case 4/46: fast-43-diverse-079-057-counterfactual
Case fast-43-diverse-079-057-counterfactual: answered
Case 5/46: fast-43-diverse-079-058-base
Case fast-43-diverse-079-058-base: answered
Case 6/46: fast-43-diverse-079-058-counterfactual
[53.4s] decode fast-43-diverse-079-058-counterfactual
Case fast-43-diverse-079-058-counterfactual: answered
Case 7/46: fast-43-diverse-079-059-base
Case fast-43-diverse-079-059-base: answered
Case 8/46: fast-43-diverse-079-059-counterfactual
Case fast-43-diverse-079-059-counterfactual: answered
Case 9/46: fast-43-diverse-079-060-base
[69.1s] decode fast-43-diverse-079-060-base
Case fast-43-diverse-079-060-base: answered
Case 10/46: fast-43-diverse-079-060-counterfactual
Case fast-43-diverse-079-060-counterfactual: answered
Case 11/46: fast-43-diverse-081-014-base
Case fast-43-diverse-081-014-base: answered
Case 12/46: fast-43-diverse-081-014-counterfactual
Case fast-43-diverse-081-014-counterfactual: answered
Case 13/46: fast-43-diverse-081-016-base
Case fast-43-diverse-081-016-base: answered
Case 14/46: fast-43-diverse-081-016-counterfactual
[84.7s] decode fast-43-diverse-081-016-counterfactual
Case fast-43-diverse-081-016-counterfactual: answered
Case 15/46: fast-43-diverse-081-019-base
Case fast-43-diverse-081-019-base: answered
Case 16/46: fast-43-diverse-081-019-counterfactual
Case fast-43-diverse-081-019-counterfactual: answered
Case 17/46: fast-43-diverse-081-022-base
Case fast-43-diverse-081-022-base: answered
Case 18/46: fast-43-diverse-081-022-counterfactual
Case fast-43-diverse-081-022-counterfactual: answered
Case 19/46: fast-43-diverse-169-012-base
Case fast-43-diverse-169-012-base: answered
Case 20/46: fast-43-diverse-169-012-counterfactual
[103.8s] decode fast-43-diverse-169-012-counterfactual
Case fast-43-diverse-169-012-counterfactual: answered
Case 21/46: fast-43-diverse-169-020-base
Case fast-43-diverse-169-020-base: answered
Case 22/46: fast-43-diverse-169-020-counterfactual
Case fast-43-diverse-169-020-counterfactual: answered
Case 23/46: fast-43-diverse-169-023-base
Case fast-43-diverse-169-023-base: answered
Case 24/46: fast-43-diverse-169-023-counterfactual
[121.5s] decode fast-43-diverse-169-023-counterfactual
Case fast-43-diverse-169-023-counterfactual: answered
Case 25/46: fast-43-diverse-169-024-base
Case fast-43-diverse-169-024-base: answered
Case 26/46: fast-43-diverse-169-024-counterfactual
Case fast-43-diverse-169-024-counterfactual: answered
Case 27/46: fast-43-diverse-169-053-base
Case fast-43-diverse-169-053-base: answered
Case 28/46: fast-43-diverse-169-053-counterfactual
[138.6s] decode fast-43-diverse-169-053-counterfactual
Case fast-43-diverse-169-053-counterfactual: answered
Case 29/46: fast-43-diverse-169-064-base
Case fast-43-diverse-169-064-base: answered
Case 30/46: fast-43-diverse-169-064-counterfactual
Case fast-43-diverse-169-064-counterfactual: answered
Case 31/46: fast-43-diverse-169-065-base
Case fast-43-diverse-169-065-base: answered
Case 32/46: fast-43-diverse-169-065-counterfactual
[155.4s] decode fast-43-diverse-169-065-counterfactual
Case fast-43-diverse-169-065-counterfactual: answered
Case 33/46: fast-43-diverse-169-066-base
Case fast-43-diverse-169-066-base: answered
Case 34/46: fast-43-diverse-169-066-counterfactual
Case fast-43-diverse-169-066-counterfactual: answered
Case 35/46: fast-43-diverse-169-068-base
Case fast-43-diverse-169-068-base: answered
Case 36/46: fast-43-diverse-169-068-counterfactual
[172.2s] decode fast-43-diverse-169-068-counterfactual
Case fast-43-diverse-169-068-counterfactual: answered
Case 37/46: fast-43-diverse-169-070-base
Case fast-43-diverse-169-070-base: answered
Case 38/46: fast-43-diverse-169-070-counterfactual
Case fast-43-diverse-169-070-counterfactual: answered
Case 39/46: fast-43-diverse-169-071-base
Case fast-43-diverse-169-071-base: answered
Case 40/46: fast-43-diverse-169-071-counterfactual
[189.0s] decode fast-43-diverse-169-071-counterfactual
Case fast-43-diverse-169-071-counterfactual: answered
Case 41/46: fast-43-diverse-169-085-base
Case fast-43-diverse-169-085-base: answered
Case 42/46: fast-43-diverse-169-085-counterfactual
Case fast-43-diverse-169-085-counterfactual: answered
Case 43/46: fast-43-diverse-169-087-base
Case fast-43-diverse-169-087-base: answered
Case 44/46: fast-43-diverse-169-087-counterfactual
[206.3s] decode fast-43-diverse-169-087-counterfactual
Case fast-43-diverse-169-087-counterfactual: answered
Case 45/46: fast-43-diverse-169-097-base
Case fast-43-diverse-169-097-base: answered
Case 46/46: fast-43-diverse-169-097-counterfactual
Case fast-43-diverse-169-097-counterfactual: answered

Completed PID 77512, status Succeeded, exit 0, elapsed 218.329s; result: D:\source\Sezika\.artifacts\s346-20260926\nimble-full\processes\20260926-031207-320-reference-5.result.json
Started PID 33588, timeout 182s: C:\Program Files\dotnet\dotnet.exe D:\source\Sezika\.artifacts\build\s346-final-20260926\bin\Sezika.OracleCapture\release\Sezika.OracleCapture.dll --reference D:\source\Sezika\.artifacts\s346-20260926\nimble-full\batch-006\reference\capture.json --model D:\source\Sezika\.artifacts\models\laya-mmbert --cases D:\source\Sezika\.artifacts\s346-20260926\nimble-plan\cases-006.json --contract D:\source\Sezika\tests\fixtures\laya-oracle\contract.v1.json --output D:\source\Sezika\.artifacts\s346-20260926\nimble-full\batch-006\actual --backend cuda --length-policy laya_compatible --max-cases 46 --timeout-seconds 600
PID 33588 running: 39s

Read bounded local reference inputs and frozen identities; reference numerical outputs are not deserialized.
Loading verified local model for 46 case(s), backend=cuda, length_policy=LayaCompatible.
capture 1/46: fast-43-diverse-079-056-base
capture 2/46: fast-43-diverse-079-056-counterfactual
capture 3/46: fast-43-diverse-079-057-base
capture 4/46: fast-43-diverse-079-057-counterfactual
capture 5/46: fast-43-diverse-079-058-base
capture 6/46: fast-43-diverse-079-058-counterfactual
capture 7/46: fast-43-diverse-079-059-base
capture 8/46: fast-43-diverse-079-059-counterfactual
capture 9/46: fast-43-diverse-079-060-base
capture 10/46: fast-43-diverse-079-060-counterfactual
capture 11/46: fast-43-diverse-081-014-base
capture 12/46: fast-43-diverse-081-014-counterfactual
capture 13/46: fast-43-diverse-081-016-base
capture 14/46: fast-43-diverse-081-016-counterfactual
capture 15/46: fast-43-diverse-081-019-base
capture 16/46: fast-43-diverse-081-019-counterfactual
capture 17/46: fast-43-diverse-081-022-base
capture 18/46: fast-43-diverse-081-022-counterfactual
capture 19/46: fast-43-diverse-169-012-base
capture 20/46: fast-43-diverse-169-012-counterfactual
capture 21/46: fast-43-diverse-169-020-base
capture 22/46: fast-43-diverse-169-020-counterfactual
capture 23/46: fast-43-diverse-169-023-base
capture 24/46: fast-43-diverse-169-023-counterfactual
capture 25/46: fast-43-diverse-169-024-base
capture 26/46: fast-43-diverse-169-024-counterfactual
capture 27/46: fast-43-diverse-169-053-base
capture 28/46: fast-43-diverse-169-053-counterfactual
capture 29/46: fast-43-diverse-169-064-base
capture 30/46: fast-43-diverse-169-064-counterfactual
capture 31/46: fast-43-diverse-169-065-base
capture 32/46: fast-43-diverse-169-065-counterfactual
capture 33/46: fast-43-diverse-169-066-base
capture 34/46: fast-43-diverse-169-066-counterfactual
capture 35/46: fast-43-diverse-169-068-base
capture 36/46: fast-43-diverse-169-068-counterfactual
capture 37/46: fast-43-diverse-169-070-base
capture 38/46: fast-43-diverse-169-070-counterfactual
capture 39/46: fast-43-diverse-169-071-base
capture 40/46: fast-43-diverse-169-071-counterfactual
capture 41/46: fast-43-diverse-169-085-base
capture 42/46: fast-43-diverse-169-085-counterfactual
capture 43/46: fast-43-diverse-169-087-base
capture 44/46: fast-43-diverse-169-087-counterfactual
capture 45/46: fast-43-diverse-169-097-base
capture 46/46: fast-43-diverse-169-097-counterfactual
completed: 46/46 selected rows; D:\source\Sezika\.artifacts\s346-20260926\nimble-full\batch-006\actual\capture.json

Completed PID 33588, status Succeeded, exit 0, elapsed 53.916s; result: D:\source\Sezika\.artifacts\s346-20260926\nimble-full\processes\20260926-031545-665-capture-5.result.json
Started PID 79444, timeout 45s: C:\Program Files\dotnet\dotnet.exe D:\source\Sezika\.artifacts\build\s346-final-20260926\bin\Sezika.OracleCompare\release\Sezika.OracleCompare.dll D:\source\Sezika\.artifacts\s346-20260926\nimble-full\batch-006\reference\capture.json D:\source\Sezika\.artifacts\s346-20260926\nimble-full\batch-006\actual\capture.json D:\source\Sezika\tests\fixtures\laya-oracle\contract.v1.json D:\source\Sezika\.artifacts\s346-20260926\nimble-plan\cases-006.json D:\source\Sezika\.artifacts\s346-20260926\nimble-full\batch-006\comparison.json 30

Loading four bounded local JSON files; no model inference.
compare 1/46: fast-43-diverse-079-056-base
compare 2/46: fast-43-diverse-079-056-counterfactual
compare 3/46: fast-43-diverse-079-057-base
compare 4/46: fast-43-diverse-079-057-counterfactual
compare 5/46: fast-43-diverse-079-058-base
compare 6/46: fast-43-diverse-079-058-counterfactual
compare 7/46: fast-43-diverse-079-059-base
compare 8/46: fast-43-diverse-079-059-counterfactual
compare 9/46: fast-43-diverse-079-060-base
compare 10/46: fast-43-diverse-079-060-counterfactual
compare 11/46: fast-43-diverse-081-014-base
compare 12/46: fast-43-diverse-081-014-counterfactual
compare 13/46: fast-43-diverse-081-016-base
compare 14/46: fast-43-diverse-081-016-counterfactual
compare 15/46: fast-43-diverse-081-019-base
compare 16/46: fast-43-diverse-081-019-counterfactual
compare 17/46: fast-43-diverse-081-022-base
compare 18/46: fast-43-diverse-081-022-counterfactual
compare 19/46: fast-43-diverse-169-012-base
compare 20/46: fast-43-diverse-169-012-counterfactual
compare 21/46: fast-43-diverse-169-020-base
compare 22/46: fast-43-diverse-169-020-counterfactual
compare 23/46: fast-43-diverse-169-023-base
compare 24/46: fast-43-diverse-169-023-counterfactual
compare 25/46: fast-43-diverse-169-024-base
compare 26/46: fast-43-diverse-169-024-counterfactual
compare 27/46: fast-43-diverse-169-053-base
compare 28/46: fast-43-diverse-169-053-counterfactual
compare 29/46: fast-43-diverse-169-064-base
compare 30/46: fast-43-diverse-169-064-counterfactual
compare 31/46: fast-43-diverse-169-065-base
compare 32/46: fast-43-diverse-169-065-counterfactual
compare 33/46: fast-43-diverse-169-066-base
compare 34/46: fast-43-diverse-169-066-counterfactual
compare 35/46: fast-43-diverse-169-068-base
compare 36/46: fast-43-diverse-169-068-counterfactual
compare 37/46: fast-43-diverse-169-070-base
compare 38/46: fast-43-diverse-169-070-counterfactual
compare 39/46: fast-43-diverse-169-071-base
compare 40/46: fast-43-diverse-169-071-counterfactual
compare 41/46: fast-43-diverse-169-085-base
compare 42/46: fast-43-diverse-169-085-counterfactual
compare 43/46: fast-43-diverse-169-087-base
compare 44/46: fast-43-diverse-169-087-counterfactual
compare 45/46: fast-43-diverse-169-097-base
compare 46/46: fast-43-diverse-169-097-counterfactual
Comparison passed: 46 answered pairs, 0 failure pairs, 0 issues; coverage=46/46; full_manifest_passed=True.

Completed PID 79444, status Succeeded, exit 0, elapsed 1.901s; result: D:\source\Sezika\.artifacts\s346-20260926\nimble-full\processes\20260926-031639-596-compare-5.result.json
Oracle batch 7/8, source offset 276, rows 46
Started PID 67652, timeout 126s: D:\source\Sezika\.artifacts\laya-oracle-work\venv\Scripts\python.exe -B D:\source\Sezika\tools\Sezika.LayaOracle\export_oracle.py --upstream D:\source\Sezika\.artifacts\laya-oracle-work\upstream --model D:\source\Sezika\.artifacts\models\laya-mmbert --output D:\source\Sezika\.artifacts\s346-20260926\nimble-full\batch-007\reference --cases D:\source\Sezika\.artifacts\s346-20260926\nimble-plan\cases-007.json --contract D:\source\Sezika\tests\fixtures\laya-oracle\contract.v1.json --max-cases 46 --timeout-seconds 600
PID 67652 running: 39s
PID 67652 running: 79s
PID 67652 running: 119s

[0.0s] parse JSON properties
[18.2s] verify FP32 model parameters
Case 1/46: fast-43-diverse-169-099-base
Case fast-43-diverse-169-099-base: answered
Case 2/46: fast-43-diverse-169-099-counterfactual
Case fast-43-diverse-169-099-counterfactual: answered
Case 3/46: fast-43-diverse-171-001-base
Case fast-43-diverse-171-001-base: answered
Case 4/46: fast-43-diverse-171-001-counterfactual
Case fast-43-diverse-171-001-counterfactual: answered
Case 5/46: fast-43-diverse-171-002-base
[33.2s] decode fast-43-diverse-171-002-base
Case fast-43-diverse-171-002-base: answered
Case 6/46: fast-43-diverse-171-002-counterfactual
Case fast-43-diverse-171-002-counterfactual: answered
Case 7/46: fast-43-diverse-171-003-base
Case fast-43-diverse-171-003-base: answered
Case 8/46: fast-43-diverse-171-003-counterfactual
Case fast-43-diverse-171-003-counterfactual: answered
Case 9/46: fast-43-diverse-171-004-base
Case fast-43-diverse-171-004-base: answered
Case 10/46: fast-43-diverse-171-004-counterfactual
Case fast-43-diverse-171-004-counterfactual: answered
Case 11/46: fast-43-diverse-171-006-base
Case fast-43-diverse-171-006-base: answered
Case 12/46: fast-43-diverse-171-006-counterfactual
Case fast-43-diverse-171-006-counterfactual: answered
Case 13/46: fast-43-diverse-171-008-base
[49.8s] decode fast-43-diverse-171-008-base
Case fast-43-diverse-171-008-base: answered
Case 14/46: fast-43-diverse-171-008-counterfactual
Case fast-43-diverse-171-008-counterfactual: answered
Case 15/46: fast-43-diverse-171-010-base
Case fast-43-diverse-171-010-base: answered
Case 16/46: fast-43-diverse-171-010-counterfactual
Case fast-43-diverse-171-010-counterfactual: answered
Case 17/46: fast-43-diverse-171-012-base
Case fast-43-diverse-171-012-base: answered
Case 18/46: fast-43-diverse-171-012-counterfactual
Case fast-43-diverse-171-012-counterfactual: answered
Case 19/46: fast-43-diverse-171-013-base
Case fast-43-diverse-171-013-base: answered
Case 20/46: fast-43-diverse-171-013-counterfactual
Case fast-43-diverse-171-013-counterfactual: answered
Case 21/46: fast-43-diverse-171-015-base
[66.7s] decode fast-43-diverse-171-015-base
Case fast-43-diverse-171-015-base: answered
Case 22/46: fast-43-diverse-171-015-counterfactual
Case fast-43-diverse-171-015-counterfactual: answered
Case 23/46: fast-43-diverse-171-016-base
Case fast-43-diverse-171-016-base: answered
Case 24/46: fast-43-diverse-171-016-counterfactual
Case fast-43-diverse-171-016-counterfactual: answered
Case 25/46: fast-43-diverse-174-001-base
Case fast-43-diverse-174-001-base: answered
Case 26/46: fast-43-diverse-174-001-counterfactual
Case fast-43-diverse-174-001-counterfactual: answered
Case 27/46: fast-43-diverse-174-005-base
[85.3s] decode fast-43-diverse-174-005-base
Case fast-43-diverse-174-005-base: answered
Case 28/46: fast-43-diverse-174-005-counterfactual
Case fast-43-diverse-174-005-counterfactual: answered
Case 29/46: fast-43-diverse-174-006-base
Case fast-43-diverse-174-006-base: answered
Case 30/46: fast-43-diverse-174-006-counterfactual
Case fast-43-diverse-174-006-counterfactual: answered
Case 31/46: fast-43-diverse-174-007-base
[101.3s] decode fast-43-diverse-174-007-base
Case fast-43-diverse-174-007-base: answered
Case 32/46: fast-43-diverse-174-007-counterfactual
Case fast-43-diverse-174-007-counterfactual: answered
Case 33/46: fast-43-diverse-174-008-base
Case fast-43-diverse-174-008-base: answered
Case 34/46: fast-43-diverse-174-008-counterfactual
Case fast-43-diverse-174-008-counterfactual: answered
Case 35/46: fast-43-diverse-174-009-base
[116.7s] decode fast-43-diverse-174-009-base
Case fast-43-diverse-174-009-base: answered
Case 36/46: fast-43-diverse-174-009-counterfactual
Case fast-43-diverse-174-009-counterfactual: answered
Case 37/46: fast-43-diverse-174-010-base
Case fast-43-diverse-174-010-base: answered
Case 38/46: fast-43-diverse-174-010-counterfactual

Completed PID 67652, status TimedOut, exit , elapsed 129.279s; result: D:\source\Sezika\.artifacts\s346-20260926\nimble-full\processes\20260926-031641-514-reference-6.result.json
