Oracle batch 1/6, source offset 0, rows 46
Started PID 10196, timeout 620s: D:\source\Sezika\.artifacts\laya-oracle-work\venv\Scripts\python.exe -B D:\source\Sezika\tools\Sezika.LayaOracle\export_oracle.py --upstream D:\source\Sezika\.artifacts\laya-oracle-work\upstream --model D:\source\Sezika\.artifacts\models\laya-mmbert --output D:\source\Sezika\.artifacts\s346-20260926\paws-full\batch-001\reference --cases D:\source\Sezika\.artifacts\s346-20260926\paws-plan-verified\cases-001.json --contract D:\source\Sezika\tests\fixtures\laya-oracle\contract.v1.json --max-cases 46 --timeout-seconds 600
PID 10196 running: 42s

[0.0s] parse JSON properties
[18.3s] verify FP32 model parameters
Case 1/46: paws-1
Case paws-1: answered
Case 2/46: paws-1032
Case paws-1032: answered
Case 3/46: paws-1079
Case paws-1079: answered
Case 4/46: paws-1112
Case paws-1112: answered
Case 5/46: paws-1175
Case paws-1175: answered
Case 6/46: paws-1187
Case paws-1187: answered
Case 7/46: paws-1231
Case paws-1231: answered
Case 8/46: paws-1309
Case paws-1309: answered
Case 9/46: paws-1320
Case paws-1320: answered
Case 10/46: paws-1338
Case paws-1338: answered
Case 11/46: paws-1360
Case paws-1360: answered
Case 12/46: paws-1378
Case paws-1378: answered
Case 13/46: paws-1388
Case paws-1388: answered
Case 14/46: paws-1407
Case paws-1407: answered
Case 15/46: paws-1421
Case paws-1421: answered
Case 16/46: paws-1449
Case paws-1449: answered
Case 17/46: paws-1460
Case paws-1460: answered
Case 18/46: paws-1503
[33.5s] decode paws-1503
Case paws-1503: answered
Case 19/46: paws-1522
Case paws-1522: answered
Case 20/46: paws-1530
Case paws-1530: answered
Case 21/46: paws-1539
Case paws-1539: answered
Case 22/46: paws-16
Case paws-16: answered
Case 23/46: paws-1625
Case paws-1625: answered
Case 24/46: paws-1694
Case paws-1694: answered
Case 25/46: paws-1708
Case paws-1708: answered
Case 26/46: paws-1714
Case paws-1714: answered
Case 27/46: paws-1716
Case paws-1716: answered
Case 28/46: paws-174
Case paws-174: answered
Case 29/46: paws-1746
Case paws-1746: answered
Case 30/46: paws-175
Case paws-175: answered
Case 31/46: paws-1777
Case paws-1777: answered
Case 32/46: paws-180
Case paws-180: answered
Case 33/46: paws-1889
Case paws-1889: answered
Case 34/46: paws-190
Case paws-190: answered
Case 35/46: paws-1951
Case paws-1951: answered
Case 36/46: paws-2019
Case paws-2019: answered
Case 37/46: paws-2041
[48.7s] decode paws-2041
Case paws-2041: answered
Case 38/46: paws-2067
Case paws-2067: answered
Case 39/46: paws-2086
Case paws-2086: answered
Case 40/46: paws-2087
Case paws-2087: answered
Case 41/46: paws-2094
Case paws-2094: answered
Case 42/46: paws-2148
Case paws-2148: answered
Case 43/46: paws-2171
Case paws-2171: answered
Case 44/46: paws-2218
Case paws-2218: answered
Case 45/46: paws-2224
Case paws-2224: answered
Case 46/46: paws-2237
Case paws-2237: answered

Completed PID 10196, status Succeeded, exit 0, elapsed 61.62s; result: D:\source\Sezika\.artifacts\s346-20260926\paws-full\processes\20260926-024052-881-reference-0.result.json
Started PID 68684, timeout 620s: C:\Program Files\dotnet\dotnet.exe D:\source\Sezika\.artifacts\build\s346-final-20260926\bin\Sezika.OracleCapture\release\Sezika.OracleCapture.dll --reference D:\source\Sezika\.artifacts\s346-20260926\paws-full\batch-001\reference\capture.json --model D:\source\Sezika\.artifacts\models\laya-mmbert --cases D:\source\Sezika\.artifacts\s346-20260926\paws-plan-verified\cases-001.json --contract D:\source\Sezika\tests\fixtures\laya-oracle\contract.v1.json --output D:\source\Sezika\.artifacts\s346-20260926\paws-full\batch-001\actual --backend cuda --length-policy laya_compatible --max-cases 46 --timeout-seconds 600

Read bounded local reference inputs and frozen identities; reference numerical outputs are not deserialized.
Loading verified local model for 46 case(s), backend=cuda, length_policy=LayaCompatible.
capture 1/46: paws-1
capture 2/46: paws-1032
capture 3/46: paws-1079
capture 4/46: paws-1112
capture 5/46: paws-1175
capture 6/46: paws-1187
capture 7/46: paws-1231
capture 8/46: paws-1309
capture 9/46: paws-1320
capture 10/46: paws-1338
capture 11/46: paws-1360
capture 12/46: paws-1378
capture 13/46: paws-1388
capture 14/46: paws-1407
capture 15/46: paws-1421
capture 16/46: paws-1449
capture 17/46: paws-1460
capture 18/46: paws-1503
capture 19/46: paws-1522
capture 20/46: paws-1530
capture 21/46: paws-1539
capture 22/46: paws-16
capture 23/46: paws-1625
capture 24/46: paws-1694
capture 25/46: paws-1708
capture 26/46: paws-1714
capture 27/46: paws-1716
capture 28/46: paws-174
capture 29/46: paws-1746
capture 30/46: paws-175
capture 31/46: paws-1777
capture 32/46: paws-180
capture 33/46: paws-1889
capture 34/46: paws-190
capture 35/46: paws-1951
capture 36/46: paws-2019
capture 37/46: paws-2041
capture 38/46: paws-2067
capture 39/46: paws-2086
capture 40/46: paws-2087
capture 41/46: paws-2094
capture 42/46: paws-2148
capture 43/46: paws-2171
capture 44/46: paws-2218
capture 45/46: paws-2224
capture 46/46: paws-2237
completed: 46/46 selected rows; D:\source\Sezika\.artifacts\s346-20260926\paws-full\batch-001\actual\capture.json

Completed PID 68684, status Succeeded, exit 0, elapsed 22.404s; result: D:\source\Sezika\.artifacts\s346-20260926\paws-full\processes\20260926-024154-537-capture-0.result.json
Started PID 58136, timeout 45s: C:\Program Files\dotnet\dotnet.exe D:\source\Sezika\.artifacts\build\s346-final-20260926\bin\Sezika.OracleCompare\release\Sezika.OracleCompare.dll D:\source\Sezika\.artifacts\s346-20260926\paws-full\batch-001\reference\capture.json D:\source\Sezika\.artifacts\s346-20260926\paws-full\batch-001\actual\capture.json D:\source\Sezika\tests\fixtures\laya-oracle\contract.v1.json D:\source\Sezika\.artifacts\s346-20260926\paws-plan-verified\cases-001.json D:\source\Sezika\.artifacts\s346-20260926\paws-full\batch-001\comparison.json 30

Loading four bounded local JSON files; no model inference.
compare 1/46: paws-1
compare 2/46: paws-1032
compare 3/46: paws-1079
compare 4/46: paws-1112
compare 5/46: paws-1175
compare 6/46: paws-1187
compare 7/46: paws-1231
compare 8/46: paws-1309
compare 9/46: paws-1320
compare 10/46: paws-1338
compare 11/46: paws-1360
compare 12/46: paws-1378
compare 13/46: paws-1388
compare 14/46: paws-1407
compare 15/46: paws-1421
compare 16/46: paws-1449
compare 17/46: paws-1460
compare 18/46: paws-1503
compare 19/46: paws-1522
compare 20/46: paws-1530
compare 21/46: paws-1539
compare 22/46: paws-16
compare 23/46: paws-1625
compare 24/46: paws-1694
compare 25/46: paws-1708
compare 26/46: paws-1714
compare 27/46: paws-1716
compare 28/46: paws-174
compare 29/46: paws-1746
compare 30/46: paws-175
compare 31/46: paws-1777
compare 32/46: paws-180
compare 33/46: paws-1889
compare 34/46: paws-190
compare 35/46: paws-1951
compare 36/46: paws-2019
compare 37/46: paws-2041
compare 38/46: paws-2067
compare 39/46: paws-2086
compare 40/46: paws-2087
compare 41/46: paws-2094
compare 42/46: paws-2148
compare 43/46: paws-2171
compare 44/46: paws-2218
compare 45/46: paws-2224
compare 46/46: paws-2237
Comparison passed: 46 answered pairs, 0 failure pairs, 0 issues; coverage=46/46; full_manifest_passed=True.

Completed PID 58136, status Succeeded, exit 0, elapsed 2.788s; result: D:\source\Sezika\.artifacts\s346-20260926\paws-full\processes\20260926-024216-961-compare-0.result.json
Oracle batch 2/6, source offset 46, rows 46
Started PID 28576, timeout 620s: D:\source\Sezika\.artifacts\laya-oracle-work\venv\Scripts\python.exe -B D:\source\Sezika\tools\Sezika.LayaOracle\export_oracle.py --upstream D:\source\Sezika\.artifacts\laya-oracle-work\upstream --model D:\source\Sezika\.artifacts\models\laya-mmbert --output D:\source\Sezika\.artifacts\s346-20260926\paws-full\batch-002\reference --cases D:\source\Sezika\.artifacts\s346-20260926\paws-plan-verified\cases-002.json --contract D:\source\Sezika\tests\fixtures\laya-oracle\contract.v1.json --max-cases 46 --timeout-seconds 600
PID 28576 running: 42s

[0.0s] parse JSON properties
[20.6s] verify FP32 model parameters
Case 1/46: paws-2247
Case paws-2247: answered
Case 2/46: paws-2418
Case paws-2418: answered
Case 3/46: paws-2464
Case paws-2464: answered
Case 4/46: paws-2478
Case paws-2478: answered
Case 5/46: paws-2497
Case paws-2497: answered
Case 6/46: paws-2520
Case paws-2520: answered
Case 7/46: paws-2540
Case paws-2540: answered
Case 8/46: paws-2547
Case paws-2547: answered
Case 9/46: paws-2576
Case paws-2576: answered
Case 10/46: paws-2585
Case paws-2585: answered
Case 11/46: paws-2634
Case paws-2634: answered
Case 12/46: paws-2717
Case paws-2717: answered
Case 13/46: paws-2730
Case paws-2730: answered
Case 14/46: paws-2750
[35.6s] decode paws-2750
Case paws-2750: answered
Case 15/46: paws-2753
Case paws-2753: answered
Case 16/46: paws-2791
Case paws-2791: answered
Case 17/46: paws-2805
Case paws-2805: answered
Case 18/46: paws-2849
Case paws-2849: answered
Case 19/46: paws-2850
Case paws-2850: answered
Case 20/46: paws-2864
Case paws-2864: answered
Case 21/46: paws-2882
Case paws-2882: answered
Case 22/46: paws-2897
Case paws-2897: answered
Case 23/46: paws-2903
Case paws-2903: answered
Case 24/46: paws-2918
Case paws-2918: answered
Case 25/46: paws-2938
Case paws-2938: answered
Case 26/46: paws-2988
Case paws-2988: answered
Case 27/46: paws-2998
Case paws-2998: answered
Case 28/46: paws-2999
Case paws-2999: answered
Case 29/46: paws-3005
Case paws-3005: answered
Case 30/46: paws-3030
[51.1s] decode paws-3030
Case paws-3030: answered
Case 31/46: paws-3059
Case paws-3059: answered
Case 32/46: paws-3119
Case paws-3119: answered
Case 33/46: paws-3151
Case paws-3151: answered
Case 34/46: paws-3167
Case paws-3167: answered
Case 35/46: paws-3173
Case paws-3173: answered
Case 36/46: paws-3220
Case paws-3220: answered
Case 37/46: paws-3222
Case paws-3222: answered
Case 38/46: paws-3226
Case paws-3226: answered
Case 39/46: paws-3234
Case paws-3234: answered
Case 40/46: paws-3260
Case paws-3260: answered
Case 41/46: paws-3312
Case paws-3312: answered
Case 42/46: paws-3324
Case paws-3324: answered
Case 43/46: paws-3339
Case paws-3339: answered
Case 44/46: paws-3409
Case paws-3409: answered
Case 45/46: paws-3446
Case paws-3446: answered
Case 46/46: paws-3447
Case paws-3447: answered

Completed PID 28576, status Succeeded, exit 0, elapsed 66.961s; result: D:\source\Sezika\.artifacts\s346-20260926\paws-full\processes\20260926-024219-776-reference-1.result.json
Started PID 61972, timeout 620s: C:\Program Files\dotnet\dotnet.exe D:\source\Sezika\.artifacts\build\s346-final-20260926\bin\Sezika.OracleCapture\release\Sezika.OracleCapture.dll --reference D:\source\Sezika\.artifacts\s346-20260926\paws-full\batch-002\reference\capture.json --model D:\source\Sezika\.artifacts\models\laya-mmbert --cases D:\source\Sezika\.artifacts\s346-20260926\paws-plan-verified\cases-002.json --contract D:\source\Sezika\tests\fixtures\laya-oracle\contract.v1.json --output D:\source\Sezika\.artifacts\s346-20260926\paws-full\batch-002\actual --backend cuda --length-policy laya_compatible --max-cases 46 --timeout-seconds 600

Read bounded local reference inputs and frozen identities; reference numerical outputs are not deserialized.
Loading verified local model for 46 case(s), backend=cuda, length_policy=LayaCompatible.
capture 1/46: paws-2247
capture 2/46: paws-2418
capture 3/46: paws-2464
capture 4/46: paws-2478
capture 5/46: paws-2497
capture 6/46: paws-2520
capture 7/46: paws-2540
capture 8/46: paws-2547
capture 9/46: paws-2576
capture 10/46: paws-2585
capture 11/46: paws-2634
capture 12/46: paws-2717
capture 13/46: paws-2730
capture 14/46: paws-2750
capture 15/46: paws-2753
capture 16/46: paws-2791
capture 17/46: paws-2805
capture 18/46: paws-2849
capture 19/46: paws-2850
capture 20/46: paws-2864
capture 21/46: paws-2882
capture 22/46: paws-2897
capture 23/46: paws-2903
capture 24/46: paws-2918
capture 25/46: paws-2938
capture 26/46: paws-2988
capture 27/46: paws-2998
capture 28/46: paws-2999
capture 29/46: paws-3005
capture 30/46: paws-3030
capture 31/46: paws-3059
capture 32/46: paws-3119
capture 33/46: paws-3151
capture 34/46: paws-3167
capture 35/46: paws-3173
capture 36/46: paws-3220
capture 37/46: paws-3222
capture 38/46: paws-3226
capture 39/46: paws-3234
capture 40/46: paws-3260
capture 41/46: paws-3312
capture 42/46: paws-3324
capture 43/46: paws-3339
capture 44/46: paws-3409
capture 45/46: paws-3446
capture 46/46: paws-3447
completed: 46/46 selected rows; D:\source\Sezika\.artifacts\s346-20260926\paws-full\batch-002\actual\capture.json

Completed PID 61972, status Succeeded, exit 0, elapsed 16.942s; result: D:\source\Sezika\.artifacts\s346-20260926\paws-full\processes\20260926-024326-755-capture-1.result.json
Started PID 44048, timeout 45s: C:\Program Files\dotnet\dotnet.exe D:\source\Sezika\.artifacts\build\s346-final-20260926\bin\Sezika.OracleCompare\release\Sezika.OracleCompare.dll D:\source\Sezika\.artifacts\s346-20260926\paws-full\batch-002\reference\capture.json D:\source\Sezika\.artifacts\s346-20260926\paws-full\batch-002\actual\capture.json D:\source\Sezika\tests\fixtures\laya-oracle\contract.v1.json D:\source\Sezika\.artifacts\s346-20260926\paws-plan-verified\cases-002.json D:\source\Sezika\.artifacts\s346-20260926\paws-full\batch-002\comparison.json 30

Loading four bounded local JSON files; no model inference.
compare 1/46: paws-2247
compare 2/46: paws-2418
compare 3/46: paws-2464
compare 4/46: paws-2478
compare 5/46: paws-2497
compare 6/46: paws-2520
compare 7/46: paws-2540
compare 8/46: paws-2547
compare 9/46: paws-2576
compare 10/46: paws-2585
compare 11/46: paws-2634
compare 12/46: paws-2717
compare 13/46: paws-2730
compare 14/46: paws-2750
compare 15/46: paws-2753
compare 16/46: paws-2791
compare 17/46: paws-2805
compare 18/46: paws-2849
compare 19/46: paws-2850
compare 20/46: paws-2864
compare 21/46: paws-2882
compare 22/46: paws-2897
compare 23/46: paws-2903
compare 24/46: paws-2918
compare 25/46: paws-2938
compare 26/46: paws-2988
compare 27/46: paws-2998
compare 28/46: paws-2999
compare 29/46: paws-3005
compare 30/46: paws-3030
compare 31/46: paws-3059
compare 32/46: paws-3119
compare 33/46: paws-3151
compare 34/46: paws-3167
compare 35/46: paws-3173
compare 36/46: paws-3220
compare 37/46: paws-3222
compare 38/46: paws-3226
compare 39/46: paws-3234
compare 40/46: paws-3260
compare 41/46: paws-3312
compare 42/46: paws-3324
compare 43/46: paws-3339
compare 44/46: paws-3409
compare 45/46: paws-3446
compare 46/46: paws-3447
Comparison passed: 46 answered pairs, 0 failure pairs, 0 issues; coverage=46/46; full_manifest_passed=True.

Completed PID 44048, status Succeeded, exit 0, elapsed 1.843s; result: D:\source\Sezika\.artifacts\s346-20260926\paws-full\processes\20260926-024343-705-compare-1.result.json
Oracle batch 3/6, source offset 92, rows 46
Started PID 62852, timeout 620s: D:\source\Sezika\.artifacts\laya-oracle-work\venv\Scripts\python.exe -B D:\source\Sezika\tools\Sezika.LayaOracle\export_oracle.py --upstream D:\source\Sezika\.artifacts\laya-oracle-work\upstream --model D:\source\Sezika\.artifacts\models\laya-mmbert --output D:\source\Sezika\.artifacts\s346-20260926\paws-full\batch-003\reference --cases D:\source\Sezika\.artifacts\s346-20260926\paws-plan-verified\cases-003.json --contract D:\source\Sezika\tests\fixtures\laya-oracle\contract.v1.json --max-cases 46 --timeout-seconds 600
PID 62852 running: 40s

[0.0s] parse JSON properties
[18.5s] verify FP32 model parameters
Case 1/46: paws-3448
Case paws-3448: answered
Case 2/46: paws-3468
Case paws-3468: answered
Case 3/46: paws-3514
Case paws-3514: answered
Case 4/46: paws-356
Case paws-356: answered
Case 5/46: paws-3586
Case paws-3586: answered
Case 6/46: paws-3603
Case paws-3603: answered
Case 7/46: paws-3671
Case paws-3671: answered
Case 8/46: paws-3711
Case paws-3711: answered
Case 9/46: paws-373
Case paws-373: answered
Case 10/46: paws-3745
Case paws-3745: answered
Case 11/46: paws-3778
Case paws-3778: answered
Case 12/46: paws-3792
Case paws-3792: answered
Case 13/46: paws-3800
Case paws-3800: answered
Case 14/46: paws-3814
Case paws-3814: answered
Case 15/46: paws-3861
Case paws-3861: answered
Case 16/46: paws-3892
Case paws-3892: answered
Case 17/46: paws-3932
Case paws-3932: answered
Case 18/46: paws-394
[33.9s] decode paws-394
Case paws-394: answered
Case 19/46: paws-3959
Case paws-3959: answered
Case 20/46: paws-4023
Case paws-4023: answered
Case 21/46: paws-4045
Case paws-4045: answered
Case 22/46: paws-4093
Case paws-4093: answered
Case 23/46: paws-4139
Case paws-4139: answered
Case 24/46: paws-414
Case paws-414: answered
Case 25/46: paws-4155
Case paws-4155: answered
Case 26/46: paws-4180
Case paws-4180: answered
Case 27/46: paws-4207
Case paws-4207: answered
Case 28/46: paws-4240
Case paws-4240: answered
Case 29/46: paws-4266
Case paws-4266: answered
Case 30/46: paws-4305
Case paws-4305: answered
Case 31/46: paws-4329
Case paws-4329: answered
Case 32/46: paws-434
Case paws-434: answered
Case 33/46: paws-4344
Case paws-4344: answered
Case 34/46: paws-4358
Case paws-4358: answered
Case 35/46: paws-4376
Case paws-4376: answered
Case 36/46: paws-4419
[48.9s] decode paws-4419
Case paws-4419: answered
Case 37/46: paws-4422
Case paws-4422: answered
Case 38/46: paws-4433
Case paws-4433: answered
Case 39/46: paws-4525
Case paws-4525: answered
Case 40/46: paws-4642
Case paws-4642: answered
Case 41/46: paws-466
Case paws-466: answered
Case 42/46: paws-4763
Case paws-4763: answered
Case 43/46: paws-4802
Case paws-4802: answered
Case 44/46: paws-4811
Case paws-4811: answered
Case 45/46: paws-4825
Case paws-4825: answered
Case 46/46: paws-4850
Case paws-4850: answered

Completed PID 62852, status Succeeded, exit 0, elapsed 62.021s; result: D:\source\Sezika\.artifacts\s346-20260926\paws-full\processes\20260926-024345-563-reference-2.result.json
Started PID 37736, timeout 620s: C:\Program Files\dotnet\dotnet.exe D:\source\Sezika\.artifacts\build\s346-final-20260926\bin\Sezika.OracleCapture\release\Sezika.OracleCapture.dll --reference D:\source\Sezika\.artifacts\s346-20260926\paws-full\batch-003\reference\capture.json --model D:\source\Sezika\.artifacts\models\laya-mmbert --cases D:\source\Sezika\.artifacts\s346-20260926\paws-plan-verified\cases-003.json --contract D:\source\Sezika\tests\fixtures\laya-oracle\contract.v1.json --output D:\source\Sezika\.artifacts\s346-20260926\paws-full\batch-003\actual --backend cuda --length-policy laya_compatible --max-cases 46 --timeout-seconds 600

Read bounded local reference inputs and frozen identities; reference numerical outputs are not deserialized.
Loading verified local model for 46 case(s), backend=cuda, length_policy=LayaCompatible.
capture 1/46: paws-3448
capture 2/46: paws-3468
capture 3/46: paws-3514
capture 4/46: paws-356
capture 5/46: paws-3586
capture 6/46: paws-3603
capture 7/46: paws-3671
capture 8/46: paws-3711
capture 9/46: paws-373
capture 10/46: paws-3745
capture 11/46: paws-3778
capture 12/46: paws-3792
capture 13/46: paws-3800
capture 14/46: paws-3814
capture 15/46: paws-3861
capture 16/46: paws-3892
capture 17/46: paws-3932
capture 18/46: paws-394
capture 19/46: paws-3959
capture 20/46: paws-4023
capture 21/46: paws-4045
capture 22/46: paws-4093
capture 23/46: paws-4139
capture 24/46: paws-414
capture 25/46: paws-4155
capture 26/46: paws-4180
capture 27/46: paws-4207
capture 28/46: paws-4240
capture 29/46: paws-4266
capture 30/46: paws-4305
capture 31/46: paws-4329
capture 32/46: paws-434
capture 33/46: paws-4344
capture 34/46: paws-4358
capture 35/46: paws-4376
capture 36/46: paws-4419
capture 37/46: paws-4422
capture 38/46: paws-4433
capture 39/46: paws-4525
capture 40/46: paws-4642
capture 41/46: paws-466
capture 42/46: paws-4763
capture 43/46: paws-4802
capture 44/46: paws-4811
capture 45/46: paws-4825
capture 46/46: paws-4850
completed: 46/46 selected rows; D:\source\Sezika\.artifacts\s346-20260926\paws-full\batch-003\actual\capture.json

Completed PID 37736, status Succeeded, exit 0, elapsed 19.381s; result: D:\source\Sezika\.artifacts\s346-20260926\paws-full\processes\20260926-024447-600-capture-2.result.json
Started PID 61576, timeout 45s: C:\Program Files\dotnet\dotnet.exe D:\source\Sezika\.artifacts\build\s346-final-20260926\bin\Sezika.OracleCompare\release\Sezika.OracleCompare.dll D:\source\Sezika\.artifacts\s346-20260926\paws-full\batch-003\reference\capture.json D:\source\Sezika\.artifacts\s346-20260926\paws-full\batch-003\actual\capture.json D:\source\Sezika\tests\fixtures\laya-oracle\contract.v1.json D:\source\Sezika\.artifacts\s346-20260926\paws-plan-verified\cases-003.json D:\source\Sezika\.artifacts\s346-20260926\paws-full\batch-003\comparison.json 30

Loading four bounded local JSON files; no model inference.
compare 1/46: paws-3448
compare 2/46: paws-3468
compare 3/46: paws-3514
compare 4/46: paws-356
compare 5/46: paws-3586
compare 6/46: paws-3603
compare 7/46: paws-3671
compare 8/46: paws-3711
compare 9/46: paws-373
compare 10/46: paws-3745
compare 11/46: paws-3778
compare 12/46: paws-3792
compare 13/46: paws-3800
compare 14/46: paws-3814
compare 15/46: paws-3861
compare 16/46: paws-3892
compare 17/46: paws-3932
compare 18/46: paws-394
compare 19/46: paws-3959
compare 20/46: paws-4023
compare 21/46: paws-4045
compare 22/46: paws-4093
compare 23/46: paws-4139
compare 24/46: paws-414
compare 25/46: paws-4155
compare 26/46: paws-4180
compare 27/46: paws-4207
compare 28/46: paws-4240
compare 29/46: paws-4266
compare 30/46: paws-4305
compare 31/46: paws-4329
compare 32/46: paws-434
compare 33/46: paws-4344
compare 34/46: paws-4358
compare 35/46: paws-4376
compare 36/46: paws-4419
compare 37/46: paws-4422
compare 38/46: paws-4433
compare 39/46: paws-4525
compare 40/46: paws-4642
compare 41/46: paws-466
compare 42/46: paws-4763
compare 43/46: paws-4802
compare 44/46: paws-4811
compare 45/46: paws-4825
compare 46/46: paws-4850
Comparison passed: 46 answered pairs, 0 failure pairs, 0 issues; coverage=46/46; full_manifest_passed=True.

Completed PID 61576, status Succeeded, exit 0, elapsed 4.531s; result: D:\source\Sezika\.artifacts\s346-20260926\paws-full\processes\20260926-024507-041-compare-2.result.json
Oracle batch 4/6, source offset 138, rows 46
Started PID 65128, timeout 620s: D:\source\Sezika\.artifacts\laya-oracle-work\venv\Scripts\python.exe -B D:\source\Sezika\tools\Sezika.LayaOracle\export_oracle.py --upstream D:\source\Sezika\.artifacts\laya-oracle-work\upstream --model D:\source\Sezika\.artifacts\models\laya-mmbert --output D:\source\Sezika\.artifacts\s346-20260926\paws-full\batch-004\reference --cases D:\source\Sezika\.artifacts\s346-20260926\paws-plan-verified\cases-004.json --contract D:\source\Sezika\tests\fixtures\laya-oracle\contract.v1.json --max-cases 46 --timeout-seconds 600
PID 65128 running: 45s

[0.0s] parse JSON properties
[23.2s] verify FP32 model parameters
Case 1/46: paws-4886
Case paws-4886: answered
Case 2/46: paws-4915
Case paws-4915: answered
Case 3/46: paws-4923
Case paws-4923: answered
Case 4/46: paws-4932
Case paws-4932: answered
Case 5/46: paws-4934
Case paws-4934: answered
Case 6/46: paws-4957
Case paws-4957: answered
Case 7/46: paws-5019
Case paws-5019: answered
Case 8/46: paws-5054
Case paws-5054: answered
Case 9/46: paws-5077
Case paws-5077: answered
Case 10/46: paws-5100
Case paws-5100: answered
Case 11/46: paws-5165
Case paws-5165: answered
Case 12/46: paws-5168
Case paws-5168: answered
Case 13/46: paws-5259
Case paws-5259: answered
Case 14/46: paws-5298
Case paws-5298: answered
Case 15/46: paws-5307
Case paws-5307: answered
Case 16/46: paws-5334
Case paws-5334: answered
Case 17/46: paws-5344
Case paws-5344: answered
Case 18/46: paws-5356
Case paws-5356: answered
Case 19/46: paws-5358
[38.9s] decode paws-5358
Case paws-5358: answered
Case 20/46: paws-5404
Case paws-5404: answered
Case 21/46: paws-5516
Case paws-5516: answered
Case 22/46: paws-5585
Case paws-5585: answered
Case 23/46: paws-5639
Case paws-5639: answered
Case 24/46: paws-565
Case paws-565: answered
Case 25/46: paws-5657
Case paws-5657: answered
Case 26/46: paws-567
Case paws-567: answered
Case 27/46: paws-5773
Case paws-5773: answered
Case 28/46: paws-5790
Case paws-5790: answered
Case 29/46: paws-5822
Case paws-5822: answered
Case 30/46: paws-5835
Case paws-5835: answered
Case 31/46: paws-5841
Case paws-5841: answered
Case 32/46: paws-5857
Case paws-5857: answered
Case 33/46: paws-5892
Case paws-5892: answered
Case 34/46: paws-5906
Case paws-5906: answered
Case 35/46: paws-5945
Case paws-5945: answered
Case 36/46: paws-5979
Case paws-5979: answered
Case 37/46: paws-6000
Case paws-6000: answered
Case 38/46: paws-6005
[54.0s] decode paws-6005
Case paws-6005: answered
Case 39/46: paws-6009
Case paws-6009: answered
Case 40/46: paws-6017
Case paws-6017: answered
Case 41/46: paws-602
Case paws-602: answered
Case 42/46: paws-6055
Case paws-6055: answered
Case 43/46: paws-6080
Case paws-6080: answered
Case 44/46: paws-6199
Case paws-6199: answered
Case 45/46: paws-6323
Case paws-6323: answered
Case 46/46: paws-6375
Case paws-6375: answered

Completed PID 65128, status Succeeded, exit 0, elapsed 65.075s; result: D:\source\Sezika\.artifacts\s346-20260926\paws-full\processes\20260926-024511-596-reference-3.result.json
Started PID 35784, timeout 620s: C:\Program Files\dotnet\dotnet.exe D:\source\Sezika\.artifacts\build\s346-final-20260926\bin\Sezika.OracleCapture\release\Sezika.OracleCapture.dll --reference D:\source\Sezika\.artifacts\s346-20260926\paws-full\batch-004\reference\capture.json --model D:\source\Sezika\.artifacts\models\laya-mmbert --cases D:\source\Sezika\.artifacts\s346-20260926\paws-plan-verified\cases-004.json --contract D:\source\Sezika\tests\fixtures\laya-oracle\contract.v1.json --output D:\source\Sezika\.artifacts\s346-20260926\paws-full\batch-004\actual --backend cuda --length-policy laya_compatible --max-cases 46 --timeout-seconds 600

Read bounded local reference inputs and frozen identities; reference numerical outputs are not deserialized.
Loading verified local model for 46 case(s), backend=cuda, length_policy=LayaCompatible.
capture 1/46: paws-4886
capture 2/46: paws-4915
capture 3/46: paws-4923
capture 4/46: paws-4932
capture 5/46: paws-4934
capture 6/46: paws-4957
capture 7/46: paws-5019
capture 8/46: paws-5054
capture 9/46: paws-5077
capture 10/46: paws-5100
capture 11/46: paws-5165
capture 12/46: paws-5168
capture 13/46: paws-5259
capture 14/46: paws-5298
capture 15/46: paws-5307
capture 16/46: paws-5334
capture 17/46: paws-5344
capture 18/46: paws-5356
capture 19/46: paws-5358
capture 20/46: paws-5404
capture 21/46: paws-5516
capture 22/46: paws-5585
capture 23/46: paws-5639
capture 24/46: paws-565
capture 25/46: paws-5657
capture 26/46: paws-567
capture 27/46: paws-5773
capture 28/46: paws-5790
capture 29/46: paws-5822
capture 30/46: paws-5835
capture 31/46: paws-5841
capture 32/46: paws-5857
capture 33/46: paws-5892
capture 34/46: paws-5906
capture 35/46: paws-5945
capture 36/46: paws-5979
capture 37/46: paws-6000
capture 38/46: paws-6005
capture 39/46: paws-6009
capture 40/46: paws-6017
capture 41/46: paws-602
capture 42/46: paws-6055
capture 43/46: paws-6080
capture 44/46: paws-6199
capture 45/46: paws-6323
capture 46/46: paws-6375
completed: 46/46 selected rows; D:\source\Sezika\.artifacts\s346-20260926\paws-full\batch-004\actual\capture.json

Completed PID 35784, status Succeeded, exit 0, elapsed 17.129s; result: D:\source\Sezika\.artifacts\s346-20260926\paws-full\processes\20260926-024616-790-capture-3.result.json
Started PID 57416, timeout 45s: C:\Program Files\dotnet\dotnet.exe D:\source\Sezika\.artifacts\build\s346-final-20260926\bin\Sezika.OracleCompare\release\Sezika.OracleCompare.dll D:\source\Sezika\.artifacts\s346-20260926\paws-full\batch-004\reference\capture.json D:\source\Sezika\.artifacts\s346-20260926\paws-full\batch-004\actual\capture.json D:\source\Sezika\tests\fixtures\laya-oracle\contract.v1.json D:\source\Sezika\.artifacts\s346-20260926\paws-plan-verified\cases-004.json D:\source\Sezika\.artifacts\s346-20260926\paws-full\batch-004\comparison.json 30

Loading four bounded local JSON files; no model inference.
compare 1/46: paws-4886
compare 2/46: paws-4915
compare 3/46: paws-4923
compare 4/46: paws-4932
compare 5/46: paws-4934
compare 6/46: paws-4957
compare 7/46: paws-5019
compare 8/46: paws-5054
compare 9/46: paws-5077
compare 10/46: paws-5100
compare 11/46: paws-5165
compare 12/46: paws-5168
compare 13/46: paws-5259
compare 14/46: paws-5298
compare 15/46: paws-5307
compare 16/46: paws-5334
compare 17/46: paws-5344
compare 18/46: paws-5356
compare 19/46: paws-5358
compare 20/46: paws-5404
compare 21/46: paws-5516
compare 22/46: paws-5585
compare 23/46: paws-5639
compare 24/46: paws-565
compare 25/46: paws-5657
compare 26/46: paws-567
compare 27/46: paws-5773
compare 28/46: paws-5790
compare 29/46: paws-5822
compare 30/46: paws-5835
compare 31/46: paws-5841
compare 32/46: paws-5857
compare 33/46: paws-5892
compare 34/46: paws-5906
compare 35/46: paws-5945
compare 36/46: paws-5979
compare 37/46: paws-6000
compare 38/46: paws-6005
compare 39/46: paws-6009
compare 40/46: paws-6017
compare 41/46: paws-602
compare 42/46: paws-6055
compare 43/46: paws-6080
compare 44/46: paws-6199
compare 45/46: paws-6323
compare 46/46: paws-6375
Comparison passed: 46 answered pairs, 0 failure pairs, 0 issues; coverage=46/46; full_manifest_passed=True.

Completed PID 57416, status Succeeded, exit 0, elapsed 1.846s; result: D:\source\Sezika\.artifacts\s346-20260926\paws-full\processes\20260926-024633-927-compare-3.result.json
Oracle batch 5/6, source offset 184, rows 46
Started PID 30912, timeout 620s: D:\source\Sezika\.artifacts\laya-oracle-work\venv\Scripts\python.exe -B D:\source\Sezika\tools\Sezika.LayaOracle\export_oracle.py --upstream D:\source\Sezika\.artifacts\laya-oracle-work\upstream --model D:\source\Sezika\.artifacts\models\laya-mmbert --output D:\source\Sezika\.artifacts\s346-20260926\paws-full\batch-005\reference --cases D:\source\Sezika\.artifacts\s346-20260926\paws-plan-verified\cases-005.json --contract D:\source\Sezika\tests\fixtures\laya-oracle\contract.v1.json --max-cases 46 --timeout-seconds 600
PID 30912 running: 41s

[0.0s] parse JSON properties
[17.6s] verify FP32 model parameters
Case 1/46: paws-6391
Case paws-6391: answered
Case 2/46: paws-6415
Case paws-6415: answered
Case 3/46: paws-6421
Case paws-6421: answered
Case 4/46: paws-6477
Case paws-6477: answered
Case 5/46: paws-6478
Case paws-6478: answered
Case 6/46: paws-6541
Case paws-6541: answered
Case 7/46: paws-6579
Case paws-6579: answered
Case 8/46: paws-658
Case paws-658: answered
Case 9/46: paws-6707
Case paws-6707: answered
Case 10/46: paws-6715
Case paws-6715: answered
Case 11/46: paws-6742
Case paws-6742: answered
Case 12/46: paws-6788
Case paws-6788: answered
Case 13/46: paws-6835
Case paws-6835: answered
Case 14/46: paws-6839
Case paws-6839: answered
Case 15/46: paws-6892
Case paws-6892: answered
Case 16/46: paws-6920
Case paws-6920: answered
Case 17/46: paws-6948
Case paws-6948: answered
Case 18/46: paws-6968
Case paws-6968: answered
Case 19/46: paws-6985
[33.5s] decode paws-6985
Case paws-6985: answered
Case 20/46: paws-7030
Case paws-7030: answered
Case 21/46: paws-7043
Case paws-7043: answered
Case 22/46: paws-7081
Case paws-7081: answered
Case 23/46: paws-7085
Case paws-7085: answered
Case 24/46: paws-7098
Case paws-7098: answered
Case 25/46: paws-7102
Case paws-7102: answered
Case 26/46: paws-7103
Case paws-7103: answered
Case 27/46: paws-7120
Case paws-7120: answered
Case 28/46: paws-7137
Case paws-7137: answered
Case 29/46: paws-7145
Case paws-7145: answered
Case 30/46: paws-7187
Case paws-7187: answered
Case 31/46: paws-7210
Case paws-7210: answered
Case 32/46: paws-7227
Case paws-7227: answered
Case 33/46: paws-7228
Case paws-7228: answered
Case 34/46: paws-723
Case paws-723: answered
Case 35/46: paws-7253
Case paws-7253: answered
Case 36/46: paws-7261
Case paws-7261: answered
Case 37/46: paws-731
Case paws-731: answered
Case 38/46: paws-7341
[49.0s] decode paws-7341
Case paws-7341: answered
Case 39/46: paws-7413
Case paws-7413: answered
Case 40/46: paws-7415
Case paws-7415: answered
Case 41/46: paws-7483
Case paws-7483: answered
Case 42/46: paws-7511
Case paws-7511: answered
Case 43/46: paws-7540
Case paws-7540: answered
Case 44/46: paws-7541
Case paws-7541: answered
Case 45/46: paws-7619
Case paws-7619: answered
Case 46/46: paws-7631
Case paws-7631: answered

Completed PID 30912, status Succeeded, exit 0, elapsed 58.901s; result: D:\source\Sezika\.artifacts\s346-20260926\paws-full\processes\20260926-024635-791-reference-4.result.json
Started PID 25036, timeout 620s: C:\Program Files\dotnet\dotnet.exe D:\source\Sezika\.artifacts\build\s346-final-20260926\bin\Sezika.OracleCapture\release\Sezika.OracleCapture.dll --reference D:\source\Sezika\.artifacts\s346-20260926\paws-full\batch-005\reference\capture.json --model D:\source\Sezika\.artifacts\models\laya-mmbert --cases D:\source\Sezika\.artifacts\s346-20260926\paws-plan-verified\cases-005.json --contract D:\source\Sezika\tests\fixtures\laya-oracle\contract.v1.json --output D:\source\Sezika\.artifacts\s346-20260926\paws-full\batch-005\actual --backend cuda --length-policy laya_compatible --max-cases 46 --timeout-seconds 600

Read bounded local reference inputs and frozen identities; reference numerical outputs are not deserialized.
Loading verified local model for 46 case(s), backend=cuda, length_policy=LayaCompatible.
capture 1/46: paws-6391
capture 2/46: paws-6415
capture 3/46: paws-6421
capture 4/46: paws-6477
capture 5/46: paws-6478
capture 6/46: paws-6541
capture 7/46: paws-6579
capture 8/46: paws-658
capture 9/46: paws-6707
capture 10/46: paws-6715
capture 11/46: paws-6742
capture 12/46: paws-6788
capture 13/46: paws-6835
capture 14/46: paws-6839
capture 15/46: paws-6892
capture 16/46: paws-6920
capture 17/46: paws-6948
capture 18/46: paws-6968
capture 19/46: paws-6985
capture 20/46: paws-7030
capture 21/46: paws-7043
capture 22/46: paws-7081
capture 23/46: paws-7085
capture 24/46: paws-7098
capture 25/46: paws-7102
capture 26/46: paws-7103
capture 27/46: paws-7120
capture 28/46: paws-7137
capture 29/46: paws-7145
capture 30/46: paws-7187
capture 31/46: paws-7210
capture 32/46: paws-7227
capture 33/46: paws-7228
capture 34/46: paws-723
capture 35/46: paws-7253
capture 36/46: paws-7261
capture 37/46: paws-731
capture 38/46: paws-7341
capture 39/46: paws-7413
capture 40/46: paws-7415
capture 41/46: paws-7483
capture 42/46: paws-7511
capture 43/46: paws-7540
capture 44/46: paws-7541
capture 45/46: paws-7619
capture 46/46: paws-7631
completed: 46/46 selected rows; D:\source\Sezika\.artifacts\s346-20260926\paws-full\batch-005\actual\capture.json

Completed PID 25036, status Succeeded, exit 0, elapsed 16.654s; result: D:\source\Sezika\.artifacts\s346-20260926\paws-full\processes\20260926-024734-716-capture-4.result.json
Started PID 52264, timeout 45s: C:\Program Files\dotnet\dotnet.exe D:\source\Sezika\.artifacts\build\s346-final-20260926\bin\Sezika.OracleCompare\release\Sezika.OracleCompare.dll D:\source\Sezika\.artifacts\s346-20260926\paws-full\batch-005\reference\capture.json D:\source\Sezika\.artifacts\s346-20260926\paws-full\batch-005\actual\capture.json D:\source\Sezika\tests\fixtures\laya-oracle\contract.v1.json D:\source\Sezika\.artifacts\s346-20260926\paws-plan-verified\cases-005.json D:\source\Sezika\.artifacts\s346-20260926\paws-full\batch-005\comparison.json 30

Loading four bounded local JSON files; no model inference.
compare 1/46: paws-6391
compare 2/46: paws-6415
compare 3/46: paws-6421
compare 4/46: paws-6477
compare 5/46: paws-6478
compare 6/46: paws-6541
compare 7/46: paws-6579
compare 8/46: paws-658
compare 9/46: paws-6707
compare 10/46: paws-6715
compare 11/46: paws-6742
compare 12/46: paws-6788
compare 13/46: paws-6835
compare 14/46: paws-6839
compare 15/46: paws-6892
compare 16/46: paws-6920
compare 17/46: paws-6948
compare 18/46: paws-6968
compare 19/46: paws-6985
compare 20/46: paws-7030
compare 21/46: paws-7043
compare 22/46: paws-7081
compare 23/46: paws-7085
compare 24/46: paws-7098
compare 25/46: paws-7102
compare 26/46: paws-7103
compare 27/46: paws-7120
compare 28/46: paws-7137
compare 29/46: paws-7145
compare 30/46: paws-7187
compare 31/46: paws-7210
compare 32/46: paws-7227
compare 33/46: paws-7228
compare 34/46: paws-723
compare 35/46: paws-7253
compare 36/46: paws-7261
compare 37/46: paws-731
compare 38/46: paws-7341
compare 39/46: paws-7413
compare 40/46: paws-7415
compare 41/46: paws-7483
compare 42/46: paws-7511
compare 43/46: paws-7540
compare 44/46: paws-7541
compare 45/46: paws-7619
compare 46/46: paws-7631
Comparison passed: 46 answered pairs, 0 failure pairs, 0 issues; coverage=46/46; full_manifest_passed=True.

Completed PID 52264, status Succeeded, exit 0, elapsed 2.511s; result: D:\source\Sezika\.artifacts\s346-20260926\paws-full\processes\20260926-024751-379-compare-4.result.json
Oracle batch 6/6, source offset 230, rows 20
Started PID 33304, timeout 620s: D:\source\Sezika\.artifacts\laya-oracle-work\venv\Scripts\python.exe -B D:\source\Sezika\tools\Sezika.LayaOracle\export_oracle.py --upstream D:\source\Sezika\.artifacts\laya-oracle-work\upstream --model D:\source\Sezika\.artifacts\models\laya-mmbert --output D:\source\Sezika\.artifacts\s346-20260926\paws-full\batch-006\reference --cases D:\source\Sezika\.artifacts\s346-20260926\paws-plan-verified\cases-006.json --contract D:\source\Sezika\tests\fixtures\laya-oracle\contract.v1.json --max-cases 20 --timeout-seconds 600

[0.0s] parse JSON properties
[18.9s] verify FP32 model parameters
Case 1/20: paws-7633
Case paws-7633: answered
Case 2/20: paws-7704
Case paws-7704: answered
Case 3/20: paws-7707
Case paws-7707: answered
Case 4/20: paws-7719
Case paws-7719: answered
Case 5/20: paws-7731
Case paws-7731: answered
Case 6/20: paws-7771
Case paws-7771: answered
Case 7/20: paws-7777
Case paws-7777: answered
Case 8/20: paws-7877
Case paws-7877: answered
Case 9/20: paws-7893
Case paws-7893: answered
Case 10/20: paws-7929
Case paws-7929: answered
Case 11/20: paws-796
Case paws-796: answered
Case 12/20: paws-7966
Case paws-7966: answered
Case 13/20: paws-7967
Case paws-7967: answered
Case 14/20: paws-7995
Case paws-7995: answered
Case 15/20: paws-870
Case paws-870: answered
Case 16/20: paws-958
Case paws-958: answered
Case 17/20: paws-964
Case paws-964: answered
Case 18/20: paws-966
Case paws-966: answered
Case 19/20: paws-969
[34.1s] decode paws-969
Case paws-969: answered
Case 20/20: paws-974
Case paws-974: answered

Completed PID 33304, status Succeeded, exit 0, elapsed 38.894s; result: D:\source\Sezika\.artifacts\s346-20260926\paws-full\processes\20260926-024753-903-reference-5.result.json
Started PID 68804, timeout 615s: C:\Program Files\dotnet\dotnet.exe D:\source\Sezika\.artifacts\build\s346-final-20260926\bin\Sezika.OracleCapture\release\Sezika.OracleCapture.dll --reference D:\source\Sezika\.artifacts\s346-20260926\paws-full\batch-006\reference\capture.json --model D:\source\Sezika\.artifacts\models\laya-mmbert --cases D:\source\Sezika\.artifacts\s346-20260926\paws-plan-verified\cases-006.json --contract D:\source\Sezika\tests\fixtures\laya-oracle\contract.v1.json --output D:\source\Sezika\.artifacts\s346-20260926\paws-full\batch-006\actual --backend cuda --length-policy laya_compatible --max-cases 20 --timeout-seconds 600

Read bounded local reference inputs and frozen identities; reference numerical outputs are not deserialized.
Loading verified local model for 20 case(s), backend=cuda, length_policy=LayaCompatible.
capture 1/20: paws-7633
capture 2/20: paws-7704
capture 3/20: paws-7707
capture 4/20: paws-7719
capture 5/20: paws-7731
capture 6/20: paws-7771
capture 7/20: paws-7777
capture 8/20: paws-7877
capture 9/20: paws-7893
capture 10/20: paws-7929
capture 11/20: paws-796
capture 12/20: paws-7966
capture 13/20: paws-7967
capture 14/20: paws-7995
capture 15/20: paws-870
capture 16/20: paws-958
capture 17/20: paws-964
capture 18/20: paws-966
capture 19/20: paws-969
capture 20/20: paws-974
completed: 20/20 selected rows; D:\source\Sezika\.artifacts\s346-20260926\paws-full\batch-006\actual\capture.json

Completed PID 68804, status Succeeded, exit 0, elapsed 11.509s; result: D:\source\Sezika\.artifacts\s346-20260926\paws-full\processes\20260926-024832-813-capture-5.result.json
Started PID 76540, timeout 45s: C:\Program Files\dotnet\dotnet.exe D:\source\Sezika\.artifacts\build\s346-final-20260926\bin\Sezika.OracleCompare\release\Sezika.OracleCompare.dll D:\source\Sezika\.artifacts\s346-20260926\paws-full\batch-006\reference\capture.json D:\source\Sezika\.artifacts\s346-20260926\paws-full\batch-006\actual\capture.json D:\source\Sezika\tests\fixtures\laya-oracle\contract.v1.json D:\source\Sezika\.artifacts\s346-20260926\paws-plan-verified\cases-006.json D:\source\Sezika\.artifacts\s346-20260926\paws-full\batch-006\comparison.json 30

Loading four bounded local JSON files; no model inference.
compare 1/20: paws-7633
compare 2/20: paws-7704
compare 3/20: paws-7707
compare 4/20: paws-7719
compare 5/20: paws-7731
compare 6/20: paws-7771
compare 7/20: paws-7777
compare 8/20: paws-7877
compare 9/20: paws-7893
compare 10/20: paws-7929
compare 11/20: paws-796
compare 12/20: paws-7966
compare 13/20: paws-7967
compare 14/20: paws-7995
compare 15/20: paws-870
compare 16/20: paws-958
compare 17/20: paws-964
compare 18/20: paws-966
compare 19/20: paws-969
compare 20/20: paws-974
Comparison passed: 20 answered pairs, 0 failure pairs, 0 issues; coverage=20/20; full_manifest_passed=True.

Completed PID 76540, status Succeeded, exit 0, elapsed 1.981s; result: D:\source\Sezika\.artifacts\s346-20260926\paws-full\processes\20260926-024844-333-compare-5.result.json
