Oracle batch 1/2, source offset 276, rows 46
Started PID 33456, timeout 574s: D:\source\Sezika\.artifacts\laya-oracle-work\venv\Scripts\python.exe -B D:\source\Sezika\tools\Sezika.LayaOracle\export_oracle.py --upstream D:\source\Sezika\.artifacts\laya-oracle-work\upstream --model D:\source\Sezika\.artifacts\models\laya-mmbert --output D:\source\Sezika\.artifacts\s346-20260926\nimble-remaining\batch-007\reference --cases D:\source\Sezika\.artifacts\s346-20260926\nimble-plan\cases-007.json --contract D:\source\Sezika\tests\fixtures\laya-oracle\contract.v1.json --max-cases 46 --timeout-seconds 600
PID 33456 running: 40s
PID 33456 running: 78s
PID 33456 running: 117s
PID 33456 running: 155s

[0.0s] parse JSON properties
[18.6s] verify FP32 model parameters
Case 1/46: fast-43-diverse-169-099-base
Case fast-43-diverse-169-099-base: answered
Case 2/46: fast-43-diverse-169-099-counterfactual
Case fast-43-diverse-169-099-counterfactual: answered
Case 3/46: fast-43-diverse-171-001-base
Case fast-43-diverse-171-001-base: answered
Case 4/46: fast-43-diverse-171-001-counterfactual
[34.0s] decode fast-43-diverse-171-001-counterfactual
Case fast-43-diverse-171-001-counterfactual: answered
Case 5/46: fast-43-diverse-171-002-base
Case fast-43-diverse-171-002-base: answered
Case 6/46: fast-43-diverse-171-002-counterfactual
Case fast-43-diverse-171-002-counterfactual: answered
Case 7/46: fast-43-diverse-171-003-base
Case fast-43-diverse-171-003-base: answered
Case 8/46: fast-43-diverse-171-003-counterfactual
Case fast-43-diverse-171-003-counterfactual: answered
Case 9/46: fast-43-diverse-171-004-base
Case fast-43-diverse-171-004-base: answered
Case 10/46: fast-43-diverse-171-004-counterfactual
Case fast-43-diverse-171-004-counterfactual: answered
Case 11/46: fast-43-diverse-171-006-base
[49.6s] decode fast-43-diverse-171-006-base
Case fast-43-diverse-171-006-base: answered
Case 12/46: fast-43-diverse-171-006-counterfactual
Case fast-43-diverse-171-006-counterfactual: answered
Case 13/46: fast-43-diverse-171-008-base
Case fast-43-diverse-171-008-base: answered
Case 14/46: fast-43-diverse-171-008-counterfactual
Case fast-43-diverse-171-008-counterfactual: answered
Case 15/46: fast-43-diverse-171-010-base
Case fast-43-diverse-171-010-base: answered
Case 16/46: fast-43-diverse-171-010-counterfactual
Case fast-43-diverse-171-010-counterfactual: answered
Case 17/46: fast-43-diverse-171-012-base
Case fast-43-diverse-171-012-base: answered
Case 18/46: fast-43-diverse-171-012-counterfactual
Case fast-43-diverse-171-012-counterfactual: answered
Case 19/46: fast-43-diverse-171-013-base
[65.9s] decode fast-43-diverse-171-013-base
Case fast-43-diverse-171-013-base: answered
Case 20/46: fast-43-diverse-171-013-counterfactual
Case fast-43-diverse-171-013-counterfactual: answered
Case 21/46: fast-43-diverse-171-015-base
Case fast-43-diverse-171-015-base: answered
Case 22/46: fast-43-diverse-171-015-counterfactual
Case fast-43-diverse-171-015-counterfactual: answered
Case 23/46: fast-43-diverse-171-016-base
Case fast-43-diverse-171-016-base: answered
Case 24/46: fast-43-diverse-171-016-counterfactual
Case fast-43-diverse-171-016-counterfactual: answered
Case 25/46: fast-43-diverse-174-001-base
[81.1s] decode fast-43-diverse-174-001-base
Case fast-43-diverse-174-001-base: answered
Case 26/46: fast-43-diverse-174-001-counterfactual
Case fast-43-diverse-174-001-counterfactual: answered
Case 27/46: fast-43-diverse-174-005-base
Case fast-43-diverse-174-005-base: answered
Case 28/46: fast-43-diverse-174-005-counterfactual
Case fast-43-diverse-174-005-counterfactual: answered
Case 29/46: fast-43-diverse-174-006-base
[97.6s] decode fast-43-diverse-174-006-base
Case fast-43-diverse-174-006-base: answered
Case 30/46: fast-43-diverse-174-006-counterfactual
Case fast-43-diverse-174-006-counterfactual: answered
Case 31/46: fast-43-diverse-174-007-base
Case fast-43-diverse-174-007-base: answered
Case 32/46: fast-43-diverse-174-007-counterfactual
Case fast-43-diverse-174-007-counterfactual: answered
Case 33/46: fast-43-diverse-174-008-base
[113.5s] decode fast-43-diverse-174-008-base
Case fast-43-diverse-174-008-base: answered
Case 34/46: fast-43-diverse-174-008-counterfactual
Case fast-43-diverse-174-008-counterfactual: answered
Case 35/46: fast-43-diverse-174-009-base
Case fast-43-diverse-174-009-base: answered
Case 36/46: fast-43-diverse-174-009-counterfactual
Case fast-43-diverse-174-009-counterfactual: answered
Case 37/46: fast-43-diverse-174-010-base
[129.4s] decode fast-43-diverse-174-010-base
Case fast-43-diverse-174-010-base: answered
Case 38/46: fast-43-diverse-174-010-counterfactual
Case fast-43-diverse-174-010-counterfactual: answered
Case 39/46: fast-43-diverse-174-011-base
Case fast-43-diverse-174-011-base: answered
Case 40/46: fast-43-diverse-174-011-counterfactual
Case fast-43-diverse-174-011-counterfactual: answered
Case 41/46: fast-43-diverse-215-039-base
[145.6s] decode fast-43-diverse-215-039-base
Case fast-43-diverse-215-039-base: answered
Case 42/46: fast-43-diverse-215-039-counterfactual
Case fast-43-diverse-215-039-counterfactual: answered
Case 43/46: fast-43-diverse-272-004-base
Case fast-43-diverse-272-004-base: answered
Case 44/46: fast-43-diverse-272-004-counterfactual
Case fast-43-diverse-272-004-counterfactual: answered
Case 45/46: fast-43-diverse-272-009-base
[162.7s] decode fast-43-diverse-272-009-base
Case fast-43-diverse-272-009-base: answered
Case 46/46: fast-43-diverse-272-009-counterfactual
Case fast-43-diverse-272-009-counterfactual: answered

Completed PID 33456, status Succeeded, exit 0, elapsed 170.451s; result: D:\source\Sezika\.artifacts\s346-20260926\nimble-remaining\processes\20260926-031940-854-reference-0.result.json
Started PID 17980, timeout 404s: C:\Program Files\dotnet\dotnet.exe D:\source\Sezika\.artifacts\build\s346-tokenizer-final-20260926\bin\Sezika.OracleCapture\release\Sezika.OracleCapture.dll --reference D:\source\Sezika\.artifacts\s346-20260926\nimble-remaining\batch-007\reference\capture.json --model D:\source\Sezika\.artifacts\models\laya-mmbert --cases D:\source\Sezika\.artifacts\s346-20260926\nimble-plan\cases-007.json --contract D:\source\Sezika\tests\fixtures\laya-oracle\contract.v1.json --output D:\source\Sezika\.artifacts\s346-20260926\nimble-remaining\batch-007\actual --backend cuda --length-policy laya_compatible --max-cases 46 --timeout-seconds 600
PID 17980 running: 40s

Read bounded local reference inputs and frozen identities; reference numerical outputs are not deserialized.
Loading verified local model for 46 case(s), backend=cuda, length_policy=LayaCompatible.
capture 1/46: fast-43-diverse-169-099-base
capture 2/46: fast-43-diverse-169-099-counterfactual
capture 3/46: fast-43-diverse-171-001-base
capture 4/46: fast-43-diverse-171-001-counterfactual
capture 5/46: fast-43-diverse-171-002-base
capture 6/46: fast-43-diverse-171-002-counterfactual
capture 7/46: fast-43-diverse-171-003-base
capture 8/46: fast-43-diverse-171-003-counterfactual
capture 9/46: fast-43-diverse-171-004-base
capture 10/46: fast-43-diverse-171-004-counterfactual
capture 11/46: fast-43-diverse-171-006-base
capture 12/46: fast-43-diverse-171-006-counterfactual
capture 13/46: fast-43-diverse-171-008-base
capture 14/46: fast-43-diverse-171-008-counterfactual
capture 15/46: fast-43-diverse-171-010-base
capture 16/46: fast-43-diverse-171-010-counterfactual
capture 17/46: fast-43-diverse-171-012-base
capture 18/46: fast-43-diverse-171-012-counterfactual
capture 19/46: fast-43-diverse-171-013-base
capture 20/46: fast-43-diverse-171-013-counterfactual
capture 21/46: fast-43-diverse-171-015-base
capture 22/46: fast-43-diverse-171-015-counterfactual
capture 23/46: fast-43-diverse-171-016-base
capture 24/46: fast-43-diverse-171-016-counterfactual
capture 25/46: fast-43-diverse-174-001-base
capture 26/46: fast-43-diverse-174-001-counterfactual
capture 27/46: fast-43-diverse-174-005-base
capture 28/46: fast-43-diverse-174-005-counterfactual
capture 29/46: fast-43-diverse-174-006-base
capture 30/46: fast-43-diverse-174-006-counterfactual
capture 31/46: fast-43-diverse-174-007-base
capture 32/46: fast-43-diverse-174-007-counterfactual
capture 33/46: fast-43-diverse-174-008-base
capture 34/46: fast-43-diverse-174-008-counterfactual
capture 35/46: fast-43-diverse-174-009-base
capture 36/46: fast-43-diverse-174-009-counterfactual
capture 37/46: fast-43-diverse-174-010-base
capture 38/46: fast-43-diverse-174-010-counterfactual
capture 39/46: fast-43-diverse-174-011-base
capture 40/46: fast-43-diverse-174-011-counterfactual
capture 41/46: fast-43-diverse-215-039-base
capture 42/46: fast-43-diverse-215-039-counterfactual
capture 43/46: fast-43-diverse-272-004-base
capture 44/46: fast-43-diverse-272-004-counterfactual
capture 45/46: fast-43-diverse-272-009-base
capture 46/46: fast-43-diverse-272-009-counterfactual
completed: 46/46 selected rows; D:\source\Sezika\.artifacts\s346-20260926\nimble-remaining\batch-007\actual\capture.json

Completed PID 17980, status Succeeded, exit 0, elapsed 44.49s; result: D:\source\Sezika\.artifacts\s346-20260926\nimble-remaining\processes\20260926-032231-343-capture-0.result.json
Started PID 75236, timeout 45s: C:\Program Files\dotnet\dotnet.exe D:\source\Sezika\.artifacts\build\s346-tokenizer-final-20260926\bin\Sezika.OracleCompare\release\Sezika.OracleCompare.dll D:\source\Sezika\.artifacts\s346-20260926\nimble-remaining\batch-007\reference\capture.json D:\source\Sezika\.artifacts\s346-20260926\nimble-remaining\batch-007\actual\capture.json D:\source\Sezika\tests\fixtures\laya-oracle\contract.v1.json D:\source\Sezika\.artifacts\s346-20260926\nimble-plan\cases-007.json D:\source\Sezika\.artifacts\s346-20260926\nimble-remaining\batch-007\comparison.json 30

Loading four bounded local JSON files; no model inference.
compare 1/46: fast-43-diverse-169-099-base
compare 2/46: fast-43-diverse-169-099-counterfactual
compare 3/46: fast-43-diverse-171-001-base
compare 4/46: fast-43-diverse-171-001-counterfactual
compare 5/46: fast-43-diverse-171-002-base
compare 6/46: fast-43-diverse-171-002-counterfactual
compare 7/46: fast-43-diverse-171-003-base
compare 8/46: fast-43-diverse-171-003-counterfactual
compare 9/46: fast-43-diverse-171-004-base
compare 10/46: fast-43-diverse-171-004-counterfactual
compare 11/46: fast-43-diverse-171-006-base
compare 12/46: fast-43-diverse-171-006-counterfactual
compare 13/46: fast-43-diverse-171-008-base
compare 14/46: fast-43-diverse-171-008-counterfactual
compare 15/46: fast-43-diverse-171-010-base
compare 16/46: fast-43-diverse-171-010-counterfactual
compare 17/46: fast-43-diverse-171-012-base
compare 18/46: fast-43-diverse-171-012-counterfactual
compare 19/46: fast-43-diverse-171-013-base
compare 20/46: fast-43-diverse-171-013-counterfactual
compare 21/46: fast-43-diverse-171-015-base
compare 22/46: fast-43-diverse-171-015-counterfactual
compare 23/46: fast-43-diverse-171-016-base
compare 24/46: fast-43-diverse-171-016-counterfactual
compare 25/46: fast-43-diverse-174-001-base
compare 26/46: fast-43-diverse-174-001-counterfactual
compare 27/46: fast-43-diverse-174-005-base
compare 28/46: fast-43-diverse-174-005-counterfactual
compare 29/46: fast-43-diverse-174-006-base
compare 30/46: fast-43-diverse-174-006-counterfactual
compare 31/46: fast-43-diverse-174-007-base
compare 32/46: fast-43-diverse-174-007-counterfactual
compare 33/46: fast-43-diverse-174-008-base
compare 34/46: fast-43-diverse-174-008-counterfactual
compare 35/46: fast-43-diverse-174-009-base
compare 36/46: fast-43-diverse-174-009-counterfactual
compare 37/46: fast-43-diverse-174-010-base
compare 38/46: fast-43-diverse-174-010-counterfactual
compare 39/46: fast-43-diverse-174-011-base
compare 40/46: fast-43-diverse-174-011-counterfactual
compare 41/46: fast-43-diverse-215-039-base
compare 42/46: fast-43-diverse-215-039-counterfactual
compare 43/46: fast-43-diverse-272-004-base
compare 44/46: fast-43-diverse-272-004-counterfactual
compare 45/46: fast-43-diverse-272-009-base
compare 46/46: fast-43-diverse-272-009-counterfactual
Comparison passed: 46 answered pairs, 0 failure pairs, 0 issues; coverage=46/46; full_manifest_passed=True.

Completed PID 75236, status Succeeded, exit 0, elapsed 2.524s; result: D:\source\Sezika\.artifacts\s346-20260926\nimble-remaining\processes\20260926-032315-858-compare-0.result.json
Oracle batch 2/2, source offset 322, rows 2
Started PID 60540, timeout 357s: D:\source\Sezika\.artifacts\laya-oracle-work\venv\Scripts\python.exe -B D:\source\Sezika\tools\Sezika.LayaOracle\export_oracle.py --upstream D:\source\Sezika\.artifacts\laya-oracle-work\upstream --model D:\source\Sezika\.artifacts\models\laya-mmbert --output D:\source\Sezika\.artifacts\s346-20260926\nimble-remaining\batch-008\reference --cases D:\source\Sezika\.artifacts\s346-20260926\nimble-plan\cases-008.json --contract D:\source\Sezika\tests\fixtures\laya-oracle\contract.v1.json --max-cases 2 --timeout-seconds 600

[0.0s] parse JSON properties
[20.7s] verify FP32 model parameters
Case 1/2: fast-43-diverse-272-025-base
Case fast-43-diverse-272-025-base: answered
Case 2/2: fast-43-diverse-272-025-counterfactual
Case fast-43-diverse-272-025-counterfactual: answered

Completed PID 60540, status Succeeded, exit 0, elapsed 33.19s; result: D:\source\Sezika\.artifacts\s346-20260926\nimble-remaining\processes\20260926-032318-401-reference-1.result.json
Started PID 69772, timeout 324s: C:\Program Files\dotnet\dotnet.exe D:\source\Sezika\.artifacts\build\s346-tokenizer-final-20260926\bin\Sezika.OracleCapture\release\Sezika.OracleCapture.dll --reference D:\source\Sezika\.artifacts\s346-20260926\nimble-remaining\batch-008\reference\capture.json --model D:\source\Sezika\.artifacts\models\laya-mmbert --cases D:\source\Sezika\.artifacts\s346-20260926\nimble-plan\cases-008.json --contract D:\source\Sezika\tests\fixtures\laya-oracle\contract.v1.json --output D:\source\Sezika\.artifacts\s346-20260926\nimble-remaining\batch-008\actual --backend cuda --length-policy laya_compatible --max-cases 2 --timeout-seconds 600

Read bounded local reference inputs and frozen identities; reference numerical outputs are not deserialized.
Loading verified local model for 2 case(s), backend=cuda, length_policy=LayaCompatible.
capture 1/2: fast-43-diverse-272-025-base
capture 2/2: fast-43-diverse-272-025-counterfactual
completed: 2/2 selected rows; D:\source\Sezika\.artifacts\s346-20260926\nimble-remaining\batch-008\actual\capture.json

Completed PID 69772, status Succeeded, exit 0, elapsed 7.939s; result: D:\source\Sezika\.artifacts\s346-20260926\nimble-remaining\processes\20260926-032351-607-capture-1.result.json
Started PID 69728, timeout 45s: C:\Program Files\dotnet\dotnet.exe D:\source\Sezika\.artifacts\build\s346-tokenizer-final-20260926\bin\Sezika.OracleCompare\release\Sezika.OracleCompare.dll D:\source\Sezika\.artifacts\s346-20260926\nimble-remaining\batch-008\reference\capture.json D:\source\Sezika\.artifacts\s346-20260926\nimble-remaining\batch-008\actual\capture.json D:\source\Sezika\tests\fixtures\laya-oracle\contract.v1.json D:\source\Sezika\.artifacts\s346-20260926\nimble-plan\cases-008.json D:\source\Sezika\.artifacts\s346-20260926\nimble-remaining\batch-008\comparison.json 30

Loading four bounded local JSON files; no model inference.
compare 1/2: fast-43-diverse-272-025-base
compare 2/2: fast-43-diverse-272-025-counterfactual
Comparison passed: 2 answered pairs, 0 failure pairs, 0 issues; coverage=2/2; full_manifest_passed=True.

Completed PID 69728, status Succeeded, exit 0, elapsed 2.239s; result: D:\source\Sezika\.artifacts\s346-20260926\nimble-remaining\processes\20260926-032359-556-compare-1.result.json
