  Sezika -> D:\source\Sezika\.artifacts\build\s346-tokenizer-final-20260926\bin\Sezika\release\Sezika.dll
  Sezika.Cpu.Smoke -> D:\source\Sezika\.artifacts\build\s346-tokenizer-final-20260926\bin\Sezika.Cpu.Smoke\release\Sezika.Cpu.Smoke.dll
  Sezika.Cuda -> D:\source\Sezika\.artifacts\build\s346-tokenizer-final-20260926\bin\Sezika.Cuda\release\Sezika.Cuda.dll
  Sezika.Cuda.Smoke -> D:\source\Sezika\.artifacts\build\s346-tokenizer-final-20260926\bin\Sezika.Cuda.Smoke\release\Sezika.Cuda.Smoke.dll
  Sezika.RealModel.Smoke -> D:\source\Sezika\.artifacts\build\s346-tokenizer-final-20260926\bin\Sezika.RealModel.Smoke\release\Sezika.RealModel.Smoke.dll
  Sezika.Cli -> D:\source\Sezika\.artifacts\build\s346-tokenizer-final-20260926\bin\Sezika.Cli\release\Sezika.Cli.dll
  Sezika.Kernels -> D:\source\Sezika\.artifacts\build\s346-tokenizer-final-20260926\bin\Sezika.Kernels\release\Sezika.Kernels.dll
  Sezika.Cuda.Diagnostics.Tests -> D:\source\Sezika\.artifacts\build\s346-tokenizer-final-20260926\bin\Sezika.Cuda.Diagnostics.Tests\release\Sezika.Cuda.Diagnostics.Tests.dll
  Sezika.Resources.Tests -> D:\source\Sezika\.artifacts\build\s346-tokenizer-final-20260926\bin\Sezika.Resources.Tests\release\Sezika.Resources.Tests.dll
  Sezika.Tests -> D:\source\Sezika\.artifacts\build\s346-tokenizer-final-20260926\bin\Sezika.Tests\release\Sezika.Tests.dll
  Sezika.Benchmarks -> D:\source\Sezika\.artifacts\build\s346-tokenizer-final-20260926\bin\Sezika.Benchmarks\release\Sezika.Benchmarks.dll
  Sezika.Coverage -> D:\source\Sezika\.artifacts\build\s346-tokenizer-final-20260926\bin\Sezika.Coverage\release\Sezika.Coverage.dll
  Sezika.DatasetTool -> D:\source\Sezika\.artifacts\build\s346-tokenizer-final-20260926\bin\Sezika.DatasetTool\release\Sezika.DatasetTool.dll
  Sezika.Evaluation -> D:\source\Sezika\.artifacts\build\s346-tokenizer-final-20260926\bin\Sezika.Evaluation\release\Sezika.Evaluation.dll
  Sezika.KernelCompiler -> D:\source\Sezika\.artifacts\build\s346-tokenizer-final-20260926\bin\Sezika.KernelCompiler\release\Sezika.KernelCompiler.dll
  Sezika.ModelTool -> D:\source\Sezika\.artifacts\build\s346-tokenizer-final-20260926\bin\Sezika.ModelTool\release\Sezika.ModelTool.dll
  Sezika.NumericParity -> D:\source\Sezika\.artifacts\build\s346-tokenizer-final-20260926\bin\Sezika.NumericParity\release\Sezika.NumericParity.dll
  Sezika.OracleCapture -> D:\source\Sezika\.artifacts\build\s346-tokenizer-final-20260926\bin\Sezika.OracleCapture\release\Sezika.OracleCapture.dll
  Sezika.OracleCompare -> D:\source\Sezika\.artifacts\build\s346-tokenizer-final-20260926\bin\Sezika.OracleCompare\release\Sezika.OracleCompare.dll

已成功生成。
    0 个警告
    0 个错误

已用时间 00:00:07.26
