[0.0s] parse JSON properties
[17.6s] verify FP32 model parameters
Case 1/46: paws-6391
Case paws-6391: answered
Case 2/46: paws-6415
Case paws-6415: answered
Case 3/46: paws-6421
Case paws-6421: answered
Case 4/46: paws-6477
Case paws-6477: answered
Case 5/46: paws-6478
Case paws-6478: answered
Case 6/46: paws-6541
Case paws-6541: answered
Case 7/46: paws-6579
Case paws-6579: answered
Case 8/46: paws-658
Case paws-658: answered
Case 9/46: paws-6707
Case paws-6707: answered
Case 10/46: paws-6715
Case paws-6715: answered
Case 11/46: paws-6742
Case paws-6742: answered
Case 12/46: paws-6788
Case paws-6788: answered
Case 13/46: paws-6835
Case paws-6835: answered
Case 14/46: paws-6839
Case paws-6839: answered
Case 15/46: paws-6892
Case paws-6892: answered
Case 16/46: paws-6920
Case paws-6920: answered
Case 17/46: paws-6948
Case paws-6948: answered
Case 18/46: paws-6968
Case paws-6968: answered
Case 19/46: paws-6985
[33.5s] decode paws-6985
Case paws-6985: answered
Case 20/46: paws-7030
Case paws-7030: answered
Case 21/46: paws-7043
Case paws-7043: answered
Case 22/46: paws-7081
Case paws-7081: answered
Case 23/46: paws-7085
Case paws-7085: answered
Case 24/46: paws-7098
Case paws-7098: answered
Case 25/46: paws-7102
Case paws-7102: answered
Case 26/46: paws-7103
Case paws-7103: answered
Case 27/46: paws-7120
Case paws-7120: answered
Case 28/46: paws-7137
Case paws-7137: answered
Case 29/46: paws-7145
Case paws-7145: answered
Case 30/46: paws-7187
Case paws-7187: answered
Case 31/46: paws-7210
Case paws-7210: answered
Case 32/46: paws-7227
Case paws-7227: answered
Case 33/46: paws-7228
Case paws-7228: answered
Case 34/46: paws-723
Case paws-723: answered
Case 35/46: paws-7253
Case paws-7253: answered
Case 36/46: paws-7261
Case paws-7261: answered
Case 37/46: paws-731
Case paws-731: answered
Case 38/46: paws-7341
[49.0s] decode paws-7341
Case paws-7341: answered
Case 39/46: paws-7413
Case paws-7413: answered
Case 40/46: paws-7415
Case paws-7415: answered
Case 41/46: paws-7483
Case paws-7483: answered
Case 42/46: paws-7511
Case paws-7511: answered
Case 43/46: paws-7540
Case paws-7540: answered
Case 44/46: paws-7541
Case paws-7541: answered
Case 45/46: paws-7619
Case paws-7619: answered
Case 46/46: paws-7631
Case paws-7631: answered
