[0.0s] parse JSON properties
[18.9s] verify FP32 model parameters
Case 1/20: paws-7633
Case paws-7633: answered
Case 2/20: paws-7704
Case paws-7704: answered
Case 3/20: paws-7707
Case paws-7707: answered
Case 4/20: paws-7719
Case paws-7719: answered
Case 5/20: paws-7731
Case paws-7731: answered
Case 6/20: paws-7771
Case paws-7771: answered
Case 7/20: paws-7777
Case paws-7777: answered
Case 8/20: paws-7877
Case paws-7877: answered
Case 9/20: paws-7893
Case paws-7893: answered
Case 10/20: paws-7929
Case paws-7929: answered
Case 11/20: paws-796
Case paws-796: answered
Case 12/20: paws-7966
Case paws-7966: answered
Case 13/20: paws-7967
Case paws-7967: answered
Case 14/20: paws-7995
Case paws-7995: answered
Case 15/20: paws-870
Case paws-870: answered
Case 16/20: paws-958
Case paws-958: answered
Case 17/20: paws-964
Case paws-964: answered
Case 18/20: paws-966
Case paws-966: answered
Case 19/20: paws-969
[34.1s] decode paws-969
Case paws-969: answered
Case 20/20: paws-974
Case paws-974: answered
