[0.0s] parse JSON properties
[23.2s] verify FP32 model parameters
Case 1/46: paws-4886
Case paws-4886: answered
Case 2/46: paws-4915
Case paws-4915: answered
Case 3/46: paws-4923
Case paws-4923: answered
Case 4/46: paws-4932
Case paws-4932: answered
Case 5/46: paws-4934
Case paws-4934: answered
Case 6/46: paws-4957
Case paws-4957: answered
Case 7/46: paws-5019
Case paws-5019: answered
Case 8/46: paws-5054
Case paws-5054: answered
Case 9/46: paws-5077
Case paws-5077: answered
Case 10/46: paws-5100
Case paws-5100: answered
Case 11/46: paws-5165
Case paws-5165: answered
Case 12/46: paws-5168
Case paws-5168: answered
Case 13/46: paws-5259
Case paws-5259: answered
Case 14/46: paws-5298
Case paws-5298: answered
Case 15/46: paws-5307
Case paws-5307: answered
Case 16/46: paws-5334
Case paws-5334: answered
Case 17/46: paws-5344
Case paws-5344: answered
Case 18/46: paws-5356
Case paws-5356: answered
Case 19/46: paws-5358
[38.9s] decode paws-5358
Case paws-5358: answered
Case 20/46: paws-5404
Case paws-5404: answered
Case 21/46: paws-5516
Case paws-5516: answered
Case 22/46: paws-5585
Case paws-5585: answered
Case 23/46: paws-5639
Case paws-5639: answered
Case 24/46: paws-565
Case paws-565: answered
Case 25/46: paws-5657
Case paws-5657: answered
Case 26/46: paws-567
Case paws-567: answered
Case 27/46: paws-5773
Case paws-5773: answered
Case 28/46: paws-5790
Case paws-5790: answered
Case 29/46: paws-5822
Case paws-5822: answered
Case 30/46: paws-5835
Case paws-5835: answered
Case 31/46: paws-5841
Case paws-5841: answered
Case 32/46: paws-5857
Case paws-5857: answered
Case 33/46: paws-5892
Case paws-5892: answered
Case 34/46: paws-5906
Case paws-5906: answered
Case 35/46: paws-5945
Case paws-5945: answered
Case 36/46: paws-5979
Case paws-5979: answered
Case 37/46: paws-6000
Case paws-6000: answered
Case 38/46: paws-6005
[54.0s] decode paws-6005
Case paws-6005: answered
Case 39/46: paws-6009
Case paws-6009: answered
Case 40/46: paws-6017
Case paws-6017: answered
Case 41/46: paws-602
Case paws-602: answered
Case 42/46: paws-6055
Case paws-6055: answered
Case 43/46: paws-6080
Case paws-6080: answered
Case 44/46: paws-6199
Case paws-6199: answered
Case 45/46: paws-6323
Case paws-6323: answered
Case 46/46: paws-6375
Case paws-6375: answered
