[0.0s] parse JSON properties
[18.3s] verify FP32 model parameters
Case 1/46: paws-1
Case paws-1: answered
Case 2/46: paws-1032
Case paws-1032: answered
Case 3/46: paws-1079
Case paws-1079: answered
Case 4/46: paws-1112
Case paws-1112: answered
Case 5/46: paws-1175
Case paws-1175: answered
Case 6/46: paws-1187
Case paws-1187: answered
Case 7/46: paws-1231
Case paws-1231: answered
Case 8/46: paws-1309
Case paws-1309: answered
Case 9/46: paws-1320
Case paws-1320: answered
Case 10/46: paws-1338
Case paws-1338: answered
Case 11/46: paws-1360
Case paws-1360: answered
Case 12/46: paws-1378
Case paws-1378: answered
Case 13/46: paws-1388
Case paws-1388: answered
Case 14/46: paws-1407
Case paws-1407: answered
Case 15/46: paws-1421
Case paws-1421: answered
Case 16/46: paws-1449
Case paws-1449: answered
Case 17/46: paws-1460
Case paws-1460: answered
Case 18/46: paws-1503
[33.5s] decode paws-1503
Case paws-1503: answered
Case 19/46: paws-1522
Case paws-1522: answered
Case 20/46: paws-1530
Case paws-1530: answered
Case 21/46: paws-1539
Case paws-1539: answered
Case 22/46: paws-16
Case paws-16: answered
Case 23/46: paws-1625
Case paws-1625: answered
Case 24/46: paws-1694
Case paws-1694: answered
Case 25/46: paws-1708
Case paws-1708: answered
Case 26/46: paws-1714
Case paws-1714: answered
Case 27/46: paws-1716
Case paws-1716: answered
Case 28/46: paws-174
Case paws-174: answered
Case 29/46: paws-1746
Case paws-1746: answered
Case 30/46: paws-175
Case paws-175: answered
Case 31/46: paws-1777
Case paws-1777: answered
Case 32/46: paws-180
Case paws-180: answered
Case 33/46: paws-1889
Case paws-1889: answered
Case 34/46: paws-190
Case paws-190: answered
Case 35/46: paws-1951
Case paws-1951: answered
Case 36/46: paws-2019
Case paws-2019: answered
Case 37/46: paws-2041
[48.7s] decode paws-2041
Case paws-2041: answered
Case 38/46: paws-2067
Case paws-2067: answered
Case 39/46: paws-2086
Case paws-2086: answered
Case 40/46: paws-2087
Case paws-2087: answered
Case 41/46: paws-2094
Case paws-2094: answered
Case 42/46: paws-2148
Case paws-2148: answered
Case 43/46: paws-2171
Case paws-2171: answered
Case 44/46: paws-2218
Case paws-2218: answered
Case 45/46: paws-2224
Case paws-2224: answered
Case 46/46: paws-2237
Case paws-2237: answered
