[0.0s] parse JSON properties
[18.5s] verify FP32 model parameters
Case 1/46: paws-3448
Case paws-3448: answered
Case 2/46: paws-3468
Case paws-3468: answered
Case 3/46: paws-3514
Case paws-3514: answered
Case 4/46: paws-356
Case paws-356: answered
Case 5/46: paws-3586
Case paws-3586: answered
Case 6/46: paws-3603
Case paws-3603: answered
Case 7/46: paws-3671
Case paws-3671: answered
Case 8/46: paws-3711
Case paws-3711: answered
Case 9/46: paws-373
Case paws-373: answered
Case 10/46: paws-3745
Case paws-3745: answered
Case 11/46: paws-3778
Case paws-3778: answered
Case 12/46: paws-3792
Case paws-3792: answered
Case 13/46: paws-3800
Case paws-3800: answered
Case 14/46: paws-3814
Case paws-3814: answered
Case 15/46: paws-3861
Case paws-3861: answered
Case 16/46: paws-3892
Case paws-3892: answered
Case 17/46: paws-3932
Case paws-3932: answered
Case 18/46: paws-394
[33.9s] decode paws-394
Case paws-394: answered
Case 19/46: paws-3959
Case paws-3959: answered
Case 20/46: paws-4023
Case paws-4023: answered
Case 21/46: paws-4045
Case paws-4045: answered
Case 22/46: paws-4093
Case paws-4093: answered
Case 23/46: paws-4139
Case paws-4139: answered
Case 24/46: paws-414
Case paws-414: answered
Case 25/46: paws-4155
Case paws-4155: answered
Case 26/46: paws-4180
Case paws-4180: answered
Case 27/46: paws-4207
Case paws-4207: answered
Case 28/46: paws-4240
Case paws-4240: answered
Case 29/46: paws-4266
Case paws-4266: answered
Case 30/46: paws-4305
Case paws-4305: answered
Case 31/46: paws-4329
Case paws-4329: answered
Case 32/46: paws-434
Case paws-434: answered
Case 33/46: paws-4344
Case paws-4344: answered
Case 34/46: paws-4358
Case paws-4358: answered
Case 35/46: paws-4376
Case paws-4376: answered
Case 36/46: paws-4419
[48.9s] decode paws-4419
Case paws-4419: answered
Case 37/46: paws-4422
Case paws-4422: answered
Case 38/46: paws-4433
Case paws-4433: answered
Case 39/46: paws-4525
Case paws-4525: answered
Case 40/46: paws-4642
Case paws-4642: answered
Case 41/46: paws-466
Case paws-466: answered
Case 42/46: paws-4763
Case paws-4763: answered
Case 43/46: paws-4802
Case paws-4802: answered
Case 44/46: paws-4811
Case paws-4811: answered
Case 45/46: paws-4825
Case paws-4825: answered
Case 46/46: paws-4850
Case paws-4850: answered
