[0.0s] parse JSON properties
[20.6s] verify FP32 model parameters
Case 1/46: paws-2247
Case paws-2247: answered
Case 2/46: paws-2418
Case paws-2418: answered
Case 3/46: paws-2464
Case paws-2464: answered
Case 4/46: paws-2478
Case paws-2478: answered
Case 5/46: paws-2497
Case paws-2497: answered
Case 6/46: paws-2520
Case paws-2520: answered
Case 7/46: paws-2540
Case paws-2540: answered
Case 8/46: paws-2547
Case paws-2547: answered
Case 9/46: paws-2576
Case paws-2576: answered
Case 10/46: paws-2585
Case paws-2585: answered
Case 11/46: paws-2634
Case paws-2634: answered
Case 12/46: paws-2717
Case paws-2717: answered
Case 13/46: paws-2730
Case paws-2730: answered
Case 14/46: paws-2750
[35.6s] decode paws-2750
Case paws-2750: answered
Case 15/46: paws-2753
Case paws-2753: answered
Case 16/46: paws-2791
Case paws-2791: answered
Case 17/46: paws-2805
Case paws-2805: answered
Case 18/46: paws-2849
Case paws-2849: answered
Case 19/46: paws-2850
Case paws-2850: answered
Case 20/46: paws-2864
Case paws-2864: answered
Case 21/46: paws-2882
Case paws-2882: answered
Case 22/46: paws-2897
Case paws-2897: answered
Case 23/46: paws-2903
Case paws-2903: answered
Case 24/46: paws-2918
Case paws-2918: answered
Case 25/46: paws-2938
Case paws-2938: answered
Case 26/46: paws-2988
Case paws-2988: answered
Case 27/46: paws-2998
Case paws-2998: answered
Case 28/46: paws-2999
Case paws-2999: answered
Case 29/46: paws-3005
Case paws-3005: answered
Case 30/46: paws-3030
[51.1s] decode paws-3030
Case paws-3030: answered
Case 31/46: paws-3059
Case paws-3059: answered
Case 32/46: paws-3119
Case paws-3119: answered
Case 33/46: paws-3151
Case paws-3151: answered
Case 34/46: paws-3167
Case paws-3167: answered
Case 35/46: paws-3173
Case paws-3173: answered
Case 36/46: paws-3220
Case paws-3220: answered
Case 37/46: paws-3222
Case paws-3222: answered
Case 38/46: paws-3226
Case paws-3226: answered
Case 39/46: paws-3234
Case paws-3234: answered
Case 40/46: paws-3260
Case paws-3260: answered
Case 41/46: paws-3312
Case paws-3312: answered
Case 42/46: paws-3324
Case paws-3324: answered
Case 43/46: paws-3339
Case paws-3339: answered
Case 44/46: paws-3409
Case paws-3409: answered
Case 45/46: paws-3446
Case paws-3446: answered
Case 46/46: paws-3447
Case paws-3447: answered
