[0.0s] parse JSON properties
[19.2s] verify FP32 model parameters
Case 1/46: fast-43-diverse-079-056-base
Case fast-43-diverse-079-056-base: answered
Case 2/46: fast-43-diverse-079-056-counterfactual
Case fast-43-diverse-079-056-counterfactual: answered
Case 3/46: fast-43-diverse-079-057-base
[36.4s] decode fast-43-diverse-079-057-base
Case fast-43-diverse-079-057-base: answered
Case 4/46: fast-43-diverse-079-057-counterfactual
Case fast-43-diverse-079-057-counterfactual: answered
Case 5/46: fast-43-diverse-079-058-base
Case fast-43-diverse-079-058-base: answered
Case 6/46: fast-43-diverse-079-058-counterfactual
[53.4s] decode fast-43-diverse-079-058-counterfactual
Case fast-43-diverse-079-058-counterfactual: answered
Case 7/46: fast-43-diverse-079-059-base
Case fast-43-diverse-079-059-base: answered
Case 8/46: fast-43-diverse-079-059-counterfactual
Case fast-43-diverse-079-059-counterfactual: answered
Case 9/46: fast-43-diverse-079-060-base
[69.1s] decode fast-43-diverse-079-060-base
Case fast-43-diverse-079-060-base: answered
Case 10/46: fast-43-diverse-079-060-counterfactual
Case fast-43-diverse-079-060-counterfactual: answered
Case 11/46: fast-43-diverse-081-014-base
Case fast-43-diverse-081-014-base: answered
Case 12/46: fast-43-diverse-081-014-counterfactual
Case fast-43-diverse-081-014-counterfactual: answered
Case 13/46: fast-43-diverse-081-016-base
Case fast-43-diverse-081-016-base: answered
Case 14/46: fast-43-diverse-081-016-counterfactual
[84.7s] decode fast-43-diverse-081-016-counterfactual
Case fast-43-diverse-081-016-counterfactual: answered
Case 15/46: fast-43-diverse-081-019-base
Case fast-43-diverse-081-019-base: answered
Case 16/46: fast-43-diverse-081-019-counterfactual
Case fast-43-diverse-081-019-counterfactual: answered
Case 17/46: fast-43-diverse-081-022-base
Case fast-43-diverse-081-022-base: answered
Case 18/46: fast-43-diverse-081-022-counterfactual
Case fast-43-diverse-081-022-counterfactual: answered
Case 19/46: fast-43-diverse-169-012-base
Case fast-43-diverse-169-012-base: answered
Case 20/46: fast-43-diverse-169-012-counterfactual
[103.8s] decode fast-43-diverse-169-012-counterfactual
Case fast-43-diverse-169-012-counterfactual: answered
Case 21/46: fast-43-diverse-169-020-base
Case fast-43-diverse-169-020-base: answered
Case 22/46: fast-43-diverse-169-020-counterfactual
Case fast-43-diverse-169-020-counterfactual: answered
Case 23/46: fast-43-diverse-169-023-base
Case fast-43-diverse-169-023-base: answered
Case 24/46: fast-43-diverse-169-023-counterfactual
[121.5s] decode fast-43-diverse-169-023-counterfactual
Case fast-43-diverse-169-023-counterfactual: answered
Case 25/46: fast-43-diverse-169-024-base
Case fast-43-diverse-169-024-base: answered
Case 26/46: fast-43-diverse-169-024-counterfactual
Case fast-43-diverse-169-024-counterfactual: answered
Case 27/46: fast-43-diverse-169-053-base
Case fast-43-diverse-169-053-base: answered
Case 28/46: fast-43-diverse-169-053-counterfactual
[138.6s] decode fast-43-diverse-169-053-counterfactual
Case fast-43-diverse-169-053-counterfactual: answered
Case 29/46: fast-43-diverse-169-064-base
Case fast-43-diverse-169-064-base: answered
Case 30/46: fast-43-diverse-169-064-counterfactual
Case fast-43-diverse-169-064-counterfactual: answered
Case 31/46: fast-43-diverse-169-065-base
Case fast-43-diverse-169-065-base: answered
Case 32/46: fast-43-diverse-169-065-counterfactual
[155.4s] decode fast-43-diverse-169-065-counterfactual
Case fast-43-diverse-169-065-counterfactual: answered
Case 33/46: fast-43-diverse-169-066-base
Case fast-43-diverse-169-066-base: answered
Case 34/46: fast-43-diverse-169-066-counterfactual
Case fast-43-diverse-169-066-counterfactual: answered
Case 35/46: fast-43-diverse-169-068-base
Case fast-43-diverse-169-068-base: answered
Case 36/46: fast-43-diverse-169-068-counterfactual
[172.2s] decode fast-43-diverse-169-068-counterfactual
Case fast-43-diverse-169-068-counterfactual: answered
Case 37/46: fast-43-diverse-169-070-base
Case fast-43-diverse-169-070-base: answered
Case 38/46: fast-43-diverse-169-070-counterfactual
Case fast-43-diverse-169-070-counterfactual: answered
Case 39/46: fast-43-diverse-169-071-base
Case fast-43-diverse-169-071-base: answered
Case 40/46: fast-43-diverse-169-071-counterfactual
[189.0s] decode fast-43-diverse-169-071-counterfactual
Case fast-43-diverse-169-071-counterfactual: answered
Case 41/46: fast-43-diverse-169-085-base
Case fast-43-diverse-169-085-base: answered
Case 42/46: fast-43-diverse-169-085-counterfactual
Case fast-43-diverse-169-085-counterfactual: answered
Case 43/46: fast-43-diverse-169-087-base
Case fast-43-diverse-169-087-base: answered
Case 44/46: fast-43-diverse-169-087-counterfactual
[206.3s] decode fast-43-diverse-169-087-counterfactual
Case fast-43-diverse-169-087-counterfactual: answered
Case 45/46: fast-43-diverse-169-097-base
Case fast-43-diverse-169-097-base: answered
Case 46/46: fast-43-diverse-169-097-counterfactual
Case fast-43-diverse-169-097-counterfactual: answered
