[0.0s] parse JSON properties
[19.8s] verify FP32 model parameters
Case 1/46: fast-41-diverse-212-059-base
Case fast-41-diverse-212-059-base: answered
Case 2/46: fast-41-diverse-212-059-counterfactual
Case fast-41-diverse-212-059-counterfactual: answered
Case 3/46: fast-41-diverse-213-001-base
Case fast-41-diverse-213-001-base: answered
Case 4/46: fast-41-diverse-213-001-counterfactual
Case fast-41-diverse-213-001-counterfactual: answered
Case 5/46: fast-41-diverse-213-016-base
[35.1s] decode fast-41-diverse-213-016-base
Case fast-41-diverse-213-016-base: answered
Case 6/46: fast-41-diverse-213-016-counterfactual
Case fast-41-diverse-213-016-counterfactual: answered
Case 7/46: fast-41-diverse-216-009-base
Case fast-41-diverse-216-009-base: answered
Case 8/46: fast-41-diverse-216-009-counterfactual
[52.0s] decode fast-41-diverse-216-009-counterfactual
Case fast-41-diverse-216-009-counterfactual: answered
Case 9/46: fast-41-diverse-273-007-base
Case fast-41-diverse-273-007-base: answered
Case 10/46: fast-41-diverse-273-007-counterfactual
Case fast-41-diverse-273-007-counterfactual: answered
Case 11/46: fast-41-diverse-273-008-base
Case fast-41-diverse-273-008-base: answered
Case 12/46: fast-41-diverse-273-008-counterfactual
Case fast-41-diverse-273-008-counterfactual: answered
Case 13/46: fast-41-diverse-274-002-base
[69.8s] decode fast-41-diverse-274-002-base
Case fast-41-diverse-274-002-base: answered
Case 14/46: fast-41-diverse-274-002-counterfactual
Case fast-41-diverse-274-002-counterfactual: answered
Case 15/46: fast-41-diverse-274-004-base
Case fast-41-diverse-274-004-base: answered
Case 16/46: fast-41-diverse-274-004-counterfactual
Case fast-41-diverse-274-004-counterfactual: answered
Case 17/46: fast-41-diverse-275-013-base
[85.1s] decode fast-41-diverse-275-013-base
Case fast-41-diverse-275-013-base: answered
Case 18/46: fast-41-diverse-275-013-counterfactual
Case fast-41-diverse-275-013-counterfactual: answered
Case 19/46: fast-43-diverse-007-002-base
Case fast-43-diverse-007-002-base: answered
Case 20/46: fast-43-diverse-007-002-counterfactual
Case fast-43-diverse-007-002-counterfactual: answered
Case 21/46: fast-43-diverse-007-012-base
[101.3s] decode fast-43-diverse-007-012-base
Case fast-43-diverse-007-012-base: answered
Case 22/46: fast-43-diverse-007-012-counterfactual
Case fast-43-diverse-007-012-counterfactual: answered
Case 23/46: fast-43-diverse-008-010-base
Case fast-43-diverse-008-010-base: answered
Case 24/46: fast-43-diverse-008-010-counterfactual
Case fast-43-diverse-008-010-counterfactual: answered
Case 25/46: fast-43-diverse-010-001-base
[117.3s] decode fast-43-diverse-010-001-base
Case fast-43-diverse-010-001-base: answered
Case 26/46: fast-43-diverse-010-001-counterfactual
Case fast-43-diverse-010-001-counterfactual: answered
Case 27/46: fast-43-diverse-079-003-base
Case fast-43-diverse-079-003-base: answered
Case 28/46: fast-43-diverse-079-003-counterfactual
Case fast-43-diverse-079-003-counterfactual: answered
Case 29/46: fast-43-diverse-079-015-base
[136.8s] decode fast-43-diverse-079-015-base
Case fast-43-diverse-079-015-base: answered
Case 30/46: fast-43-diverse-079-015-counterfactual
Case fast-43-diverse-079-015-counterfactual: answered
Case 31/46: fast-43-diverse-079-019-base
Case fast-43-diverse-079-019-base: answered
Case 32/46: fast-43-diverse-079-019-counterfactual
[152.8s] decode fast-43-diverse-079-019-counterfactual
Case fast-43-diverse-079-019-counterfactual: answered
Case 33/46: fast-43-diverse-079-022-base
Case fast-43-diverse-079-022-base: answered
Case 34/46: fast-43-diverse-079-022-counterfactual
Case fast-43-diverse-079-022-counterfactual: answered
Case 35/46: fast-43-diverse-079-023-base
Case fast-43-diverse-079-023-base: answered
Case 36/46: fast-43-diverse-079-023-counterfactual
[172.0s] decode fast-43-diverse-079-023-counterfactual
Case fast-43-diverse-079-023-counterfactual: answered
Case 37/46: fast-43-diverse-079-037-base
Case fast-43-diverse-079-037-base: answered
Case 38/46: fast-43-diverse-079-037-counterfactual
Case fast-43-diverse-079-037-counterfactual: answered
Case 39/46: fast-43-diverse-079-045-base
[187.2s] decode fast-43-diverse-079-045-base
Case fast-43-diverse-079-045-base: answered
Case 40/46: fast-43-diverse-079-045-counterfactual
Case fast-43-diverse-079-045-counterfactual: answered
Case 41/46: fast-43-diverse-079-046-base
Case fast-43-diverse-079-046-base: answered
Case 42/46: fast-43-diverse-079-046-counterfactual
Case fast-43-diverse-079-046-counterfactual: answered
Case 43/46: fast-43-diverse-079-054-base
[205.9s] decode fast-43-diverse-079-054-base
Case fast-43-diverse-079-054-base: answered
Case 44/46: fast-43-diverse-079-054-counterfactual
Case fast-43-diverse-079-054-counterfactual: answered
Case 45/46: fast-43-diverse-079-055-base
Case fast-43-diverse-079-055-base: answered
Case 46/46: fast-43-diverse-079-055-counterfactual
[220.9s] decode fast-43-diverse-079-055-counterfactual
Case fast-43-diverse-079-055-counterfactual: answered
