[0.0s] parse JSON properties
[18.3s] verify FP32 model parameters
Case 1/46: scale-diverse-275-002-base
Case scale-diverse-275-002-base: answered
Case 2/46: scale-diverse-275-002-counterfactual
Case scale-diverse-275-002-counterfactual: answered
Case 3/46: scale-diverse-275-003-base
Case scale-diverse-275-003-base: answered
Case 4/46: scale-diverse-275-003-counterfactual
[36.2s] decode scale-diverse-275-003-counterfactual
Case scale-diverse-275-003-counterfactual: answered
Case 5/46: scale-diverse-275-004-base
Case scale-diverse-275-004-base: answered
Case 6/46: scale-diverse-275-004-counterfactual
Case scale-diverse-275-004-counterfactual: answered
Case 7/46: scale-diverse-275-005-base
[52.1s] decode scale-diverse-275-005-base
Case scale-diverse-275-005-base: answered
Case 8/46: scale-diverse-275-005-counterfactual
Case scale-diverse-275-005-counterfactual: answered
Case 9/46: fast-41-diverse-007-003-base
Case fast-41-diverse-007-003-base: answered
Case 10/46: fast-41-diverse-007-003-counterfactual
Case fast-41-diverse-007-003-counterfactual: answered
Case 11/46: fast-41-diverse-007-005-base
[71.0s] decode fast-41-diverse-007-005-base
Case fast-41-diverse-007-005-base: answered
Case 12/46: fast-41-diverse-007-005-counterfactual
Case fast-41-diverse-007-005-counterfactual: answered
Case 13/46: fast-41-diverse-007-006-base
Case fast-41-diverse-007-006-base: answered
Case 14/46: fast-41-diverse-007-006-counterfactual
Case fast-41-diverse-007-006-counterfactual: answered
Case 15/46: fast-41-diverse-007-009-base
[86.2s] decode fast-41-diverse-007-009-base
Case fast-41-diverse-007-009-base: answered
Case 16/46: fast-41-diverse-007-009-counterfactual
Case fast-41-diverse-007-009-counterfactual: answered
Case 17/46: fast-41-diverse-007-010-base
Case fast-41-diverse-007-010-base: answered
Case 18/46: fast-41-diverse-007-010-counterfactual
Case fast-41-diverse-007-010-counterfactual: answered
Case 19/46: fast-41-diverse-008-009-base
[102.1s] decode fast-41-diverse-008-009-base
Case fast-41-diverse-008-009-base: answered
Case 20/46: fast-41-diverse-008-009-counterfactual
Case fast-41-diverse-008-009-counterfactual: answered
Case 21/46: fast-41-diverse-008-011-base
Case fast-41-diverse-008-011-base: answered
Case 22/46: fast-41-diverse-008-011-counterfactual
Case fast-41-diverse-008-011-counterfactual: answered
Case 23/46: fast-41-diverse-009-001-base
[117.7s] decode fast-41-diverse-009-001-base
Case fast-41-diverse-009-001-base: answered
Case 24/46: fast-41-diverse-009-001-counterfactual
Case fast-41-diverse-009-001-counterfactual: answered
Case 25/46: fast-41-diverse-009-002-base
Case fast-41-diverse-009-002-base: answered
Case 26/46: fast-41-diverse-009-002-counterfactual
Case fast-41-diverse-009-002-counterfactual: answered
Case 27/46: fast-41-diverse-009-003-base
Case fast-41-diverse-009-003-base: answered
Case 28/46: fast-41-diverse-009-003-counterfactual
Case fast-41-diverse-009-003-counterfactual: answered
Case 29/46: fast-41-diverse-009-004-base
Case fast-41-diverse-009-004-base: answered
Case 30/46: fast-41-diverse-009-004-counterfactual
[133.9s] decode fast-41-diverse-009-004-counterfactual
Case fast-41-diverse-009-004-counterfactual: answered
Case 31/46: fast-41-diverse-009-005-base
Case fast-41-diverse-009-005-base: answered
Case 32/46: fast-41-diverse-009-005-counterfactual
Case fast-41-diverse-009-005-counterfactual: answered
Case 33/46: fast-41-diverse-009-007-base
Case fast-41-diverse-009-007-base: answered
Case 34/46: fast-41-diverse-009-007-counterfactual
Case fast-41-diverse-009-007-counterfactual: answered
Case 35/46: fast-41-diverse-009-008-base
Case fast-41-diverse-009-008-base: answered
Case 36/46: fast-41-diverse-009-008-counterfactual
Case fast-41-diverse-009-008-counterfactual: answered
Case 37/46: fast-41-diverse-010-004-base
[149.9s] decode fast-41-diverse-010-004-base
Case fast-41-diverse-010-004-base: answered
Case 38/46: fast-41-diverse-010-004-counterfactual
Case fast-41-diverse-010-004-counterfactual: answered
Case 39/46: fast-41-diverse-079-003-base
Case fast-41-diverse-079-003-base: answered
Case 40/46: fast-41-diverse-079-003-counterfactual
Case fast-41-diverse-079-003-counterfactual: answered
Case 41/46: fast-41-diverse-079-011-base
[167.4s] decode fast-41-diverse-079-011-base
Case fast-41-diverse-079-011-base: answered
Case 42/46: fast-41-diverse-079-011-counterfactual
Case fast-41-diverse-079-011-counterfactual: answered
Case 43/46: fast-41-diverse-079-012-base
Case fast-41-diverse-079-012-base: answered
Case 44/46: fast-41-diverse-079-012-counterfactual
Case fast-41-diverse-079-012-counterfactual: answered
Case 45/46: fast-41-diverse-079-015-base
[186.7s] decode fast-41-diverse-079-015-base
Case fast-41-diverse-079-015-base: answered
Case 46/46: fast-41-diverse-079-015-counterfactual
Case fast-41-diverse-079-015-counterfactual: answered
