Read bounded local reference inputs and frozen identities; reference numerical outputs are not deserialized.
Loading verified local model for 46 case(s), backend=cuda, length_policy=LayaCompatible.
capture 1/46: scale-diverse-099-002-base
capture 2/46: scale-diverse-099-002-counterfactual
capture 3/46: scale-diverse-099-003-base
capture 4/46: scale-diverse-099-003-counterfactual
capture 5/46: scale-diverse-169-001-base
capture 6/46: scale-diverse-169-001-counterfactual
capture 7/46: scale-diverse-169-002-base
capture 8/46: scale-diverse-169-002-counterfactual
capture 9/46: scale-diverse-169-004-base
capture 10/46: scale-diverse-169-004-counterfactual
capture 11/46: scale-diverse-171-001-base
capture 12/46: scale-diverse-171-001-counterfactual
capture 13/46: scale-diverse-171-002-base
capture 14/46: scale-diverse-171-002-counterfactual
capture 15/46: scale-diverse-173-001-base
capture 16/46: scale-diverse-173-001-counterfactual
capture 17/46: scale-diverse-173-002-base
capture 18/46: scale-diverse-173-002-counterfactual
capture 19/46: scale-diverse-173-004-base
capture 20/46: scale-diverse-173-004-counterfactual
capture 21/46: scale-diverse-174-003-base
capture 22/46: scale-diverse-174-003-counterfactual
capture 23/46: scale-diverse-174-004-base
capture 24/46: scale-diverse-174-004-counterfactual
capture 25/46: scale-diverse-211-004-base
capture 26/46: scale-diverse-211-004-counterfactual
capture 27/46: scale-diverse-211-006-base
capture 28/46: scale-diverse-211-006-counterfactual
capture 29/46: scale-diverse-213-001-base
capture 30/46: scale-diverse-213-001-counterfactual
capture 31/46: scale-diverse-213-003-base
capture 32/46: scale-diverse-213-003-counterfactual
capture 33/46: scale-diverse-214-003-base
capture 34/46: scale-diverse-214-003-counterfactual
capture 35/46: scale-diverse-215-003-base
capture 36/46: scale-diverse-215-003-counterfactual
capture 37/46: scale-diverse-215-004-base
capture 38/46: scale-diverse-215-004-counterfactual
capture 39/46: scale-diverse-216-005-base
capture 40/46: scale-diverse-216-005-counterfactual
capture 41/46: scale-diverse-273-001-base
capture 42/46: scale-diverse-273-001-counterfactual
capture 43/46: scale-diverse-273-003-base
capture 44/46: scale-diverse-273-003-counterfactual
capture 45/46: scale-diverse-274-004-base
capture 46/46: scale-diverse-274-004-counterfactual
completed: 46/46 selected rows; D:\source\Sezika\.artifacts\s346-20260926\nimble-full\batch-002\actual\capture.json
