[0.0s] parse JSON properties
[18.6s] verify FP32 model parameters
Case 1/46: scale-diverse-007-001-base
Case scale-diverse-007-001-base: answered
Case 2/46: scale-diverse-007-001-counterfactual
Case scale-diverse-007-001-counterfactual: answered
Case 3/46: scale-diverse-007-004-base
Case scale-diverse-007-004-base: answered
Case 4/46: scale-diverse-007-004-counterfactual
[35.2s] decode scale-diverse-007-004-counterfactual
Case scale-diverse-007-004-counterfactual: answered
Case 5/46: scale-diverse-007-005-base
Case scale-diverse-007-005-base: answered
Case 6/46: scale-diverse-007-005-counterfactual
Case scale-diverse-007-005-counterfactual: answered
Case 7/46: scale-diverse-008-003-base
Case scale-diverse-008-003-base: answered
Case 8/46: scale-diverse-008-003-counterfactual
[53.6s] decode scale-diverse-008-003-counterfactual
Case scale-diverse-008-003-counterfactual: answered
Case 9/46: scale-diverse-008-005-base
Case scale-diverse-008-005-base: answered
Case 10/46: scale-diverse-008-005-counterfactual
Case scale-diverse-008-005-counterfactual: answered
Case 11/46: scale-diverse-009-001-base
Case scale-diverse-009-001-base: answered
Case 12/46: scale-diverse-009-001-counterfactual
[68.9s] decode scale-diverse-009-001-counterfactual
Case scale-diverse-009-001-counterfactual: answered
Case 13/46: scale-diverse-009-003-base
Case scale-diverse-009-003-base: answered
Case 14/46: scale-diverse-009-003-counterfactual
Case scale-diverse-009-003-counterfactual: answered
Case 15/46: scale-diverse-010-001-base
Case scale-diverse-010-001-base: answered
Case 16/46: scale-diverse-010-001-counterfactual
Case scale-diverse-010-001-counterfactual: answered
Case 17/46: scale-diverse-010-004-base
Case scale-diverse-010-004-base: answered
Case 18/46: scale-diverse-010-004-counterfactual
[84.2s] decode scale-diverse-010-004-counterfactual
Case scale-diverse-010-004-counterfactual: answered
Case 19/46: scale-diverse-011-004-base
Case scale-diverse-011-004-base: answered
Case 20/46: scale-diverse-011-004-counterfactual
Case scale-diverse-011-004-counterfactual: answered
Case 21/46: scale-diverse-079-001-base
Case scale-diverse-079-001-base: answered
Case 22/46: scale-diverse-079-001-counterfactual
[103.9s] decode scale-diverse-079-001-counterfactual
Case scale-diverse-079-001-counterfactual: answered
Case 23/46: scale-diverse-079-002-base
Case scale-diverse-079-002-base: answered
Case 24/46: scale-diverse-079-002-counterfactual
Case scale-diverse-079-002-counterfactual: answered
Case 25/46: scale-diverse-079-003-base
[123.6s] decode scale-diverse-079-003-base
Case scale-diverse-079-003-base: answered
Case 26/46: scale-diverse-079-003-counterfactual
Case scale-diverse-079-003-counterfactual: answered
Case 27/46: scale-diverse-080-003-base
Case scale-diverse-080-003-base: answered
Case 28/46: scale-diverse-080-003-counterfactual
[139.4s] decode scale-diverse-080-003-counterfactual
Case scale-diverse-080-003-counterfactual: answered
Case 29/46: scale-diverse-081-005-base
Case scale-diverse-081-005-base: answered
Case 30/46: scale-diverse-081-005-counterfactual
Case scale-diverse-081-005-counterfactual: answered
Case 31/46: scale-diverse-082-004-base
Case scale-diverse-082-004-base: answered
Case 32/46: scale-diverse-082-004-counterfactual
Case scale-diverse-082-004-counterfactual: answered
Case 33/46: scale-diverse-083-004-base
[158.0s] decode scale-diverse-083-004-base
Case scale-diverse-083-004-base: answered
Case 34/46: scale-diverse-083-004-counterfactual
Case scale-diverse-083-004-counterfactual: answered
Case 35/46: scale-diverse-084-002-base
Case scale-diverse-084-002-base: answered
Case 36/46: scale-diverse-084-002-counterfactual
Case scale-diverse-084-002-counterfactual: answered
Case 37/46: scale-diverse-084-003-base
[175.1s] decode scale-diverse-084-003-base
Case scale-diverse-084-003-base: answered
Case 38/46: scale-diverse-084-003-counterfactual
Case scale-diverse-084-003-counterfactual: answered
Case 39/46: scale-diverse-084-004-base
Case scale-diverse-084-004-base: answered
Case 40/46: scale-diverse-084-004-counterfactual
Case scale-diverse-084-004-counterfactual: answered
Case 41/46: scale-diverse-097-002-base
[194.5s] decode scale-diverse-097-002-base
Case scale-diverse-097-002-base: answered
Case 42/46: scale-diverse-097-002-counterfactual
Case scale-diverse-097-002-counterfactual: answered
Case 43/46: scale-diverse-097-005-base
Case scale-diverse-097-005-base: answered
Case 44/46: scale-diverse-097-005-counterfactual
[212.5s] decode scale-diverse-097-005-counterfactual
Case scale-diverse-097-005-counterfactual: answered
Case 45/46: scale-diverse-099-001-base
Case scale-diverse-099-001-base: answered
Case 46/46: scale-diverse-099-001-counterfactual
Case scale-diverse-099-001-counterfactual: answered
