Read bounded local reference inputs and frozen identities; reference numerical outputs are not deserialized.
Loading verified local model for 46 case(s), backend=cuda, length_policy=LayaCompatible.
capture 1/46: fast-43-diverse-079-056-base
capture 2/46: fast-43-diverse-079-056-counterfactual
capture 3/46: fast-43-diverse-079-057-base
capture 4/46: fast-43-diverse-079-057-counterfactual
capture 5/46: fast-43-diverse-079-058-base
capture 6/46: fast-43-diverse-079-058-counterfactual
capture 7/46: fast-43-diverse-079-059-base
capture 8/46: fast-43-diverse-079-059-counterfactual
capture 9/46: fast-43-diverse-079-060-base
capture 10/46: fast-43-diverse-079-060-counterfactual
capture 11/46: fast-43-diverse-081-014-base
capture 12/46: fast-43-diverse-081-014-counterfactual
capture 13/46: fast-43-diverse-081-016-base
capture 14/46: fast-43-diverse-081-016-counterfactual
capture 15/46: fast-43-diverse-081-019-base
capture 16/46: fast-43-diverse-081-019-counterfactual
capture 17/46: fast-43-diverse-081-022-base
capture 18/46: fast-43-diverse-081-022-counterfactual
capture 19/46: fast-43-diverse-169-012-base
capture 20/46: fast-43-diverse-169-012-counterfactual
capture 21/46: fast-43-diverse-169-020-base
capture 22/46: fast-43-diverse-169-020-counterfactual
capture 23/46: fast-43-diverse-169-023-base
capture 24/46: fast-43-diverse-169-023-counterfactual
capture 25/46: fast-43-diverse-169-024-base
capture 26/46: fast-43-diverse-169-024-counterfactual
capture 27/46: fast-43-diverse-169-053-base
capture 28/46: fast-43-diverse-169-053-counterfactual
capture 29/46: fast-43-diverse-169-064-base
capture 30/46: fast-43-diverse-169-064-counterfactual
capture 31/46: fast-43-diverse-169-065-base
capture 32/46: fast-43-diverse-169-065-counterfactual
capture 33/46: fast-43-diverse-169-066-base
capture 34/46: fast-43-diverse-169-066-counterfactual
capture 35/46: fast-43-diverse-169-068-base
capture 36/46: fast-43-diverse-169-068-counterfactual
capture 37/46: fast-43-diverse-169-070-base
capture 38/46: fast-43-diverse-169-070-counterfactual
capture 39/46: fast-43-diverse-169-071-base
capture 40/46: fast-43-diverse-169-071-counterfactual
capture 41/46: fast-43-diverse-169-085-base
capture 42/46: fast-43-diverse-169-085-counterfactual
capture 43/46: fast-43-diverse-169-087-base
capture 44/46: fast-43-diverse-169-087-counterfactual
capture 45/46: fast-43-diverse-169-097-base
capture 46/46: fast-43-diverse-169-097-counterfactual
completed: 46/46 selected rows; D:\source\Sezika\.artifacts\s346-20260926\nimble-full\batch-006\actual\capture.json
