[0.0s] parse JSON properties
[19.1s] verify FP32 model parameters
Case 1/46: fast-41-diverse-082-006-base
Case fast-41-diverse-082-006-base: answered
Case 2/46: fast-41-diverse-082-006-counterfactual
Case fast-41-diverse-082-006-counterfactual: answered
Case 3/46: fast-41-diverse-084-006-base
Case fast-41-diverse-084-006-base: answered
Case 4/46: fast-41-diverse-084-006-counterfactual
[35.7s] decode fast-41-diverse-084-006-counterfactual
Case fast-41-diverse-084-006-counterfactual: answered
Case 5/46: fast-41-diverse-099-001-base
Case fast-41-diverse-099-001-base: answered
Case 6/46: fast-41-diverse-099-001-counterfactual
Case fast-41-diverse-099-001-counterfactual: answered
Case 7/46: fast-41-diverse-099-003-base
Case fast-41-diverse-099-003-base: answered
Case 8/46: fast-41-diverse-099-003-counterfactual
Case fast-41-diverse-099-003-counterfactual: answered
Case 9/46: fast-41-diverse-099-008-base
[51.3s] decode fast-41-diverse-099-008-base
Case fast-41-diverse-099-008-base: answered
Case 10/46: fast-41-diverse-099-008-counterfactual
Case fast-41-diverse-099-008-counterfactual: answered
Case 11/46: fast-41-diverse-171-001-base
Case fast-41-diverse-171-001-base: answered
Case 12/46: fast-41-diverse-171-001-counterfactual
Case fast-41-diverse-171-001-counterfactual: answered
Case 13/46: fast-41-diverse-171-003-base
Case fast-41-diverse-171-003-base: answered
Case 14/46: fast-41-diverse-171-003-counterfactual
Case fast-41-diverse-171-003-counterfactual: answered
Case 15/46: fast-41-diverse-171-004-base
[66.7s] decode fast-41-diverse-171-004-base
Case fast-41-diverse-171-004-base: answered
Case 16/46: fast-41-diverse-171-004-counterfactual
Case fast-41-diverse-171-004-counterfactual: answered
Case 17/46: fast-41-diverse-171-006-base
Case fast-41-diverse-171-006-base: answered
Case 18/46: fast-41-diverse-171-006-counterfactual
Case fast-41-diverse-171-006-counterfactual: answered
Case 19/46: fast-41-diverse-171-007-base
Case fast-41-diverse-171-007-base: answered
Case 20/46: fast-41-diverse-171-007-counterfactual
Case fast-41-diverse-171-007-counterfactual: answered
Case 21/46: fast-41-diverse-171-008-base
Case fast-41-diverse-171-008-base: answered
Case 22/46: fast-41-diverse-171-008-counterfactual
[82.9s] decode fast-41-diverse-171-008-counterfactual
Case fast-41-diverse-171-008-counterfactual: answered
Case 23/46: fast-41-diverse-174-001-base
Case fast-41-diverse-174-001-base: answered
Case 24/46: fast-41-diverse-174-001-counterfactual
Case fast-41-diverse-174-001-counterfactual: answered
Case 25/46: fast-41-diverse-174-005-base
Case fast-41-diverse-174-005-base: answered
Case 26/46: fast-41-diverse-174-005-counterfactual
Case fast-41-diverse-174-005-counterfactual: answered
Case 27/46: fast-41-diverse-174-007-base
[101.1s] decode fast-41-diverse-174-007-base
Case fast-41-diverse-174-007-base: answered
Case 28/46: fast-41-diverse-174-007-counterfactual
Case fast-41-diverse-174-007-counterfactual: answered
Case 29/46: fast-41-diverse-211-018-base
Case fast-41-diverse-211-018-base: answered
Case 30/46: fast-41-diverse-211-018-counterfactual
Case fast-41-diverse-211-018-counterfactual: answered
Case 31/46: fast-41-diverse-211-020-base
[120.2s] decode fast-41-diverse-211-020-base
Case fast-41-diverse-211-020-base: answered
Case 32/46: fast-41-diverse-211-020-counterfactual
Case fast-41-diverse-211-020-counterfactual: answered
Case 33/46: fast-41-diverse-212-023-base
Case fast-41-diverse-212-023-base: answered
Case 34/46: fast-41-diverse-212-023-counterfactual
Case fast-41-diverse-212-023-counterfactual: answered
Case 35/46: fast-41-diverse-212-028-base
[135.5s] decode fast-41-diverse-212-028-base
Case fast-41-diverse-212-028-base: answered
Case 36/46: fast-41-diverse-212-028-counterfactual
Case fast-41-diverse-212-028-counterfactual: answered
Case 37/46: fast-41-diverse-212-032-base
Case fast-41-diverse-212-032-base: answered
Case 38/46: fast-41-diverse-212-032-counterfactual
Case fast-41-diverse-212-032-counterfactual: answered
Case 39/46: fast-41-diverse-212-034-base
Case fast-41-diverse-212-034-base: answered
Case 40/46: fast-41-diverse-212-034-counterfactual
[152.0s] decode fast-41-diverse-212-034-counterfactual
Case fast-41-diverse-212-034-counterfactual: answered
Case 41/46: fast-41-diverse-212-037-base
Case fast-41-diverse-212-037-base: answered
Case 42/46: fast-41-diverse-212-037-counterfactual
Case fast-41-diverse-212-037-counterfactual: answered
Case 43/46: fast-41-diverse-212-042-base
Case fast-41-diverse-212-042-base: answered
Case 44/46: fast-41-diverse-212-042-counterfactual
[167.2s] decode fast-41-diverse-212-042-counterfactual
Case fast-41-diverse-212-042-counterfactual: answered
Case 45/46: fast-41-diverse-212-045-base
Case fast-41-diverse-212-045-base: answered
Case 46/46: fast-41-diverse-212-045-counterfactual
Case fast-41-diverse-212-045-counterfactual: answered
