Read bounded local reference inputs and frozen identities; reference numerical outputs are not deserialized.
Loading verified local model for 46 case(s), backend=cuda, length_policy=LayaCompatible.
capture 1/46: fast-41-diverse-212-059-base
capture 2/46: fast-41-diverse-212-059-counterfactual
capture 3/46: fast-41-diverse-213-001-base
capture 4/46: fast-41-diverse-213-001-counterfactual
capture 5/46: fast-41-diverse-213-016-base
capture 6/46: fast-41-diverse-213-016-counterfactual
capture 7/46: fast-41-diverse-216-009-base
capture 8/46: fast-41-diverse-216-009-counterfactual
capture 9/46: fast-41-diverse-273-007-base
capture 10/46: fast-41-diverse-273-007-counterfactual
capture 11/46: fast-41-diverse-273-008-base
capture 12/46: fast-41-diverse-273-008-counterfactual
capture 13/46: fast-41-diverse-274-002-base
capture 14/46: fast-41-diverse-274-002-counterfactual
capture 15/46: fast-41-diverse-274-004-base
capture 16/46: fast-41-diverse-274-004-counterfactual
capture 17/46: fast-41-diverse-275-013-base
capture 18/46: fast-41-diverse-275-013-counterfactual
capture 19/46: fast-43-diverse-007-002-base
capture 20/46: fast-43-diverse-007-002-counterfactual
capture 21/46: fast-43-diverse-007-012-base
capture 22/46: fast-43-diverse-007-012-counterfactual
capture 23/46: fast-43-diverse-008-010-base
capture 24/46: fast-43-diverse-008-010-counterfactual
capture 25/46: fast-43-diverse-010-001-base
capture 26/46: fast-43-diverse-010-001-counterfactual
capture 27/46: fast-43-diverse-079-003-base
capture 28/46: fast-43-diverse-079-003-counterfactual
capture 29/46: fast-43-diverse-079-015-base
capture 30/46: fast-43-diverse-079-015-counterfactual
capture 31/46: fast-43-diverse-079-019-base
capture 32/46: fast-43-diverse-079-019-counterfactual
capture 33/46: fast-43-diverse-079-022-base
capture 34/46: fast-43-diverse-079-022-counterfactual
capture 35/46: fast-43-diverse-079-023-base
capture 36/46: fast-43-diverse-079-023-counterfactual
capture 37/46: fast-43-diverse-079-037-base
capture 38/46: fast-43-diverse-079-037-counterfactual
capture 39/46: fast-43-diverse-079-045-base
capture 40/46: fast-43-diverse-079-045-counterfactual
capture 41/46: fast-43-diverse-079-046-base
capture 42/46: fast-43-diverse-079-046-counterfactual
capture 43/46: fast-43-diverse-079-054-base
capture 44/46: fast-43-diverse-079-054-counterfactual
capture 45/46: fast-43-diverse-079-055-base
capture 46/46: fast-43-diverse-079-055-counterfactual
completed: 46/46 selected rows; D:\source\Sezika\.artifacts\s346-20260926\nimble-full\batch-005\actual\capture.json
