[0.0s] parse JSON properties
[19.0s] verify FP32 model parameters
Case 1/46: scale-diverse-099-002-base
Case scale-diverse-099-002-base: answered
Case 2/46: scale-diverse-099-002-counterfactual
Case scale-diverse-099-002-counterfactual: answered
Case 3/46: scale-diverse-099-003-base
Case scale-diverse-099-003-base: answered
Case 4/46: scale-diverse-099-003-counterfactual
Case scale-diverse-099-003-counterfactual: answered
Case 5/46: scale-diverse-169-001-base
[39.8s] decode scale-diverse-169-001-base
Case scale-diverse-169-001-base: answered
Case 6/46: scale-diverse-169-001-counterfactual
Case scale-diverse-169-001-counterfactual: answered
Case 7/46: scale-diverse-169-002-base
[55.8s] decode scale-diverse-169-002-base
Case scale-diverse-169-002-base: answered
Case 8/46: scale-diverse-169-002-counterfactual
Case scale-diverse-169-002-counterfactual: answered
Case 9/46: scale-diverse-169-004-base
Case scale-diverse-169-004-base: answered
Case 10/46: scale-diverse-169-004-counterfactual
Case scale-diverse-169-004-counterfactual: answered
Case 11/46: scale-diverse-171-001-base
[71.5s] decode scale-diverse-171-001-base
Case scale-diverse-171-001-base: answered
Case 12/46: scale-diverse-171-001-counterfactual
Case scale-diverse-171-001-counterfactual: answered
Case 13/46: scale-diverse-171-002-base
Case scale-diverse-171-002-base: answered
Case 14/46: scale-diverse-171-002-counterfactual
Case scale-diverse-171-002-counterfactual: answered
Case 15/46: scale-diverse-173-001-base
Case scale-diverse-173-001-base: answered
Case 16/46: scale-diverse-173-001-counterfactual
[88.1s] decode scale-diverse-173-001-counterfactual
Case scale-diverse-173-001-counterfactual: answered
Case 17/46: scale-diverse-173-002-base
Case scale-diverse-173-002-base: answered
Case 18/46: scale-diverse-173-002-counterfactual
Case scale-diverse-173-002-counterfactual: answered
Case 19/46: scale-diverse-173-004-base
[104.6s] decode scale-diverse-173-004-base
Case scale-diverse-173-004-base: answered
Case 20/46: scale-diverse-173-004-counterfactual
Case scale-diverse-173-004-counterfactual: answered
Case 21/46: scale-diverse-174-003-base
Case scale-diverse-174-003-base: answered
Case 22/46: scale-diverse-174-003-counterfactual
[119.7s] decode scale-diverse-174-003-counterfactual
Case scale-diverse-174-003-counterfactual: answered
Case 23/46: scale-diverse-174-004-base
Case scale-diverse-174-004-base: answered
Case 24/46: scale-diverse-174-004-counterfactual
Case scale-diverse-174-004-counterfactual: answered
Case 25/46: scale-diverse-211-004-base
Case scale-diverse-211-004-base: answered
Case 26/46: scale-diverse-211-004-counterfactual
[138.0s] decode scale-diverse-211-004-counterfactual
Case scale-diverse-211-004-counterfactual: answered
Case 27/46: scale-diverse-211-006-base
Case scale-diverse-211-006-base: answered
Case 28/46: scale-diverse-211-006-counterfactual
Case scale-diverse-211-006-counterfactual: answered
Case 29/46: scale-diverse-213-001-base
Case scale-diverse-213-001-base: answered
Case 30/46: scale-diverse-213-001-counterfactual
[153.5s] decode scale-diverse-213-001-counterfactual
Case scale-diverse-213-001-counterfactual: answered
Case 31/46: scale-diverse-213-003-base
Case scale-diverse-213-003-base: answered
Case 32/46: scale-diverse-213-003-counterfactual
Case scale-diverse-213-003-counterfactual: answered
Case 33/46: scale-diverse-214-003-base
Case scale-diverse-214-003-base: answered
Case 34/46: scale-diverse-214-003-counterfactual
Case scale-diverse-214-003-counterfactual: answered
Case 35/46: scale-diverse-215-003-base
[171.6s] decode scale-diverse-215-003-base
Case scale-diverse-215-003-base: answered
Case 36/46: scale-diverse-215-003-counterfactual
Case scale-diverse-215-003-counterfactual: answered
Case 37/46: scale-diverse-215-004-base
Case scale-diverse-215-004-base: answered
Case 38/46: scale-diverse-215-004-counterfactual
Case scale-diverse-215-004-counterfactual: answered
Case 39/46: scale-diverse-216-005-base
[191.0s] decode scale-diverse-216-005-base
Case scale-diverse-216-005-base: answered
Case 40/46: scale-diverse-216-005-counterfactual
Case scale-diverse-216-005-counterfactual: answered
Case 41/46: scale-diverse-273-001-base
Case scale-diverse-273-001-base: answered
Case 42/46: scale-diverse-273-001-counterfactual
Case scale-diverse-273-001-counterfactual: answered
Case 43/46: scale-diverse-273-003-base
[210.5s] decode scale-diverse-273-003-base
Case scale-diverse-273-003-base: answered
Case 44/46: scale-diverse-273-003-counterfactual
Case scale-diverse-273-003-counterfactual: answered
Case 45/46: scale-diverse-274-004-base
Case scale-diverse-274-004-base: answered
Case 46/46: scale-diverse-274-004-counterfactual
Case scale-diverse-274-004-counterfactual: answered
