Read bounded local reference inputs and frozen identities; reference numerical outputs are not deserialized.
Loading verified local model for 46 case(s), backend=cuda, length_policy=LayaCompatible.
capture 1/46: fast-41-diverse-082-006-base
capture 2/46: fast-41-diverse-082-006-counterfactual
capture 3/46: fast-41-diverse-084-006-base
capture 4/46: fast-41-diverse-084-006-counterfactual
capture 5/46: fast-41-diverse-099-001-base
capture 6/46: fast-41-diverse-099-001-counterfactual
capture 7/46: fast-41-diverse-099-003-base
capture 8/46: fast-41-diverse-099-003-counterfactual
capture 9/46: fast-41-diverse-099-008-base
capture 10/46: fast-41-diverse-099-008-counterfactual
capture 11/46: fast-41-diverse-171-001-base
capture 12/46: fast-41-diverse-171-001-counterfactual
capture 13/46: fast-41-diverse-171-003-base
capture 14/46: fast-41-diverse-171-003-counterfactual
capture 15/46: fast-41-diverse-171-004-base
capture 16/46: fast-41-diverse-171-004-counterfactual
capture 17/46: fast-41-diverse-171-006-base
capture 18/46: fast-41-diverse-171-006-counterfactual
capture 19/46: fast-41-diverse-171-007-base
capture 20/46: fast-41-diverse-171-007-counterfactual
capture 21/46: fast-41-diverse-171-008-base
capture 22/46: fast-41-diverse-171-008-counterfactual
capture 23/46: fast-41-diverse-174-001-base
capture 24/46: fast-41-diverse-174-001-counterfactual
capture 25/46: fast-41-diverse-174-005-base
capture 26/46: fast-41-diverse-174-005-counterfactual
capture 27/46: fast-41-diverse-174-007-base
capture 28/46: fast-41-diverse-174-007-counterfactual
capture 29/46: fast-41-diverse-211-018-base
capture 30/46: fast-41-diverse-211-018-counterfactual
capture 31/46: fast-41-diverse-211-020-base
capture 32/46: fast-41-diverse-211-020-counterfactual
capture 33/46: fast-41-diverse-212-023-base
capture 34/46: fast-41-diverse-212-023-counterfactual
capture 35/46: fast-41-diverse-212-028-base
capture 36/46: fast-41-diverse-212-028-counterfactual
capture 37/46: fast-41-diverse-212-032-base
capture 38/46: fast-41-diverse-212-032-counterfactual
capture 39/46: fast-41-diverse-212-034-base
capture 40/46: fast-41-diverse-212-034-counterfactual
capture 41/46: fast-41-diverse-212-037-base
capture 42/46: fast-41-diverse-212-037-counterfactual
capture 43/46: fast-41-diverse-212-042-base
capture 44/46: fast-41-diverse-212-042-counterfactual
capture 45/46: fast-41-diverse-212-045-base
capture 46/46: fast-41-diverse-212-045-counterfactual
completed: 46/46 selected rows; D:\source\Sezika\.artifacts\s346-20260926\nimble-full\batch-004\actual\capture.json
