PASS: continuation contract executes in Native AOT
PASS: independent manifest accepts fixed numerical contract without allocating weights
PASS: independent manifest rejects mutation "head_count": 12
PASS: independent manifest rejects mutation "global_attention_every": 3
PASS: independent manifest rejects mutation "local_attention": 128
PASS: independent manifest rejects mutation "global_rope_theta": 160000
PASS: independent manifest rejects mutation "local_rope_theta": 160000
PASS: independent manifest rejects mutation "norm_epsilon": 1e-5
PASS: independent manifest rejects mutation "runtime_max_tokens": 1024
PASS: independent manifest rejects mutation "hidden_size": 768
PASS: independent manifest rejects mutation "vocab_size": 256000
PASS: independent manifest rejects mutation "intermediate_size": 1152
PASS: independent manifest rejects mutation "layer_count": 22
PASS: independent manifest rejects mutation "source_max_position_embeddings": 8192
PASS: independent manifest rejects mutation "weights_file": "encoder.safetensors"
PASS: independent manifest rejects mutation "tokenizer_file": "tokenizer/tokenizer.json"
PASS: independent manifest rejects mutation "tensor_prefix": "model."
PASS: independent manifest rejects mutation "rows": 3
PASS: independent manifest rejects mutation "status": "uncalibrated"
PASS: independent manifest rejects mutation "head_count": 12
PASS: independent manifest rejects mutation "schema_version": 1
PASS: independent manifest rejects mutation "schema_version": 1
PASS: independent manifest rejects mutation "schema_version": 1
PASS: independent manifest rejects mutation "head_count": 12,
PASS: missing independent identity rejected
PASS: malformed independent manifest returns structured error
PASS: transposed independent matrix rejected even with identical element count
PASS: first independent attention norm is identity
PASS: noncanonical independent layer name rejected
PASS: independent dtype mismatch rejected
PASS: complete independent 134 tensor layout accepted without payload allocation
PASS: independent load honours pre-cancellation before file access
PASS: independent path remains within package
PASS: independent traversal rejected
PASS: independent absolute asset path rejected
PASS: calibration abstention preserves full-split accuracy and macro F1
PASS: calibration ECE includes abstained examples in frozen denominator
PASS: calibration covered count and selective metrics use answered denominator
PASS: Boolean negative recall uses all false gold examples
PASS: zero coverage exposes undefined selective accuracy
PASS: Boolean no-negative slice exposes undefined negative recall
PASS: Score MAE uses ordinal expected value rather than argmax
PASS: null probability array is structured calibration error
PASS: null example is structured calibration error
PASS: Boolean rejects nonbinary class count
PASS: nonfinite probability is structured calibration error
PASS: calibration evaluation cancellation
PASS: calibration evaluation wall-clock limit
PASS: calibration evaluation rejects unbounded duration
PASS: temperature search bounded tiny trial reports complete progress
PASS: temperature search includes identity omitted by coarse grid
PASS: temperature search preserves exact-zero support at finite extreme temperature
PASS: temperature fitting cancellation
PASS: temperature fitting wall-clock limit
PASS: confidence interval rejects overflowing finite aggregate
PASS: complete synthetic verified snapshot exercises gates without certifying real model
PASS: verified profile requires random baseline delta
PASS: verified profile requires majority baseline delta
PASS: nonfinite delta cannot bypass profile quality gate
PASS: fit split cannot replace sealed evaluation split
PASS: verified Score requires MAE
PASS: majority baseline delta must meet frozen gate
PASS: rejected profile retains finite failed measurements for audit
PASS: verified manifest cannot contain pending profiles
Sezika continuation contract checks passed: 64
