  正在确定要还原的项目…
  已还原 D:\source\Sezika\tests\Sezika.Tests\Sezika.Tests.csproj (用时 156 毫秒)。
  已还原 D:\source\Sezika\src\Sezika\Sezika.csproj (用时 228 毫秒)。
  19 个项目(共 21 个)是最新的，无法还原。
  Sezika -> D:\source\Sezika\src\Sezika\bin\Release\net10.0\Sezika.dll
  Sezika.Cpu.Smoke -> D:\source\Sezika\samples\Sezika.Cpu.Smoke\bin\Release\net10.0\Sezika.Cpu.Smoke.dll
  Sezika.Cuda -> D:\source\Sezika\src\Sezika.Cuda\bin\Release\net10.0\Sezika.Cuda.dll
  Sezika.Cuda.Smoke -> D:\source\Sezika\samples\Sezika.Cuda.Smoke\bin\Release\net10.0\Sezika.Cuda.Smoke.dll
  Sezika.RealModel.Smoke -> D:\source\Sezika\samples\Sezika.RealModel.Smoke\bin\Release\net10.0\Sezika.RealModel.Smoke.dll
  Sezika.Cli -> D:\source\Sezika\src\Sezika.Cli\bin\Release\net10.0\Sezika.Cli.dll
  Sezika.Kernels -> D:\source\Sezika\src\Sezika.Kernels\bin\Release\net10.0\Sezika.Kernels.dll
  Sezika.Cuda.Diagnostics.Tests -> D:\source\Sezika\tests\Sezika.Cuda.Diagnostics.Tests\bin\Release\net10.0\Sezika.Cuda.Diagnostics.Tests.dll
  Sezika.Resources.Tests -> D:\source\Sezika\tests\Sezika.Resources.Tests\bin\Release\net10.0\Sezika.Resources.Tests.dll
  Sezika.Tests -> D:\source\Sezika\tests\Sezika.Tests\bin\Release\net10.0\Sezika.Tests.dll
  Sezika.Benchmarks -> D:\source\Sezika\tools\Sezika.Benchmarks\bin\Release\net10.0\Sezika.Benchmarks.dll
  Sezika.Coverage -> D:\source\Sezika\tools\Sezika.Coverage\bin\Release\net10.0\Sezika.Coverage.dll
  Sezika.DatasetTool -> D:\source\Sezika\tools\Sezika.DatasetTool\bin\Release\net10.0\Sezika.DatasetTool.dll
  Sezika.Evaluation -> D:\source\Sezika\tools\Sezika.Evaluation\bin\Release\net10.0\Sezika.Evaluation.dll
  Sezika.IndependentModelTool -> D:\source\Sezika\tools\Sezika.IndependentModelTool\bin\Release\net10.0\Sezika.IndependentModelTool.dll
  Sezika.KernelCompiler -> D:\source\Sezika\tools\Sezika.KernelCompiler\bin\Release\net10.0\Sezika.KernelCompiler.dll
  Sezika.ModelTool -> D:\source\Sezika\tools\Sezika.ModelTool\bin\Release\net10.0\Sezika.ModelTool.dll
  Sezika.NumericParity -> D:\source\Sezika\tools\Sezika.NumericParity\bin\Release\net10.0\Sezika.NumericParity.dll
  Sezika.OracleCapture -> D:\source\Sezika\tools\Sezika.OracleCapture\bin\Release\net10.0\Sezika.OracleCapture.dll
  Sezika.OracleCompare -> D:\source\Sezika\tools\Sezika.OracleCompare\bin\Release\net10.0\Sezika.OracleCompare.dll
  Sezika.TeacherTool -> D:\source\Sezika\tools\Sezika.TeacherTool\bin\Release\net10.0\Sezika.TeacherTool.dll

已成功生成。
    0 个警告
    0 个错误

已用时间 00:00:10.73
