[0.0s] parse JSON properties
[18.6s] verify FP32 model parameters
Case 1/46: fast-43-diverse-169-099-base
Case fast-43-diverse-169-099-base: answered
Case 2/46: fast-43-diverse-169-099-counterfactual
Case fast-43-diverse-169-099-counterfactual: answered
Case 3/46: fast-43-diverse-171-001-base
Case fast-43-diverse-171-001-base: answered
Case 4/46: fast-43-diverse-171-001-counterfactual
[34.0s] decode fast-43-diverse-171-001-counterfactual
Case fast-43-diverse-171-001-counterfactual: answered
Case 5/46: fast-43-diverse-171-002-base
Case fast-43-diverse-171-002-base: answered
Case 6/46: fast-43-diverse-171-002-counterfactual
Case fast-43-diverse-171-002-counterfactual: answered
Case 7/46: fast-43-diverse-171-003-base
Case fast-43-diverse-171-003-base: answered
Case 8/46: fast-43-diverse-171-003-counterfactual
Case fast-43-diverse-171-003-counterfactual: answered
Case 9/46: fast-43-diverse-171-004-base
Case fast-43-diverse-171-004-base: answered
Case 10/46: fast-43-diverse-171-004-counterfactual
Case fast-43-diverse-171-004-counterfactual: answered
Case 11/46: fast-43-diverse-171-006-base
[49.6s] decode fast-43-diverse-171-006-base
Case fast-43-diverse-171-006-base: answered
Case 12/46: fast-43-diverse-171-006-counterfactual
Case fast-43-diverse-171-006-counterfactual: answered
Case 13/46: fast-43-diverse-171-008-base
Case fast-43-diverse-171-008-base: answered
Case 14/46: fast-43-diverse-171-008-counterfactual
Case fast-43-diverse-171-008-counterfactual: answered
Case 15/46: fast-43-diverse-171-010-base
Case fast-43-diverse-171-010-base: answered
Case 16/46: fast-43-diverse-171-010-counterfactual
Case fast-43-diverse-171-010-counterfactual: answered
Case 17/46: fast-43-diverse-171-012-base
Case fast-43-diverse-171-012-base: answered
Case 18/46: fast-43-diverse-171-012-counterfactual
Case fast-43-diverse-171-012-counterfactual: answered
Case 19/46: fast-43-diverse-171-013-base
[65.9s] decode fast-43-diverse-171-013-base
Case fast-43-diverse-171-013-base: answered
Case 20/46: fast-43-diverse-171-013-counterfactual
Case fast-43-diverse-171-013-counterfactual: answered
Case 21/46: fast-43-diverse-171-015-base
Case fast-43-diverse-171-015-base: answered
Case 22/46: fast-43-diverse-171-015-counterfactual
Case fast-43-diverse-171-015-counterfactual: answered
Case 23/46: fast-43-diverse-171-016-base
Case fast-43-diverse-171-016-base: answered
Case 24/46: fast-43-diverse-171-016-counterfactual
Case fast-43-diverse-171-016-counterfactual: answered
Case 25/46: fast-43-diverse-174-001-base
[81.1s] decode fast-43-diverse-174-001-base
Case fast-43-diverse-174-001-base: answered
Case 26/46: fast-43-diverse-174-001-counterfactual
Case fast-43-diverse-174-001-counterfactual: answered
Case 27/46: fast-43-diverse-174-005-base
Case fast-43-diverse-174-005-base: answered
Case 28/46: fast-43-diverse-174-005-counterfactual
Case fast-43-diverse-174-005-counterfactual: answered
Case 29/46: fast-43-diverse-174-006-base
[97.6s] decode fast-43-diverse-174-006-base
Case fast-43-diverse-174-006-base: answered
Case 30/46: fast-43-diverse-174-006-counterfactual
Case fast-43-diverse-174-006-counterfactual: answered
Case 31/46: fast-43-diverse-174-007-base
Case fast-43-diverse-174-007-base: answered
Case 32/46: fast-43-diverse-174-007-counterfactual
Case fast-43-diverse-174-007-counterfactual: answered
Case 33/46: fast-43-diverse-174-008-base
[113.5s] decode fast-43-diverse-174-008-base
Case fast-43-diverse-174-008-base: answered
Case 34/46: fast-43-diverse-174-008-counterfactual
Case fast-43-diverse-174-008-counterfactual: answered
Case 35/46: fast-43-diverse-174-009-base
Case fast-43-diverse-174-009-base: answered
Case 36/46: fast-43-diverse-174-009-counterfactual
Case fast-43-diverse-174-009-counterfactual: answered
Case 37/46: fast-43-diverse-174-010-base
[129.4s] decode fast-43-diverse-174-010-base
Case fast-43-diverse-174-010-base: answered
Case 38/46: fast-43-diverse-174-010-counterfactual
Case fast-43-diverse-174-010-counterfactual: answered
Case 39/46: fast-43-diverse-174-011-base
Case fast-43-diverse-174-011-base: answered
Case 40/46: fast-43-diverse-174-011-counterfactual
Case fast-43-diverse-174-011-counterfactual: answered
Case 41/46: fast-43-diverse-215-039-base
[145.6s] decode fast-43-diverse-215-039-base
Case fast-43-diverse-215-039-base: answered
Case 42/46: fast-43-diverse-215-039-counterfactual
Case fast-43-diverse-215-039-counterfactual: answered
Case 43/46: fast-43-diverse-272-004-base
Case fast-43-diverse-272-004-base: answered
Case 44/46: fast-43-diverse-272-004-counterfactual
Case fast-43-diverse-272-004-counterfactual: answered
Case 45/46: fast-43-diverse-272-009-base
[162.7s] decode fast-43-diverse-272-009-base
Case fast-43-diverse-272-009-base: answered
Case 46/46: fast-43-diverse-272-009-counterfactual
Case fast-43-diverse-272-009-counterfactual: answered
