Read bounded local reference inputs and frozen identities; reference numerical outputs are not deserialized.
Loading verified local model for 46 case(s), backend=cuda, length_policy=LayaCompatible.
capture 1/46: fast-43-diverse-169-099-base
capture 2/46: fast-43-diverse-169-099-counterfactual
capture 3/46: fast-43-diverse-171-001-base
capture 4/46: fast-43-diverse-171-001-counterfactual
capture 5/46: fast-43-diverse-171-002-base
capture 6/46: fast-43-diverse-171-002-counterfactual
capture 7/46: fast-43-diverse-171-003-base
capture 8/46: fast-43-diverse-171-003-counterfactual
capture 9/46: fast-43-diverse-171-004-base
capture 10/46: fast-43-diverse-171-004-counterfactual
capture 11/46: fast-43-diverse-171-006-base
capture 12/46: fast-43-diverse-171-006-counterfactual
capture 13/46: fast-43-diverse-171-008-base
capture 14/46: fast-43-diverse-171-008-counterfactual
capture 15/46: fast-43-diverse-171-010-base
capture 16/46: fast-43-diverse-171-010-counterfactual
capture 17/46: fast-43-diverse-171-012-base
capture 18/46: fast-43-diverse-171-012-counterfactual
capture 19/46: fast-43-diverse-171-013-base
capture 20/46: fast-43-diverse-171-013-counterfactual
capture 21/46: fast-43-diverse-171-015-base
capture 22/46: fast-43-diverse-171-015-counterfactual
capture 23/46: fast-43-diverse-171-016-base
capture 24/46: fast-43-diverse-171-016-counterfactual
capture 25/46: fast-43-diverse-174-001-base
capture 26/46: fast-43-diverse-174-001-counterfactual
capture 27/46: fast-43-diverse-174-005-base
capture 28/46: fast-43-diverse-174-005-counterfactual
capture 29/46: fast-43-diverse-174-006-base
capture 30/46: fast-43-diverse-174-006-counterfactual
capture 31/46: fast-43-diverse-174-007-base
capture 32/46: fast-43-diverse-174-007-counterfactual
capture 33/46: fast-43-diverse-174-008-base
capture 34/46: fast-43-diverse-174-008-counterfactual
capture 35/46: fast-43-diverse-174-009-base
capture 36/46: fast-43-diverse-174-009-counterfactual
capture 37/46: fast-43-diverse-174-010-base
capture 38/46: fast-43-diverse-174-010-counterfactual
capture 39/46: fast-43-diverse-174-011-base
capture 40/46: fast-43-diverse-174-011-counterfactual
capture 41/46: fast-43-diverse-215-039-base
capture 42/46: fast-43-diverse-215-039-counterfactual
capture 43/46: fast-43-diverse-272-004-base
capture 44/46: fast-43-diverse-272-004-counterfactual
capture 45/46: fast-43-diverse-272-009-base
capture 46/46: fast-43-diverse-272-009-counterfactual
completed: 46/46 selected rows; D:\source\Sezika\.artifacts\s346-20260926\nimble-remaining\batch-007\actual\capture.json
